2026-01-14 15:22:48,462 - MainThread - sqlmesh.core.config.connection - INFO - Creating new DuckDB adapter for data files: {'../data/warehouse/catalog.ducklake'} (connection.py:496)
2026-01-14 15:22:49,836 - MainThread - sqlmesh.core.config.connection - INFO - Creating new DuckDB adapter for data files: {'../data/warehouse/sqlmesh_state.db'} (connection.py:496)
2026-01-14 15:22:55,414 - MainThread - sqlmesh.core.plan.evaluator - INFO - Evaluating plan stage CreateSnapshotRecordsStage (evaluator.py:123)
2026-01-14 15:22:55,504 - MainThread - sqlmesh.core.plan.evaluator - INFO - Evaluating plan stage PhysicalLayerSchemaCreationStage (evaluator.py:123)
2026-01-14 15:22:55,509 - MainThread - sqlmesh.core.snapshot.evaluator - INFO - Creating schema 'sales_lakehouse.sqlmesh__staging' (evaluator.py:1449)
2026-01-14 15:22:55,509 - MainThread - sqlmesh.core.engine_adapter.base - INFO - Executing SQL: /* SQLMESH_PLAN: 49fae5249eca40b983fededc9d223940 */ CREATE SCHEMA IF NOT EXISTS "sales_lakehouse"."sqlmesh__staging" (base.py:2626)
2026-01-14 15:22:55,703 - MainThread - sqlmesh.core.snapshot.evaluator - INFO - Creating schema 'sales_lakehouse.sqlmesh__marts' (evaluator.py:1449)
2026-01-14 15:22:55,703 - MainThread - sqlmesh.core.engine_adapter.base - INFO - Executing SQL: /* SQLMESH_PLAN: 49fae5249eca40b983fededc9d223940 */ CREATE SCHEMA IF NOT EXISTS "sales_lakehouse"."sqlmesh__marts" (base.py:2626)
2026-01-14 15:22:55,706 - MainThread - sqlmesh.core.snapshot.evaluator - INFO - Creating schema 'sales_lakehouse.sqlmesh__raw' (evaluator.py:1449)
2026-01-14 15:22:55,706 - MainThread - sqlmesh.core.engine_adapter.base - INFO - Executing SQL: /* SQLMESH_PLAN: 49fae5249eca40b983fededc9d223940 */ CREATE SCHEMA IF NOT EXISTS "sales_lakehouse"."sqlmesh__raw" (base.py:2626)
2026-01-14 15:22:55,708 - MainThread - sqlmesh.core.snapshot.evaluator - INFO - Creating schema 'sales_lakehouse.sqlmesh__reports' (evaluator.py:1449)
2026-01-14 15:22:55,708 - MainThread - sqlmesh.core.engine_adapter.base - INFO - Executing SQL: /* SQLMESH_PLAN: 49fae5249eca40b983fededc9d223940 */ CREATE SCHEMA IF NOT EXISTS "sales_lakehouse"."sqlmesh__reports" (base.py:2626)
2026-01-14 15:22:55,711 - MainThread - sqlmesh.core.plan.evaluator - INFO - Evaluating plan stage BackfillStage (evaluator.py:123)
2026-01-14 15:22:55,718 - MainThread - sqlmesh.core.snapshot.evaluator - INFO - Listing data objects in schema sales_lakehouse.sqlmesh__marts (evaluator.py:1616)
2026-01-14 15:22:55,719 - MainThread - sqlmesh.core.engine_adapter.base - INFO - Executing SQL: /* SQLMESH_PLAN: 49fae5249eca40b983fededc9d223940 */ SELECT CURRENT_CATALOG() (base.py:2626)
2026-01-14 15:22:55,721 - MainThread - sqlmesh.core.engine_adapter.base - INFO - Executing SQL: /* SQLMESH_PLAN: 49fae5249eca40b983fededc9d223940 */ SELECT CURRENT_CATALOG() (base.py:2626)
2026-01-14 15:22:55,726 - MainThread - sqlmesh.core.engine_adapter.base - INFO - Executing SQL: /* SQLMESH_PLAN: 49fae5249eca40b983fededc9d223940 */ SELECT table_name AS name, table_schema AS schema, CASE table_type WHEN 'BASE TABLE' THEN 'table' WHEN 'VIEW' THEN 'view' WHEN 'LOCAL TEMPORARY' THEN 'table' END AS type FROM system.information_schema.tables WHERE (table_catalog = 'sales_lakehouse' AND table_schema = 'sqlmesh__marts') AND table_name IN ('marts__fact_sales__3929636099__dev', 'marts__dim_products__3937647200__dev', 'marts__dim_salesperson__1049679837__dev', 'marts__dim_clientsd__201174068__dev', 'marts__fact_targets__3818688260__dev', 'marts__dim_date__2600068558__dev') (base.py:2626)
2026-01-14 15:22:55,743 - MainThread - sqlmesh.core.snapshot.evaluator - INFO - Listing data objects in schema sales_lakehouse.sqlmesh__staging (evaluator.py:1616)
2026-01-14 15:22:55,743 - MainThread - sqlmesh.core.engine_adapter.base - INFO - Executing SQL: /* SQLMESH_PLAN: 49fae5249eca40b983fededc9d223940 */ SELECT CURRENT_CATALOG() (base.py:2626)
2026-01-14 15:22:55,745 - MainThread - sqlmesh.core.engine_adapter.base - INFO - Executing SQL: /* SQLMESH_PLAN: 49fae5249eca40b983fededc9d223940 */ SELECT CURRENT_CATALOG() (base.py:2626)
2026-01-14 15:22:55,749 - MainThread - sqlmesh.core.engine_adapter.base - INFO - Executing SQL: /* SQLMESH_PLAN: 49fae5249eca40b983fededc9d223940 */ SELECT table_name AS name, table_schema AS schema, CASE table_type WHEN 'BASE TABLE' THEN 'table' WHEN 'VIEW' THEN 'view' WHEN 'LOCAL TEMPORARY' THEN 'table' END AS type FROM system.information_schema.tables WHERE (table_catalog = 'sales_lakehouse' AND table_schema = 'sqlmesh__staging') AND table_name IN ('staging__stg_clientsd_data__127883341__dev', 'staging__stg_products_data__6856050__dev', 'staging__stg_salesteam_data__3527212438__dev', 'staging__stg_sales_data__2698024421', 'staging__stg_targets_data__1155525254__dev') (base.py:2626)
2026-01-14 15:22:55,758 - MainThread - sqlmesh.core.snapshot.evaluator - INFO - Listing data objects in schema sales_lakehouse.sqlmesh__reports (evaluator.py:1616)
2026-01-14 15:22:55,758 - MainThread - sqlmesh.core.engine_adapter.base - INFO - Executing SQL: /* SQLMESH_PLAN: 49fae5249eca40b983fededc9d223940 */ SELECT CURRENT_CATALOG() (base.py:2626)
2026-01-14 15:22:55,761 - MainThread - sqlmesh.core.engine_adapter.base - INFO - Executing SQL: /* SQLMESH_PLAN: 49fae5249eca40b983fededc9d223940 */ SELECT CURRENT_CATALOG() (base.py:2626)
2026-01-14 15:22:55,766 - MainThread - sqlmesh.core.engine_adapter.base - INFO - Executing SQL: /* SQLMESH_PLAN: 49fae5249eca40b983fededc9d223940 */ SELECT table_name AS name, table_schema AS schema, CASE table_type WHEN 'BASE TABLE' THEN 'table' WHEN 'VIEW' THEN 'view' WHEN 'LOCAL TEMPORARY' THEN 'table' END AS type FROM system.information_schema.tables WHERE (table_catalog = 'sales_lakehouse' AND table_schema = 'sqlmesh__reports') AND table_name IN ('reports__rep_target_attainment__3191118199__dev', 'reports__rep_weekly_meeting__3654862222__dev', 'reports__rep_top_products__506440041__dev') (base.py:2626)
2026-01-14 15:22:55,774 - MainThread - sqlmesh.core.snapshot.evaluator - INFO - Creating a physical table for snapshot SnapshotId<"sales_lakehouse"."staging"."stg_sales_data": 3916277173> (evaluator.py:870)
2026-01-14 15:22:55,808 - MainThread - sqlmesh.core.snapshot.evaluator - INFO - Creating table 'sales_lakehouse.sqlmesh__staging.staging__stg_sales_data__2698024421' (evaluator.py:2042)
2026-01-14 15:22:55,809 - MainThread - sqlmesh.core.engine_adapter.base - INFO - Executing SQL: /* SQLMESH_PLAN: 49fae5249eca40b983fededc9d223940 */ SELECT CURRENT_CATALOG() (base.py:2626)
2026-01-14 15:22:55,812 - MainThread - sqlmesh.core.engine_adapter.base - INFO - Executing SQL: /* SQLMESH_PLAN: 49fae5249eca40b983fededc9d223940 */ SELECT type FROM DUCKDB_DATABASES() WHERE database_name = 'sales_lakehouse' (base.py:2626)
2026-01-14 15:22:55,820 - MainThread - sqlmesh.core.engine_adapter.base - INFO - Executing SQL: /* SQLMESH_PLAN: 49fae5249eca40b983fededc9d223940 */ CREATE TABLE IF NOT EXISTS "sales_lakehouse"."sqlmesh__staging"."staging__stg_sales_data__2698024421" ("sales_line_id" TEXT, "sale_date" DATE, "sku" TEXT, "product_name" TEXT, "product_category" TEXT, "product_subcategory" TEXT, "quantity" DECIMAL(10, 2), "unit_price" INT, "sales_amount" DECIMAL(12, 2), "unit_weight_kg" DECIMAL(10, 2), "salesperson_id" TEXT, "salesperson_name" TEXT, "supervisor_name" TEXT, "sales_channel" TEXT, "client_id" TEXT, "sd_destocked" TEXT, "subregion" TEXT, "city" TEXT, "location" TEXT, "filename_subregion" TEXT, "is_innovation_product" BOOLEAN) (base.py:2626)
2026-01-14 15:22:55,864 - MainThread - sqlmesh.core.engine_adapter.base - INFO - Executing SQL: /* SQLMESH_PLAN: 49fae5249eca40b983fededc9d223940 */ ALTER TABLE sales_lakehouse.sqlmesh__staging.staging__stg_sales_data__2698024421 SET PARTITIONED BY ("sale_date"); (base.py:2626)
2026-01-14 15:22:55,935 - MainThread - sqlmesh.core.engine_adapter.base - INFO - Executing SQL: /* SQLMESH_PLAN: 49fae5249eca40b983fededc9d223940 */ COMMENT ON COLUMN "sales_lakehouse"."sqlmesh__staging"."staging__stg_sales_data__2698024421"."sales_line_id" IS 'Primary key' (base.py:2626)
2026-01-14 15:22:55,977 - MainThread - sqlmesh.core.engine_adapter.base - INFO - Executing SQL: /* SQLMESH_PLAN: 49fae5249eca40b983fededc9d223940 */ COMMENT ON COLUMN "sales_lakehouse"."sqlmesh__staging"."staging__stg_sales_data__2698024421"."sale_date" IS 'Date parsing' (base.py:2626)
2026-01-14 15:22:56,015 - MainThread - sqlmesh.core.engine_adapter.base - INFO - Executing SQL: /* SQLMESH_PLAN: 49fae5249eca40b983fededc9d223940 */ COMMENT ON COLUMN "sales_lakehouse"."sqlmesh__staging"."staging__stg_sales_data__2698024421"."sku" IS 'Product identifiers' (base.py:2626)
2026-01-14 15:22:56,050 - MainThread - sqlmesh.core.engine_adapter.base - INFO - Executing SQL: /* SQLMESH_PLAN: 49fae5249eca40b983fededc9d223940 */ COMMENT ON COLUMN "sales_lakehouse"."sqlmesh__staging"."staging__stg_sales_data__2698024421"."quantity" IS 'Measures' (base.py:2626)
2026-01-14 15:22:56,088 - MainThread - sqlmesh.core.engine_adapter.base - INFO - Executing SQL: /* SQLMESH_PLAN: 49fae5249eca40b983fededc9d223940 */ COMMENT ON COLUMN "sales_lakehouse"."sqlmesh__staging"."staging__stg_sales_data__2698024421"."salesperson_id" IS 'Salesperson identifiers' (base.py:2626)
2026-01-14 15:22:56,123 - MainThread - sqlmesh.core.engine_adapter.base - INFO - Executing SQL: /* SQLMESH_PLAN: 49fae5249eca40b983fededc9d223940 */ COMMENT ON COLUMN "sales_lakehouse"."sqlmesh__staging"."staging__stg_sales_data__2698024421"."client_id" IS 'Client identifiers' (base.py:2626)
2026-01-14 15:22:56,160 - MainThread - sqlmesh.core.engine_adapter.base - INFO - Executing SQL: /* SQLMESH_PLAN: 49fae5249eca40b983fededc9d223940 */ COMMENT ON COLUMN "sales_lakehouse"."sqlmesh__staging"."staging__stg_sales_data__2698024421"."subregion" IS 'Geographic attributes' (base.py:2626)
2026-01-14 15:22:56,201 - MainThread - sqlmesh.core.engine_adapter.base - INFO - Executing SQL: /* SQLMESH_PLAN: 49fae5249eca40b983fededc9d223940 */ COMMENT ON COLUMN "sales_lakehouse"."sqlmesh__staging"."staging__stg_sales_data__2698024421"."is_innovation_product" IS 'Product flags' (base.py:2626)
2026-01-14 15:22:56,238 - MainThread - sqlmesh.core.snapshot.evaluator - INFO - Dry running model 'staging.stg_sales_data' (evaluator.py:2064)
2026-01-14 15:22:56,241 - MainThread - sqlmesh.core.engine_adapter.base - INFO - Executing SQL: /* SQLMESH_PLAN: 49fae5249eca40b983fededc9d223940 */ SELECT "sales_data"."sales_line_id" AS "sales_line_id", TRY_CAST("sales_data"."date" AS DATE) AS "sale_date", TRIM(UPPER("sales_data"."sku")) AS "sku", TRIM("sales_data"."product_name") AS "product_name", TRIM("sales_data"."product_cat") AS "product_category", TRIM("sales_data"."product_subcat") AS "product_subcategory", TRY_CAST(NULLIF(TRIM("sales_data"."qty"), '') AS DECIMAL(10, 2)) AS "quantity", TRY_CAST(NULLIF(TRIM("sales_data"."unit_price"), '') AS INT) AS "unit_price", TRY_CAST(NULLIF(TRIM("sales_data"."amount"), '') AS DECIMAL(12, 2)) AS "sales_amount", TRY_CAST(NULLIF(TRIM("sales_data"."unit_weight"), '') AS DECIMAL(10, 2)) AS "unit_weight_kg", TRIM("sales_data"."salesperson_id") AS "salesperson_id", TRIM("sales_data"."salesperson") AS "salesperson_name", TRIM("sales_data"."supervisor") AS "supervisor_name", TRIM("sales_data"."channel") AS "sales_channel", TRIM("sales_data"."clientsd_id") AS "client_id", TRIM("sales_data"."sd_destocke") AS "sd_destocked", TRIM("sales_data"."subregion") AS "subregion", TRIM("sales_data"."city") AS "city", TRIM("sales_data"."localisation") AS "location", TRIM("sales_data"."filename_subregion") AS "filename_subregion", CASE WHEN LOWER(TRIM("sales_data"."is_innovation")) IN ('true', 'yes', '1', 'oui') THEN TRUE ELSE FALSE END AS "is_innovation_product" FROM "sales_lakehouse"."sqlmesh__raw"."raw__sales_data__1933981874" AS "sales_data" WHERE FALSE AND FALSE LIMIT 0 (base.py:2626)
2026-01-14 15:22:56,270 - MainThread - sqlmesh.core.snapshot.evaluator - INFO - Evaluating snapshot SnapshotId<"sales_lakehouse"."marts"."dim_clientsd": 1593672458> (evaluator.py:711)
2026-01-14 15:22:56,282 - MainThread - sqlmesh.core.snapshot.evaluator - INFO - Creating table 'sales_lakehouse.sqlmesh__marts.marts__dim_clientsd__201174068__dev' (evaluator.py:2042)
2026-01-14 15:22:56,282 - MainThread - sqlmesh.core.engine_adapter.base - INFO - Executing SQL: /* SQLMESH_PLAN: 49fae5249eca40b983fededc9d223940 */ SELECT CURRENT_CATALOG() (base.py:2626)
2026-01-14 15:22:56,285 - MainThread - sqlmesh.core.engine_adapter.base - INFO - Executing SQL: /* SQLMESH_PLAN: 49fae5249eca40b983fededc9d223940 */ SELECT type FROM DUCKDB_DATABASES() WHERE database_name = 'sales_lakehouse' (base.py:2626)
2026-01-14 15:22:56,291 - MainThread - sqlmesh.core.engine_adapter.base - INFO - Executing SQL: /* SQLMESH_PLAN: 49fae5249eca40b983fededc9d223940 */ CREATE TABLE IF NOT EXISTS "sales_lakehouse"."sqlmesh__marts"."marts__dim_clientsd__201174068__dev" AS WITH "clients_with_versions" AS (SELECT "stg_clientsd_data"."sd_id" AS "sd_id", "stg_clientsd_data"."sd_name" AS "sd_name", "stg_clientsd_data"."region" AS "region", "stg_clientsd_data"."subregion" AS "subregion", "stg_clientsd_data"."city" AS "city", "stg_clientsd_data"."key_player" AS "key_player", "stg_clientsd_data"."phone_number" AS "phone_number", "stg_clientsd_data"."is_destocked" AS "is_destocked" FROM "sales_lakehouse"."sqlmesh__staging"."staging__stg_clientsd_data__127883341__dev" AS "stg_clientsd_data" WHERE FALSE) SELECT ROW_NUMBER() OVER (ORDER BY "clients_with_versions"."sd_id", CURRENT_TIMESTAMP) AS "client_key", "clients_with_versions"."sd_id" AS "sd_id", "clients_with_versions"."sd_name" AS "sd_name", "clients_with_versions"."region" AS "region", "clients_with_versions"."subregion" AS "subregion", "clients_with_versions"."city" AS "city", "clients_with_versions"."key_player" AS "key_player", "clients_with_versions"."phone_number" AS "phone_number", "clients_with_versions"."is_destocked" AS "is_destocked", CAST(NULL AS TIMESTAMP) AS "valid_from", CAST(NULL AS TIMESTAMP) AS "valid_to" FROM "clients_with_versions" AS "clients_with_versions" WHERE FALSE LIMIT 0 (base.py:2626)
2026-01-14 15:22:56,307 - MainThread - sqlmesh.core.snapshot.evaluator - INFO - Inserting data for snapshot SnapshotId<"sales_lakehouse"."marts"."dim_clientsd": 1593672458> (evaluator.py:952)
2026-01-14 15:22:56,317 - MainThread - sqlmesh.core.snapshot.evaluator - INFO - Inserting batch (2026-01-13 00:00:00, 2026-01-14 00:00:00) into sales_lakehouse.sqlmesh__marts.marts__dim_clientsd__201174068__dev' (evaluator.py:984)
2026-01-14 15:22:56,318 - MainThread - sqlmesh.core.engine_adapter.base - INFO - Executing SQL: /* SQLMESH_PLAN: 49fae5249eca40b983fededc9d223940 */ DESCRIBE "sales_lakehouse"."sqlmesh__marts"."marts__dim_clientsd__201174068__dev" (base.py:2626)
2026-01-14 15:22:56,491 - MainThread - sqlmesh.core.engine_adapter.base - INFO - Executing SQL: /* SQLMESH_PLAN: 49fae5249eca40b983fededc9d223940 */ SELECT CURRENT_CATALOG() (base.py:2626)
2026-01-14 15:22:56,493 - MainThread - sqlmesh.core.engine_adapter.base - INFO - Executing SQL: /* SQLMESH_PLAN: 49fae5249eca40b983fededc9d223940 */ SELECT CURRENT_CATALOG() (base.py:2626)
2026-01-14 15:22:56,497 - MainThread - sqlmesh.core.engine_adapter.base - INFO - Executing SQL: /* SQLMESH_PLAN: 49fae5249eca40b983fededc9d223940 */ SELECT table_name AS name, table_schema AS schema, CASE table_type WHEN 'BASE TABLE' THEN 'table' WHEN 'VIEW' THEN 'view' WHEN 'LOCAL TEMPORARY' THEN 'table' END AS type FROM system.information_schema.tables WHERE (table_catalog = 'sales_lakehouse' AND table_schema = 'sqlmesh__marts') AND table_name IN ('marts__dim_clientsd__201174068__dev') (base.py:2626)
2026-01-14 15:22:56,508 - MainThread - sqlmesh.core.engine_adapter.base - INFO - Executing SQL: /* SQLMESH_PLAN: 49fae5249eca40b983fededc9d223940 */ SELECT CURRENT_CATALOG() (base.py:2626)
2026-01-14 15:22:56,511 - MainThread - sqlmesh.core.engine_adapter.base - INFO - Executing SQL: /* SQLMESH_PLAN: 49fae5249eca40b983fededc9d223940 */ SELECT type FROM DUCKDB_DATABASES() WHERE database_name = 'sales_lakehouse' (base.py:2626)
2026-01-14 15:22:56,516 - MainThread - sqlmesh.core.engine_adapter.base - INFO - Executing SQL: /* SQLMESH_PLAN: 49fae5249eca40b983fededc9d223940 */ CREATE TABLE IF NOT EXISTS "sales_lakehouse"."sqlmesh__marts"."marts__dim_clientsd__201174068__dev" ("client_key" BIGINT, "sd_id" TEXT, "sd_name" TEXT, "region" TEXT, "subregion" TEXT, "city" TEXT, "key_player" TEXT, "phone_number" TEXT, "is_destocked" BOOLEAN, "valid_from" TIMESTAMP, "valid_to" TIMESTAMP) (base.py:2626)
2026-01-14 15:22:56,520 - MainThread - sqlmesh.core.engine_adapter.base - INFO - Executing SQL: /* SQLMESH_PLAN: 49fae5249eca40b983fededc9d223940 */ COMMENT ON COLUMN "sales_lakehouse"."sqlmesh__marts"."marts__dim_clientsd__201174068__dev"."client_key" IS 'Surrogate key - Integer for Power BI relationships' (base.py:2626)
2026-01-14 15:22:56,532 - MainThread - sqlmesh.core.engine_adapter.base - INFO - Executing SQL: /* SQLMESH_PLAN: 49fae5249eca40b983fededc9d223940 */ COMMENT ON COLUMN "sales_lakehouse"."sqlmesh__marts"."marts__dim_clientsd__201174068__dev"."sd_id" IS 'Natural key (business key)' (base.py:2626)
2026-01-14 15:22:56,580 - MainThread - sqlmesh.core.engine_adapter.base - INFO - Executing SQL: /* SQLMESH_PLAN: 49fae5249eca40b983fededc9d223940 */ COMMENT ON COLUMN "sales_lakehouse"."sqlmesh__marts"."marts__dim_clientsd__201174068__dev"."sd_name" IS 'Client attributes' (base.py:2626)
2026-01-14 15:22:56,631 - MainThread - sqlmesh.core.engine_adapter.base - INFO - Executing SQL: /* SQLMESH_PLAN: 49fae5249eca40b983fededc9d223940 */ SELECT CURRENT_CATALOG() (base.py:2626)
2026-01-14 15:22:56,666 - MainThread - sqlmesh.core.engine_adapter.base - INFO - Executing SQL: /* SQLMESH_PLAN: 49fae5249eca40b983fededc9d223940 */ SELECT type FROM DUCKDB_DATABASES() WHERE database_name = 'sales_lakehouse' (base.py:2626)
2026-01-14 15:22:56,699 - MainThread - sqlmesh.core.engine_adapter.base - INFO - Executing SQL: /* SQLMESH_PLAN: 49fae5249eca40b983fededc9d223940 */ CREATE OR REPLACE TABLE "sales_lakehouse"."sqlmesh__marts"."marts__dim_clientsd__201174068__dev" AS WITH "source" AS (SELECT DISTINCT ON ("sd_id") TRUE AS "_exists", "client_key", "sd_id", "sd_name", "region", "subregion", "city", "key_player", "phone_number", "is_destocked" FROM (WITH "clients_with_versions" AS (SELECT "stg_clientsd_data"."sd_id" AS "sd_id", "stg_clientsd_data"."sd_name" AS "sd_name", "stg_clientsd_data"."region" AS "region", "stg_clientsd_data"."subregion" AS "subregion", "stg_clientsd_data"."city" AS "city", "stg_clientsd_data"."key_player" AS "key_player", "stg_clientsd_data"."phone_number" AS "phone_number", "stg_clientsd_data"."is_destocked" AS "is_destocked" FROM "sales_lakehouse"."sqlmesh__staging"."staging__stg_clientsd_data__127883341__dev" AS "stg_clientsd_data") SELECT ROW_NUMBER() OVER (ORDER BY "clients_with_versions"."sd_id", CURRENT_TIMESTAMP) AS "client_key", "clients_with_versions"."sd_id" AS "sd_id", "clients_with_versions"."sd_name" AS "sd_name", "clients_with_versions"."region" AS "region", "clients_with_versions"."subregion" AS "subregion", "clients_with_versions"."city" AS "city", "clients_with_versions"."key_player" AS "key_player", "clients_with_versions"."phone_number" AS "phone_number", "clients_with_versions"."is_destocked" AS "is_destocked" FROM "clients_with_versions" AS "clients_with_versions") AS "raw_source"), "static" AS (SELECT "client_key", "sd_id", "sd_name", "region", "subregion", "city", "key_player", "phone_number", "is_destocked", "valid_from", "valid_to", TRUE AS "_exists" FROM "sales_lakehouse"."sqlmesh__marts"."marts__dim_clientsd__201174068__dev" WHERE NOT "valid_to" IS NULL LIMIT 0), "latest" AS (SELECT "client_key", "sd_id", "sd_name", "region", "subregion", "city", "key_player", "phone_number", "is_destocked", "valid_from", "valid_to", TRUE AS "_exists" FROM "sales_lakehouse"."sqlmesh__marts"."marts__dim_clientsd__201174068__dev" WHERE "valid_to" IS NULL LIMIT 0), "deleted" AS (SELECT "static"."client_key", "static"."sd_id", "static"."sd_name", "static"."region", "static"."subregion", "static"."city", "static"."key_player", "static"."phone_number", "static"."is_destocked", "static"."valid_from", "static"."valid_to" FROM "static" LEFT JOIN "latest" ON "static"."sd_id" = "latest"."sd_id" WHERE "latest"."valid_to" IS NULL), "latest_deleted" AS (SELECT TRUE AS "_exists", "sd_id" AS "_key0", MAX("valid_to") AS "valid_to" FROM "deleted" GROUP BY "sd_id"), "joined" AS (SELECT "source"."_exists" AS "_exists", "latest"."client_key" AS "t_client_key", "latest"."sd_id" AS "t_sd_id", "latest"."sd_name" AS "t_sd_name", "latest"."region" AS "t_region", "latest"."subregion" AS "t_subregion", "latest"."city" AS "t_city", "latest"."key_player" AS "t_key_player", "latest"."phone_number" AS "t_phone_number", "latest"."is_destocked" AS "t_is_destocked", "latest"."valid_from" AS "t_valid_from", "latest"."valid_to" AS "t_valid_to", "source"."client_key" AS "client_key", "source"."sd_id" AS "sd_id", "source"."sd_name" AS "sd_name", "source"."region" AS "region", "source"."subregion" AS "subregion", "source"."city" AS "city", "source"."key_player" AS "key_player", "source"."phone_number" AS "phone_number", "source"."is_destocked" AS "is_destocked" FROM "latest" LEFT JOIN "source" ON "latest"."sd_id" = "source"."sd_id" UNION ALL SELECT "source"."_exists" AS "_exists", "latest"."client_key" AS "t_client_key", "latest"."sd_id" AS "t_sd_id", "latest"."sd_name" AS "t_sd_name", "latest"."region" AS "t_region", "latest"."subregion" AS "t_subregion", "latest"."city" AS "t_city", "latest"."key_player" AS "t_key_player", "latest"."phone_number" AS "t_phone_number", "latest"."is_destocked" AS "t_is_destocked", "latest"."valid_from" AS "t_valid_from", "latest"."valid_to" AS "t_valid_to", "source"."client_key" AS "client_key", "source"."sd_id" AS "sd_id", "source"."sd_name" AS "sd_name", "source"."region" AS "region", "source"."subregion" AS "subregion", "source"."city" AS "city", "source"."key_player" AS "key_player", "source"."phone_number" AS "phone_number", "source"."is_destocked" AS "is_destocked" FROM "latest" RIGHT JOIN "source" ON "latest"."sd_id" = "source"."sd_id" WHERE "latest"."_exists" IS NULL), "updated_rows" AS (SELECT COALESCE("joined"."t_client_key", "joined"."client_key") AS "client_key", COALESCE("joined"."t_sd_id", "joined"."sd_id") AS "sd_id", COALESCE("joined"."t_sd_name", "joined"."sd_name") AS "sd_name", COALESCE("joined"."t_region", "joined"."region") AS "region", COALESCE("joined"."t_subregion", "joined"."subregion") AS "subregion", COALESCE("joined"."t_city", "joined"."city") AS "city", COALESCE("joined"."t_key_player", "joined"."key_player") AS "key_player", COALESCE("joined"."t_phone_number", "joined"."phone_number") AS "phone_number", COALESCE("joined"."t_is_destocked", "joined"."is_destocked") AS "is_destocked", COALESCE("t_valid_from", CAST('1970-01-01 00:00:00' AS TIMESTAMP)) AS "valid_from", CASE WHEN (NOT "joined"."t_sd_id" IS NULL AND NOT "joined"."sd_id" IS NULL) AND ("joined"."region" <> "joined"."t_region" OR ("joined"."t_region" IS NULL AND NOT "joined"."region" IS NULL) OR (NOT "joined"."t_region" IS NULL AND "joined"."region" IS NULL) OR "joined"."subregion" <> "joined"."t_subregion" OR ("joined"."t_subregion" IS NULL AND NOT "joined"."subregion" IS NULL) OR (NOT "joined"."t_subregion" IS NULL AND "joined"."subregion" IS NULL) OR "joined"."city" <> "joined"."t_city" OR ("joined"."t_city" IS NULL AND NOT "joined"."city" IS NULL) OR (NOT "joined"."t_city" IS NULL AND "joined"."city" IS NULL) OR "joined"."key_partner_type" <> "joined"."t_key_partner_type" OR ("joined"."t_key_partner_type" IS NULL AND NOT "joined"."key_partner_type" IS NULL) OR (NOT "joined"."t_key_partner_type" IS NULL AND "joined"."key_partner_type" IS NULL) OR "joined"."is_destocked" <> "joined"."t_is_destocked" OR ("joined"."t_is_destocked" IS NULL AND NOT "joined"."is_destocked" IS NULL) OR (NOT "joined"."t_is_destocked" IS NULL AND "joined"."is_destocked" IS NULL)) THEN CAST('2026-01-14 14:22:00' AS TIMESTAMP) ELSE "t_valid_to" END AS "valid_to" FROM "joined" LEFT JOIN "latest_deleted" ON "joined"."sd_id" = "latest_deleted"."_key0"), "inserted_rows" AS (SELECT "client_key", "sd_id", "sd_name", "region", "subregion", "city", "key_player", "phone_number", "is_destocked", CAST('2026-01-14 14:22:00' AS TIMESTAMP) AS "valid_from", CAST(NULL AS TIMESTAMP) AS "valid_to" FROM "joined" WHERE (NOT "joined"."t_sd_id" IS NULL AND NOT "joined"."sd_id" IS NULL) AND ("joined"."region" <> "joined"."t_region" OR ("joined"."t_region" IS NULL AND NOT "joined"."region" IS NULL) OR (NOT "joined"."t_region" IS NULL AND "joined"."region" IS NULL) OR "joined"."subregion" <> "joined"."t_subregion" OR ("joined"."t_subregion" IS NULL AND NOT "joined"."subregion" IS NULL) OR (NOT "joined"."t_subregion" IS NULL AND "joined"."subregion" IS NULL) OR "joined"."city" <> "joined"."t_city" OR ("joined"."t_city" IS NULL AND NOT "joined"."city" IS NULL) OR (NOT "joined"."t_city" IS NULL AND "joined"."city" IS NULL) OR "joined"."key_partner_type" <> "joined"."t_key_partner_type" OR ("joined"."t_key_partner_type" IS NULL AND NOT "joined"."key_partner_type" IS NULL) OR (NOT "joined"."t_key_partner_type" IS NULL AND "joined"."key_partner_type" IS NULL) OR "joined"."is_destocked" <> "joined"."t_is_destocked" OR ("joined"."t_is_destocked" IS NULL AND NOT "joined"."is_destocked" IS NULL) OR (NOT "joined"."t_is_destocked" IS NULL AND "joined"."is_destocked" IS NULL))) SELECT CAST("client_key" AS BIGINT) AS "client_key", CAST("sd_id" AS TEXT) AS "sd_id", CAST("sd_name" AS TEXT) AS "sd_name", CAST("region" AS TEXT) AS "region", CAST("subregion" AS TEXT) AS "subregion", CAST("city" AS TEXT) AS "city", CAST("key_player" AS TEXT) AS "key_player", CAST("phone_number" AS TEXT) AS "phone_number", CAST("is_destocked" AS BOOLEAN) AS "is_destocked", CAST("valid_from" AS TIMESTAMP) AS "valid_from", CAST("valid_to" AS TIMESTAMP) AS "valid_to" FROM (SELECT "client_key", "sd_id", "sd_name", "region", "subregion", "city", "key_player", "phone_number", "is_destocked", "valid_from", "valid_to" FROM "static" UNION ALL SELECT "client_key", "sd_id", "sd_name", "region", "subregion", "city", "key_player", "phone_number", "is_destocked", "valid_from", "valid_to" FROM "updated_rows" UNION ALL SELECT "client_key", "sd_id", "sd_name", "region", "subregion", "city", "key_player", "phone_number", "is_destocked", "valid_from", "valid_to" FROM "inserted_rows") AS "_subquery" (base.py:2626)
2026-01-14 15:22:56,715 - MainThread - sqlmesh.core.snapshot.evaluator - INFO - Evaluating snapshot SnapshotId<"sales_lakehouse"."staging"."stg_sales_data": 3916277173> (evaluator.py:711)
2026-01-14 15:22:56,716 - MainThread - sqlmesh.core.snapshot.evaluator - INFO - Inserting data for snapshot SnapshotId<"sales_lakehouse"."staging"."stg_sales_data": 3916277173> (evaluator.py:952)
2026-01-14 15:22:56,749 - MainThread - sqlmesh.core.snapshot.evaluator - INFO - Inserting batch (2026-01-13 00:00:00, 2026-01-14 00:00:00) into sales_lakehouse.sqlmesh__staging.staging__stg_sales_data__2698024421' (evaluator.py:984)
2026-01-14 15:22:56,753 - MainThread - sqlmesh.core.engine_adapter.base - INFO - Executing SQL: /* SQLMESH_PLAN: 49fae5249eca40b983fededc9d223940 */ DELETE FROM "sales_lakehouse"."sqlmesh__staging"."staging__stg_sales_data__2698024421" WHERE "sale_date" BETWEEN CAST('2026-01-13' AS DATE) AND CAST('2026-01-13' AS DATE) (base.py:2626)
2026-01-14 15:22:56,772 - MainThread - sqlmesh.core.engine_adapter.base - INFO - Executing SQL: /* SQLMESH_PLAN: 49fae5249eca40b983fededc9d223940 */ INSERT INTO "sales_lakehouse"."sqlmesh__staging"."staging__stg_sales_data__2698024421" ("sales_line_id", "sale_date", "sku", "product_name", "product_category", "product_subcategory", "quantity", "unit_price", "sales_amount", "unit_weight_kg", "salesperson_id", "salesperson_name", "supervisor_name", "sales_channel", "client_id", "sd_destocked", "subregion", "city", "location", "filename_subregion", "is_innovation_product") SELECT "sales_line_id", "sale_date", "sku", "product_name", "product_category", "product_subcategory", "quantity", "unit_price", "sales_amount", "unit_weight_kg", "salesperson_id", "salesperson_name", "supervisor_name", "sales_channel", "client_id", "sd_destocked", "subregion", "city", "location", "filename_subregion", "is_innovation_product" FROM (SELECT "sales_data"."sales_line_id" AS "sales_line_id", TRY_CAST("sales_data"."date" AS DATE) AS "sale_date", TRIM(UPPER("sales_data"."sku")) AS "sku", TRIM("sales_data"."product_name") AS "product_name", TRIM("sales_data"."product_cat") AS "product_category", TRIM("sales_data"."product_subcat") AS "product_subcategory", TRY_CAST(NULLIF(TRIM("sales_data"."qty"), '') AS DECIMAL(10, 2)) AS "quantity", TRY_CAST(NULLIF(TRIM("sales_data"."unit_price"), '') AS INT) AS "unit_price", TRY_CAST(NULLIF(TRIM("sales_data"."amount"), '') AS DECIMAL(12, 2)) AS "sales_amount", TRY_CAST(NULLIF(TRIM("sales_data"."unit_weight"), '') AS DECIMAL(10, 2)) AS "unit_weight_kg", TRIM("sales_data"."salesperson_id") AS "salesperson_id", TRIM("sales_data"."salesperson") AS "salesperson_name", TRIM("sales_data"."supervisor") AS "supervisor_name", TRIM("sales_data"."channel") AS "sales_channel", TRIM("sales_data"."clientsd_id") AS "client_id", TRIM("sales_data"."sd_destocke") AS "sd_destocked", TRIM("sales_data"."subregion") AS "subregion", TRIM("sales_data"."city") AS "city", TRIM("sales_data"."localisation") AS "location", TRIM("sales_data"."filename_subregion") AS "filename_subregion", CASE WHEN LOWER(TRIM("sales_data"."is_innovation")) IN ('true', 'yes', '1', 'oui') THEN TRUE ELSE FALSE END AS "is_innovation_product" FROM "sales_lakehouse"."sqlmesh__raw"."raw__sales_data__1933981874" AS "sales_data" WHERE FALSE) AS "_subquery" WHERE "sale_date" BETWEEN CAST('2026-01-13' AS DATE) AND CAST('2026-01-13' AS DATE) (base.py:2626)
2026-01-14 15:22:56,778 - MainThread - sqlmesh.core.state_sync.db.facade - INFO - Adding interval (2026-01-13 00:00:00, 2026-01-14 00:00:00) for snapshot SnapshotId<"sales_lakehouse"."staging"."stg_sales_data": 3916277173> (facade.py:637)
2026-01-14 15:22:56,778 - MainThread - sqlmesh.core.state_sync.db.interval - INFO - Pushing intervals for snapshot SnapshotId<"sales_lakehouse"."staging"."stg_sales_data": 3916277173> (interval.py:215)
2026-01-14 15:22:56,812 - MainThread - sqlmesh.core.scheduler - INFO - SKIPPED snapshot "sales_lakehouse"."reports"."rep_weekly_meeting"
 (scheduler.py:613)
2026-01-14 15:22:56,812 - MainThread - sqlmesh.core.scheduler - INFO - SKIPPED snapshot "sales_lakehouse"."reports"."rep_target_attainment"
 (scheduler.py:613)
2026-01-14 15:22:56,812 - MainThread - sqlmesh.core.scheduler - INFO - SKIPPED snapshot "sales_lakehouse"."reports"."rep_top_products"
 (scheduler.py:613)
2026-01-14 15:22:56,812 - MainThread - sqlmesh.core.scheduler - INFO - SKIPPED snapshot "sales_lakehouse"."marts"."fact_sales"
 (scheduler.py:613)
2026-01-14 15:22:56,812 - MainThread - sqlmesh.core.scheduler - INFO - Execution failed for node EvaluateNode(snapshot_name='"sales_lakehouse"."marts"."dim_clientsd"', interval=(1768262400000, 1768348800000), batch_index=0) (scheduler.py:618)
Traceback (most recent call last):
  File "C:\Users\User\env\Lib\site-packages\sqlmesh\utils\concurrency.py", line 234, in sequential_apply_to_dag
    fn(node)
    ~~^^^^^^
  File "C:\Users\User\env\Lib\site-packages\sqlmesh\core\scheduler.py", line 554, in run_node
    audit_results = self.evaluate(
        snapshot=snapshot,
    ...<9 lines>...
        selected_models=selected_models,
    )
  File "C:\Users\User\env\Lib\site-packages\sqlmesh\core\scheduler.py", line 229, in evaluate
    wap_id = self.snapshot_evaluator.evaluate(
        snapshot,
    ...<9 lines>...
        **kwargs,
    )
  File "C:\Users\User\env\Lib\site-packages\sqlmesh\core\snapshot\evaluator.py", line 186, in evaluate
    result = self._evaluate_snapshot(
        start=start,
    ...<9 lines>...
        **kwargs,
    )
  File "C:\Users\User\env\Lib\site-packages\sqlmesh\core\snapshot\evaluator.py", line 821, in _evaluate_snapshot
    self._render_and_insert_snapshot(
    ~~~~~~~~~~~~~~~~~~~~~~~~~~~~~~~~^
        start=start,
        ^^^^^^^^^^^^
    ...<10 lines>...
        batch_index=batch_index,
        ^^^^^^^^^^^^^^^^^^^^^^^^
    )
    ^
  File "C:\Users\User\env\Lib\site-packages\sqlmesh\core\snapshot\evaluator.py", line 1041, in _render_and_insert_snapshot
    apply(query_or_df, index)
    ~~~~~^^^^^^^^^^^^^^^^^^^^
  File "C:\Users\User\env\Lib\site-packages\sqlmesh\core\snapshot\evaluator.py", line 990, in apply
    evaluation_strategy.insert(
    ~~~~~~~~~~~~~~~~~~~~~~~~~~^
        table_name=target_table_name,
        ^^^^^^^^^^^^^^^^^^^^^^^^^^^^^
    ...<12 lines>...
        is_snapshot_deployable=is_snapshot_deployable,
        ^^^^^^^^^^^^^^^^^^^^^^^^^^^^^^^^^^^^^^^^^^^^^^
    )
    ^
  File "C:\Users\User\env\Lib\site-packages\sqlmesh\core\snapshot\evaluator.py", line 2601, in insert
    self.adapter.scd_type_2_by_column(
    ~~~~~~~~~~~~~~~~~~~~~~~~~~~~~~~~~^
        target_table=table_name,
        ^^^^^^^^^^^^^^^^^^^^^^^^
    ...<18 lines>...
        table_properties=kwargs.get("physical_properties", model.physical_properties),
        ^^^^^^^^^^^^^^^^^^^^^^^^^^^^^^^^^^^^^^^^^^^^^^^^^^^^^^^^^^^^^^^^^^^^^^^^^^^^^^
    )
    ^
  File "C:\Users\User\env\Lib\site-packages\sqlmesh\core\engine_adapter\shared.py", line 318, in internal_wrapper
    return func(*list_args, **kwargs)
  File "C:\Users\User\env\Lib\site-packages\sqlmesh\core\engine_adapter\base.py", line 1794, in scd_type_2_by_column
    self._scd_type_2(
    ~~~~~~~~~~~~~~~~^
        target_table=target_table,
        ^^^^^^^^^^^^^^^^^^^^^^^^^^
    ...<13 lines>...
        **kwargs,
        ^^^^^^^^^
    )
    ^
  File "C:\Users\User\env\Lib\site-packages\sqlmesh\core\engine_adapter\base.py", line 2196, in _scd_type_2
    self.replace_query(
    ~~~~~~~~~~~~~~~~~~^
        target_table,
        ^^^^^^^^^^^^^
    ...<4 lines>...
        **kwargs,
        ^^^^^^^^^
    )
    ^
  File "C:\Users\User\env\Lib\site-packages\sqlmesh\core\engine_adapter\shared.py", line 318, in internal_wrapper
    return func(*list_args, **kwargs)
  File "C:\Users\User\env\Lib\site-packages\sqlmesh\core\engine_adapter\base.py", line 524, in replace_query
    return self._create_table_from_source_queries(
           ~~~~~~~~~~~~~~~~~~~~~~~~~~~~~~~~~~~~~~^
        target_table,
        ^^^^^^^^^^^^^
    ...<5 lines>...
        **kwargs,
        ^^^^^^^^^
    )
    ^
  File "C:\Users\User\env\Lib\site-packages\sqlmesh\core\engine_adapter\base.py", line 934, in _create_table_from_source_queries
    self._create_table(
    ~~~~~~~~~~~~~~~~~~^
        schema if schema else table,
        ^^^^^^^^^^^^^^^^^^^^^^^^^^^^
    ...<7 lines>...
        **kwargs,
        ^^^^^^^^^
    )
    ^
  File "C:\Users\User\env\Lib\site-packages\sqlmesh\core\engine_adapter\duckdb.py", line 188, in _create_table
    super()._create_table(
    ~~~~~~~~~~~~~~~~~~~~~^
        table_name_or_schema,
        ^^^^^^^^^^^^^^^^^^^^^
    ...<8 lines>...
        **kwargs,
        ^^^^^^^^^
    )
    ^
  File "C:\Users\User\env\Lib\site-packages\sqlmesh\core\engine_adapter\base.py", line 977, in _create_table
    self.execute(
    ~~~~~~~~~~~~^
        self._build_create_table_exp(
        ^^^^^^^^^^^^^^^^^^^^^^^^^^^^^
    ...<13 lines>...
        track_rows_processed=track_rows_processed,
        ^^^^^^^^^^^^^^^^^^^^^^^^^^^^^^^^^^^^^^^^^^
    )
    ^
  File "C:\Users\User\env\Lib\site-packages\sqlmesh\core\engine_adapter\base.py", line 2603, in execute
    self._execute(sql, track_rows_processed, **kwargs)
    ~~~~~~~~~~~~~^^^^^^^^^^^^^^^^^^^^^^^^^^^^^^^^^^^^^
  File "C:\Users\User\env\Lib\site-packages\sqlmesh\core\engine_adapter\base.py", line 2635, in _execute
    self.cursor.execute(sql, **kwargs)
    ~~~~~~~~~~~~~~~~~~~^^^^^^^^^^^^^^^
_duckdb.BinderException: Binder Error: Values list "joined" does not have a column named "key_partner_type"

LINE 1: ...(NOT "joined"."t_city" IS NULL AND "joined"."city" IS NULL) OR "joined"."key_partner_type" <> "joined"."t_key_partner_type...
                                                                          ^

The above exception was the direct cause of the following exception:

sqlmesh.utils.concurrency.NodeExecutionFailedError: Execution failed for node EvaluateNode(snapshot_name='"sales_lakehouse"."marts"."dim_clientsd"', interval=(1768262400000, 1768348800000), batch_index=0)
2026-01-14 15:22:56,828 - MainThread - sqlmesh.core.context - INFO - Plan application failed. (context.py:1797)
Traceback (most recent call last):
  File "C:\Users\User\env\Lib\site-packages\sqlmesh\core\context.py", line 1789, in apply
    self._apply(plan, circuit_breaker)
    ~~~~~~~~~~~^^^^^^^^^^^^^^^^^^^^^^^
  File "C:\Users\User\env\Lib\site-packages\sqlmesh\core\context.py", line 2582, in _apply
    self._scheduler.create_plan_evaluator(self).evaluate(
    ~~~~~~~~~~~~~~~~~~~~~~~~~~~~~~~~~~~~~~~~~~~~~~~~~~~~^
        plan.to_evaluatable(), circuit_breaker=circuit_breaker
        ^^^^^^^^^^^^^^^^^^^^^^^^^^^^^^^^^^^^^^^^^^^^^^^^^^^^^^
    )
    ^
  File "C:\Users\User\env\Lib\site-packages\sqlmesh\core\plan\evaluator.py", line 105, in evaluate
    self._evaluate_stages(plan_stages, plan)
    ~~~~~~~~~~~~~~~~~~~~~^^^^^^^^^^^^^^^^^^^
  File "C:\Users\User\env\Lib\site-packages\sqlmesh\core\plan\evaluator.py", line 125, in _evaluate_stages
    handler(stage, plan)
    ~~~~~~~^^^^^^^^^^^^^
  File "C:\Users\User\env\Lib\site-packages\sqlmesh\core\plan\evaluator.py", line 264, in visit_backfill_stage
    raise PlanError("Plan application failed.")
sqlmesh.utils.errors.PlanError: Plan application failed.
2026-01-14 15:22:56,967 - MainThread - root - INFO - Shutting down the event dispatcher (dispatcher.py:159)
