2026-01-17 00:34:05,869 - MainThread - sqlmesh.core.config.connection - INFO - Creating new DuckDB adapter for data files: {'../data/warehouse/catalog.ducklake'} (connection.py:496)
2026-01-17 00:34:08,047 - MainThread - sqlmesh.core.config.connection - INFO - Creating new DuckDB adapter for data files: {'../data/warehouse/sqlmesh_state.db'} (connection.py:496)
2026-01-17 00:34:09,794 - event-emitter - sqlmesh.core.analytics.dispatcher - INFO - Failed to emit events: HTTPSConnectionPool(host='analytics.tobikodata.com', port=443): Max retries exceeded with url: /v1/sqlmesh/ (Caused by NameResolutionError("<urllib3.connection.HTTPSConnection object at 0x0000015019239A90>: Failed to resolve 'analytics.tobikodata.com' ([Errno 11001] getaddrinfo failed)")) (dispatcher.py:138)
2026-01-17 00:34:12,040 - MainThread - sqlmesh.core.plan.evaluator - INFO - Evaluating plan stage CreateSnapshotRecordsStage (evaluator.py:123)
2026-01-17 00:34:12,078 - MainThread - sqlmesh.core.plan.evaluator - INFO - Evaluating plan stage PhysicalLayerSchemaCreationStage (evaluator.py:123)
2026-01-17 00:34:12,083 - MainThread - sqlmesh.core.snapshot.evaluator - INFO - Creating schema 'sales_lakehouse.sqlmesh__staging' (evaluator.py:1449)
2026-01-17 00:34:12,083 - MainThread - sqlmesh.core.engine_adapter.base - INFO - Executing SQL: /* SQLMESH_PLAN: d08e89d795bc4e218f6e01700b1ad261 */ CREATE SCHEMA IF NOT EXISTS "sales_lakehouse"."sqlmesh__staging" (base.py:2626)
2026-01-17 00:34:12,361 - MainThread - sqlmesh.core.snapshot.evaluator - INFO - Creating schema 'sales_lakehouse.sqlmesh__raw' (evaluator.py:1449)
2026-01-17 00:34:12,362 - MainThread - sqlmesh.core.engine_adapter.base - INFO - Executing SQL: /* SQLMESH_PLAN: d08e89d795bc4e218f6e01700b1ad261 */ CREATE SCHEMA IF NOT EXISTS "sales_lakehouse"."sqlmesh__raw" (base.py:2626)
2026-01-17 00:34:12,364 - MainThread - sqlmesh.core.snapshot.evaluator - INFO - Creating schema 'sales_lakehouse.sqlmesh__marts' (evaluator.py:1449)
2026-01-17 00:34:12,365 - MainThread - sqlmesh.core.engine_adapter.base - INFO - Executing SQL: /* SQLMESH_PLAN: d08e89d795bc4e218f6e01700b1ad261 */ CREATE SCHEMA IF NOT EXISTS "sales_lakehouse"."sqlmesh__marts" (base.py:2626)
2026-01-17 00:34:12,368 - MainThread - sqlmesh.core.snapshot.evaluator - INFO - Creating schema 'sales_lakehouse.sqlmesh__reports' (evaluator.py:1449)
2026-01-17 00:34:12,368 - MainThread - sqlmesh.core.engine_adapter.base - INFO - Executing SQL: /* SQLMESH_PLAN: d08e89d795bc4e218f6e01700b1ad261 */ CREATE SCHEMA IF NOT EXISTS "sales_lakehouse"."sqlmesh__reports" (base.py:2626)
2026-01-17 00:34:12,371 - MainThread - sqlmesh.core.plan.evaluator - INFO - Evaluating plan stage BackfillStage (evaluator.py:123)
2026-01-17 00:34:12,379 - MainThread - sqlmesh.core.snapshot.evaluator - INFO - Listing data objects in schema sales_lakehouse.sqlmesh__marts (evaluator.py:1616)
2026-01-17 00:34:12,379 - MainThread - sqlmesh.core.engine_adapter.base - INFO - Executing SQL: /* SQLMESH_PLAN: d08e89d795bc4e218f6e01700b1ad261 */ SELECT CURRENT_CATALOG() (base.py:2626)
2026-01-17 00:34:12,383 - MainThread - sqlmesh.core.engine_adapter.base - INFO - Executing SQL: /* SQLMESH_PLAN: d08e89d795bc4e218f6e01700b1ad261 */ SELECT CURRENT_CATALOG() (base.py:2626)
2026-01-17 00:34:12,386 - MainThread - sqlmesh.core.engine_adapter.base - INFO - Executing SQL: /* SQLMESH_PLAN: d08e89d795bc4e218f6e01700b1ad261 */ SELECT table_name AS name, table_schema AS schema, CASE table_type WHEN 'BASE TABLE' THEN 'table' WHEN 'VIEW' THEN 'view' WHEN 'LOCAL TEMPORARY' THEN 'table' END AS type FROM system.information_schema.tables WHERE (table_catalog = 'sales_lakehouse' AND table_schema = 'sqlmesh__marts') AND table_name IN ('marts__dim_salesperson__1758042276__dev', 'marts__dim_products__763842527__dev', 'marts__dim_date__2600068558__dev', 'marts__fact_targets__1725811394__dev', 'marts__dim_clientsd__469669551__dev', 'marts__fact_sales__3261040808__dev') (base.py:2626)
2026-01-17 00:34:12,409 - MainThread - sqlmesh.core.snapshot.evaluator - INFO - Listing data objects in schema sales_lakehouse.sqlmesh__staging (evaluator.py:1616)
2026-01-17 00:34:12,410 - MainThread - sqlmesh.core.engine_adapter.base - INFO - Executing SQL: /* SQLMESH_PLAN: d08e89d795bc4e218f6e01700b1ad261 */ SELECT CURRENT_CATALOG() (base.py:2626)
2026-01-17 00:34:12,413 - MainThread - sqlmesh.core.engine_adapter.base - INFO - Executing SQL: /* SQLMESH_PLAN: d08e89d795bc4e218f6e01700b1ad261 */ SELECT CURRENT_CATALOG() (base.py:2626)
2026-01-17 00:34:12,416 - MainThread - sqlmesh.core.engine_adapter.base - INFO - Executing SQL: /* SQLMESH_PLAN: d08e89d795bc4e218f6e01700b1ad261 */ SELECT table_name AS name, table_schema AS schema, CASE table_type WHEN 'BASE TABLE' THEN 'table' WHEN 'VIEW' THEN 'view' WHEN 'LOCAL TEMPORARY' THEN 'table' END AS type FROM system.information_schema.tables WHERE (table_catalog = 'sales_lakehouse' AND table_schema = 'sqlmesh__staging') AND table_name IN ('staging__stg_clientsd_data__3122030815__dev', 'staging__stg_salesteam_data__1077743129__dev', 'staging__stg_products_data__1736959047__dev', 'staging__stg_targets_data__1757844379__dev') (base.py:2626)
2026-01-17 00:34:12,427 - MainThread - sqlmesh.core.snapshot.evaluator - INFO - Listing data objects in schema sales_lakehouse.sqlmesh__reports (evaluator.py:1616)
2026-01-17 00:34:12,427 - MainThread - sqlmesh.core.engine_adapter.base - INFO - Executing SQL: /* SQLMESH_PLAN: d08e89d795bc4e218f6e01700b1ad261 */ SELECT CURRENT_CATALOG() (base.py:2626)
2026-01-17 00:34:12,429 - MainThread - sqlmesh.core.engine_adapter.base - INFO - Executing SQL: /* SQLMESH_PLAN: d08e89d795bc4e218f6e01700b1ad261 */ SELECT CURRENT_CATALOG() (base.py:2626)
2026-01-17 00:34:12,433 - MainThread - sqlmesh.core.engine_adapter.base - INFO - Executing SQL: /* SQLMESH_PLAN: d08e89d795bc4e218f6e01700b1ad261 */ SELECT table_name AS name, table_schema AS schema, CASE table_type WHEN 'BASE TABLE' THEN 'table' WHEN 'VIEW' THEN 'view' WHEN 'LOCAL TEMPORARY' THEN 'table' END AS type FROM system.information_schema.tables WHERE (table_catalog = 'sales_lakehouse' AND table_schema = 'sqlmesh__reports') AND table_name IN ('reports__rep_weekly_meeting__4093308555__dev', 'reports__rep_top_products__3498895152__dev', 'reports__rep_target_attainment__2422824286__dev') (base.py:2626)
2026-01-17 00:34:12,529 - MainThread - sqlmesh.core.snapshot.evaluator - INFO - Creating a physical table for snapshot SnapshotId<"sales_lakehouse"."reports"."rep_target_attainment": 1022327787> (evaluator.py:870)
2026-01-17 00:34:12,615 - MainThread - sqlmesh.core.snapshot.evaluator - INFO - Creating table 'sales_lakehouse.sqlmesh__reports.reports__rep_target_attainment__2422824286__dev' (evaluator.py:2042)
2026-01-17 00:34:12,616 - MainThread - sqlmesh.core.engine_adapter.base - INFO - Executing SQL: /* SQLMESH_PLAN: d08e89d795bc4e218f6e01700b1ad261 */ SELECT CURRENT_CATALOG() (base.py:2626)
2026-01-17 00:34:12,621 - MainThread - sqlmesh.core.engine_adapter.base - INFO - Executing SQL: /* SQLMESH_PLAN: d08e89d795bc4e218f6e01700b1ad261 */ SELECT type FROM DUCKDB_DATABASES() WHERE database_name = 'sales_lakehouse' (base.py:2626)
2026-01-17 00:34:12,629 - MainThread - sqlmesh.core.engine_adapter.base - INFO - Executing SQL: /* SQLMESH_PLAN: d08e89d795bc4e218f6e01700b1ad261 */ CREATE TABLE IF NOT EXISTS "sales_lakehouse"."sqlmesh__reports"."reports__rep_target_attainment__2422824286__dev" AS WITH "monthly_sales" AS (SELECT DATE_TRUNC('MONTH', "f"."sale_date") AS "performance_month", "f"."salesperson_id" AS "salesperson_id", "f"."salesperson_name" AS "salesperson_name", "f"."region" AS "region", "f"."subregion" AS "subregion", "f"."sales_channel" AS "sales_channel", "f"."product_category" AS "product_category", SUM("f"."total_amount") AS "actual_sales", SUM("f"."quantity") AS "total_quantity", COUNT(DISTINCT "f"."sales_line_id") AS "transactions", COUNT(DISTINCT "f"."client_key") AS "unique_customers" FROM "sales_lakehouse"."sqlmesh__marts"."marts__fact_sales__3261040808__dev" AS "f" WHERE FALSE AND FALSE GROUP BY DATE_TRUNC('MONTH', "f"."sale_date"), "f"."salesperson_id", "f"."salesperson_name", "f"."region", "f"."subregion", "f"."sales_channel", "f"."product_category"), "monthly_targets" AS (SELECT "t"."target_month" AS "performance_month", "t"."salesperson_id" AS "salesperson_id", "t"."product_category" AS "product_category", SUM("t"."target_amount") AS "target_amount" FROM "sales_lakehouse"."sqlmesh__marts"."marts__fact_targets__1725811394__dev" AS "t" WHERE FALSE GROUP BY "t"."target_month", "t"."salesperson_id", "t"."product_category") SELECT "s"."performance_month" AS "performance_month", EXTRACT(YEAR FROM "s"."performance_month") AS "year", EXTRACT(MONTH FROM "s"."performance_month") AS "month", "s"."salesperson_id" AS "salesperson_id", "s"."salesperson_name" AS "salesperson_name", "s"."region" AS "region", "s"."subregion" AS "subregion", "s"."sales_channel" AS "sales_channel", "s"."product_category" AS "product_category", "s"."actual_sales" AS "actual_sales", "s"."total_quantity" AS "total_quantity", "s"."transactions" AS "transactions", "s"."unique_customers" AS "unique_customers", COALESCE("t"."target_amount", 0) AS "target_amount", "s"."actual_sales" - COALESCE("t"."target_amount", 0) AS "variance_amount", CASE WHEN "t"."target_amount" > 0 THEN ROUND(("s"."actual_sales" / "t"."target_amount") * 100, 1) ELSE NULL END AS "achievement_pct", CASE WHEN "t"."target_amount" IS NULL THEN 'No Target Set' WHEN "s"."actual_sales" >= "t"."target_amount" * 1.15 THEN '⭐ Excellent (115%+)' WHEN "s"."actual_sales" >= "t"."target_amount" * 1.05 THEN '✅ Exceeds (105-115%)' WHEN "s"."actual_sales" >= "t"."target_amount" * 0.95 THEN '🟢 Meets (95-105%)' WHEN "s"."actual_sales" >= "t"."target_amount" * 0.85 THEN '🟡 Near (85-95%)' WHEN "s"."actual_sales" >= "t"."target_amount" * 0.70 THEN '🟠 Below (70-85%)' ELSE '🔴 Critical (<70%)' END AS "performance_tier", ROUND("s"."actual_sales" / NULLIF("s"."transactions", 0), 0) AS "avg_transaction_value", ROUND("s"."actual_sales" / NULLIF("s"."unique_customers", 0), 0) AS "sales_per_customer", CURRENT_TIMESTAMP AS "generated_at" FROM "monthly_sales" AS "s" LEFT JOIN "monthly_targets" AS "t" ON "s"."performance_month" = "t"."performance_month" AND "s"."product_category" = "t"."product_category" AND "s"."salesperson_id" = "t"."salesperson_id" WHERE FALSE ORDER BY "s"."performance_month" DESC, "s"."actual_sales" DESC LIMIT 0 (base.py:2626)
2026-01-17 00:34:12,684 - MainThread - sqlmesh.core.engine_adapter.base - INFO - Executing SQL: /* SQLMESH_PLAN: d08e89d795bc4e218f6e01700b1ad261 */ ALTER TABLE sales_lakehouse.sqlmesh__reports.reports__rep_target_attainment__2422824286__dev SET PARTITIONED BY ("performance_month"); (base.py:2626)
2026-01-17 00:34:12,765 - MainThread - sqlmesh.core.snapshot.evaluator - INFO - Evaluating snapshot SnapshotId<"sales_lakehouse"."reports"."rep_top_products": 3713710381> (evaluator.py:711)
2026-01-17 00:34:12,765 - MainThread - sqlmesh.core.snapshot.evaluator - INFO - Inserting data for snapshot SnapshotId<"sales_lakehouse"."reports"."rep_top_products": 3713710381> (evaluator.py:952)
2026-01-17 00:34:12,818 - MainThread - sqlmesh.core.snapshot.evaluator - INFO - Inserting batch (2026-01-15 00:00:00, 2026-01-16 00:00:00) into sales_lakehouse.sqlmesh__reports.reports__rep_top_products__3498895152__dev' (evaluator.py:984)
2026-01-17 00:34:12,819 - MainThread - sqlmesh.core.engine_adapter.base - INFO - Executing SQL: /* SQLMESH_PLAN: d08e89d795bc4e218f6e01700b1ad261 */ DESCRIBE "sales_lakehouse"."sqlmesh__reports"."reports__rep_top_products__3498895152__dev" (base.py:2626)
2026-01-17 00:34:12,861 - MainThread - sqlmesh.core.engine_adapter.base - INFO - Executing SQL: /* SQLMESH_PLAN: d08e89d795bc4e218f6e01700b1ad261 */ SELECT CURRENT_CATALOG() (base.py:2626)
2026-01-17 00:34:12,864 - MainThread - sqlmesh.core.engine_adapter.base - INFO - Executing SQL: /* SQLMESH_PLAN: d08e89d795bc4e218f6e01700b1ad261 */ SELECT type FROM DUCKDB_DATABASES() WHERE database_name = 'sales_lakehouse' (base.py:2626)
2026-01-17 00:34:12,873 - MainThread - sqlmesh.core.engine_adapter.base - INFO - Executing SQL: /* SQLMESH_PLAN: d08e89d795bc4e218f6e01700b1ad261 */ CREATE OR REPLACE TABLE "sales_lakehouse"."sqlmesh__reports"."reports__rep_top_products__3498895152__dev" AS WITH "last_30_days" AS (SELECT "f"."sku" AS "sku", "p"."product_name" AS "product_name", "p"."product_category" AS "product_category", "p"."product_subcategory" AS "product_subcategory", "p"."is_innovation_product" AS "is_innovation_product", COUNT(DISTINCT "f"."sales_line_id") AS "transactions", SUM("f"."quantity") AS "total_quantity_sold", SUM("f"."total_amount") AS "total_revenue", COUNT(DISTINCT "f"."salesperson_key") AS "salespeople_selling", COUNT(DISTINCT "f"."client_key") AS "unique_customers", COUNT(DISTINCT "f"."region") AS "regions_sold_in" FROM "sales_lakehouse"."sqlmesh__marts"."marts__fact_sales__3261040808__dev" AS "f" JOIN "sales_lakehouse"."sqlmesh__marts"."marts__dim_products__763842527__dev" AS "p" ON "f"."product_key" = "p"."product_key" WHERE "f"."sale_date" >= CURRENT_DATE - INTERVAL '30' DAYS GROUP BY "f"."sku", "p"."product_name", "p"."product_category", "p"."product_subcategory", "p"."is_innovation_product"), "last_60_to_30_days" AS (SELECT "f"."sku" AS "sku", SUM("f"."total_amount") AS "prev_period_revenue" FROM "sales_lakehouse"."sqlmesh__marts"."marts__fact_sales__3261040808__dev" AS "f" WHERE "f"."sale_date" < CURRENT_DATE - INTERVAL '30' DAYS AND "f"."sale_date" >= CURRENT_DATE - INTERVAL '60' DAYS GROUP BY "f"."sku") SELECT "curr"."sku" AS "sku", "curr"."product_name" AS "product_name", "curr"."product_category" AS "product_category", "curr"."product_subcategory" AS "product_subcategory", "curr"."is_innovation_product" AS "is_innovation_product", "curr"."total_revenue" AS "total_revenue", "curr"."total_quantity_sold" AS "total_quantity_sold", "curr"."transactions" AS "transactions", "curr"."unique_customers" AS "unique_customers", "curr"."salespeople_selling" AS "salespeople_selling", "curr"."regions_sold_in" AS "regions_sold_in", ROUND("curr"."total_revenue" / NULLIF("curr"."transactions", 0), 0) AS "avg_transaction_value", COALESCE("prev"."prev_period_revenue", 0) AS "prev_period_revenue", "curr"."total_revenue" - COALESCE("prev"."prev_period_revenue", 0) AS "revenue_change", ROUND(("curr"."total_revenue" - COALESCE("prev"."prev_period_revenue", 0)) * 100.0 / NULLIF("prev"."prev_period_revenue", 0), 1) AS "revenue_growth_pct", CASE WHEN "prev"."prev_period_revenue" IS NULL THEN '🆕 New' WHEN "curr"."total_revenue" > "prev"."prev_period_revenue" * 1.2 THEN '🚀 Hot' WHEN "curr"."total_revenue" > "prev"."prev_period_revenue" THEN '📈 Growing' WHEN "curr"."total_revenue" >= "prev"."prev_period_revenue" * 0.9 THEN '➡️ Stable' ELSE '📉 Declining' END AS "trend", ROW_NUMBER() OVER (ORDER BY "curr"."total_revenue" DESC) AS "revenue_rank", CURRENT_TIMESTAMP AS "generated_at" FROM "last_30_days" AS "curr" LEFT JOIN "last_60_to_30_days" AS "prev" ON "curr"."sku" = "prev"."sku" ORDER BY "curr"."total_revenue" DESC LIMIT 20 (base.py:2626)
2026-01-17 00:34:12,914 - MainThread - sqlmesh.core.engine_adapter.base - INFO - Executing SQL: /* SQLMESH_PLAN: d08e89d795bc4e218f6e01700b1ad261 */ COMMENT ON TABLE "sales_lakehouse"."sqlmesh__reports"."reports__rep_top_products__3498895152__dev" IS 'Top 20 products by revenue with 30-day trend analysis' (base.py:2626)
2026-01-17 00:34:12,962 - MainThread - sqlmesh.core.engine_adapter.base - INFO - Executing SQL: /* SQLMESH_PLAN: d08e89d795bc4e218f6e01700b1ad261 */ COMMENT ON COLUMN "sales_lakehouse"."sqlmesh__reports"."reports__rep_top_products__3498895152__dev"."total_revenue" IS 'Current period metrics' (base.py:2626)
2026-01-17 00:34:13,005 - MainThread - sqlmesh.core.engine_adapter.base - INFO - Executing SQL: /* SQLMESH_PLAN: d08e89d795bc4e218f6e01700b1ad261 */ COMMENT ON COLUMN "sales_lakehouse"."sqlmesh__reports"."reports__rep_top_products__3498895152__dev"."prev_period_revenue" IS 'Trend analysis' (base.py:2626)
2026-01-17 00:34:13,052 - MainThread - sqlmesh.core.engine_adapter.base - INFO - Executing SQL: /* SQLMESH_PLAN: d08e89d795bc4e218f6e01700b1ad261 */ COMMENT ON COLUMN "sales_lakehouse"."sqlmesh__reports"."reports__rep_top_products__3498895152__dev"."trend" IS 'Trend classification' (base.py:2626)
2026-01-17 00:34:13,099 - MainThread - sqlmesh.core.state_sync.db.facade - INFO - Adding dev interval (2026-01-15 00:00:00, 2026-01-16 00:00:00) for snapshot SnapshotId<"sales_lakehouse"."reports"."rep_top_products": 3713710381> (facade.py:637)
2026-01-17 00:34:13,099 - MainThread - sqlmesh.core.state_sync.db.interval - INFO - Pushing intervals for snapshot SnapshotId<"sales_lakehouse"."reports"."rep_top_products": 3713710381> (interval.py:215)
2026-01-17 00:34:13,129 - MainThread - sqlmesh.core.snapshot.evaluator - INFO - Evaluating snapshot SnapshotId<"sales_lakehouse"."reports"."rep_target_attainment": 1022327787> (evaluator.py:711)
2026-01-17 00:34:13,132 - MainThread - sqlmesh.core.snapshot.evaluator - INFO - Inserting data for snapshot SnapshotId<"sales_lakehouse"."reports"."rep_target_attainment": 1022327787> (evaluator.py:952)
2026-01-17 00:34:13,212 - MainThread - sqlmesh.core.snapshot.evaluator - INFO - Inserting batch (2026-01-15 00:00:00, 2026-01-16 00:00:00) into sales_lakehouse.sqlmesh__reports.reports__rep_target_attainment__2422824286__dev' (evaluator.py:984)
2026-01-17 00:34:13,212 - MainThread - sqlmesh.core.engine_adapter.base - INFO - Executing SQL: /* SQLMESH_PLAN: d08e89d795bc4e218f6e01700b1ad261 */ DESCRIBE "sales_lakehouse"."sqlmesh__reports"."reports__rep_target_attainment__2422824286__dev" (base.py:2626)
2026-01-17 00:34:13,256 - MainThread - sqlmesh.core.engine_adapter.base - INFO - Executing SQL: /* SQLMESH_PLAN: d08e89d795bc4e218f6e01700b1ad261 */ DELETE FROM "sales_lakehouse"."sqlmesh__reports"."reports__rep_target_attainment__2422824286__dev" WHERE "performance_month" BETWEEN CAST('2026-01-15' AS DATE) AND CAST('2026-01-15' AS DATE) (base.py:2626)
2026-01-17 00:34:13,288 - MainThread - sqlmesh.core.engine_adapter.base - INFO - Executing SQL: /* SQLMESH_PLAN: d08e89d795bc4e218f6e01700b1ad261 */ INSERT INTO "sales_lakehouse"."sqlmesh__reports"."reports__rep_target_attainment__2422824286__dev" ("performance_month", "year", "month", "salesperson_id", "salesperson_name", "region", "subregion", "sales_channel", "product_category", "actual_sales", "total_quantity", "transactions", "unique_customers", "target_amount", "variance_amount", "achievement_pct", "performance_tier", "avg_transaction_value", "sales_per_customer", "generated_at") WITH "monthly_sales" AS (SELECT DATE_TRUNC('MONTH', "f"."sale_date") AS "performance_month", "f"."salesperson_id" AS "salesperson_id", "f"."salesperson_name" AS "salesperson_name", "f"."region" AS "region", "f"."subregion" AS "subregion", "f"."sales_channel" AS "sales_channel", "f"."product_category" AS "product_category", SUM("f"."total_amount") AS "actual_sales", SUM("f"."quantity") AS "total_quantity", COUNT(DISTINCT "f"."sales_line_id") AS "transactions", COUNT(DISTINCT "f"."client_key") AS "unique_customers" FROM "sales_lakehouse"."sqlmesh__marts"."marts__fact_sales__3261040808__dev" AS "f" WHERE FALSE GROUP BY DATE_TRUNC('MONTH', "f"."sale_date"), "f"."salesperson_id", "f"."salesperson_name", "f"."region", "f"."subregion", "f"."sales_channel", "f"."product_category"), "monthly_targets" AS (SELECT "t"."target_month" AS "performance_month", "t"."salesperson_id" AS "salesperson_id", "t"."product_category" AS "product_category", SUM("t"."target_amount") AS "target_amount" FROM "sales_lakehouse"."sqlmesh__marts"."marts__fact_targets__1725811394__dev" AS "t" GROUP BY "t"."target_month", "t"."salesperson_id", "t"."product_category") SELECT "performance_month", "year", "month", "salesperson_id", "salesperson_name", "region", "subregion", "sales_channel", "product_category", "actual_sales", "total_quantity", "transactions", "unique_customers", "target_amount", "variance_amount", "achievement_pct", "performance_tier", "avg_transaction_value", "sales_per_customer", "generated_at" FROM (SELECT "s"."performance_month" AS "performance_month", EXTRACT(YEAR FROM "s"."performance_month") AS "year", EXTRACT(MONTH FROM "s"."performance_month") AS "month", "s"."salesperson_id" AS "salesperson_id", "s"."salesperson_name" AS "salesperson_name", "s"."region" AS "region", "s"."subregion" AS "subregion", "s"."sales_channel" AS "sales_channel", "s"."product_category" AS "product_category", "s"."actual_sales" AS "actual_sales", "s"."total_quantity" AS "total_quantity", "s"."transactions" AS "transactions", "s"."unique_customers" AS "unique_customers", COALESCE("t"."target_amount", 0) AS "target_amount", "s"."actual_sales" - COALESCE("t"."target_amount", 0) AS "variance_amount", CASE WHEN "t"."target_amount" > 0 THEN ROUND(("s"."actual_sales" / "t"."target_amount") * 100, 1) ELSE NULL END AS "achievement_pct", CASE WHEN "t"."target_amount" IS NULL THEN 'No Target Set' WHEN "s"."actual_sales" >= "t"."target_amount" * 1.15 THEN '⭐ Excellent (115%+)' WHEN "s"."actual_sales" >= "t"."target_amount" * 1.05 THEN '✅ Exceeds (105-115%)' WHEN "s"."actual_sales" >= "t"."target_amount" * 0.95 THEN '🟢 Meets (95-105%)' WHEN "s"."actual_sales" >= "t"."target_amount" * 0.85 THEN '🟡 Near (85-95%)' WHEN "s"."actual_sales" >= "t"."target_amount" * 0.70 THEN '🟠 Below (70-85%)' ELSE '🔴 Critical (<70%)' END AS "performance_tier", ROUND("s"."actual_sales" / NULLIF("s"."transactions", 0), 0) AS "avg_transaction_value", ROUND("s"."actual_sales" / NULLIF("s"."unique_customers", 0), 0) AS "sales_per_customer", CURRENT_TIMESTAMP AS "generated_at" FROM "monthly_sales" AS "s" LEFT JOIN "monthly_targets" AS "t" ON "s"."performance_month" = "t"."performance_month" AND "s"."product_category" = "t"."product_category" AND "s"."salesperson_id" = "t"."salesperson_id" ORDER BY "s"."performance_month" DESC, "s"."actual_sales" DESC) AS "_subquery" WHERE "performance_month" BETWEEN CAST('2026-01-15' AS DATE) AND CAST('2026-01-15' AS DATE) (base.py:2626)
2026-01-17 00:34:13,303 - MainThread - sqlmesh.core.state_sync.db.facade - INFO - Adding dev interval (2026-01-15 00:00:00, 2026-01-16 00:00:00) for snapshot SnapshotId<"sales_lakehouse"."reports"."rep_target_attainment": 1022327787> (facade.py:637)
2026-01-17 00:34:13,303 - MainThread - sqlmesh.core.state_sync.db.interval - INFO - Pushing intervals for snapshot SnapshotId<"sales_lakehouse"."reports"."rep_target_attainment": 1022327787> (interval.py:215)
2026-01-17 00:34:13,336 - MainThread - sqlmesh.core.scheduler - INFO - Execution failed for node EvaluateNode(snapshot_name='"sales_lakehouse"."reports"."rep_weekly_meeting"', interval=(1768435200000, 1768176000000), batch_index=0) (scheduler.py:618)
Traceback (most recent call last):
  File "C:\Users\User\env\Lib\site-packages\sqlmesh\utils\concurrency.py", line 234, in sequential_apply_to_dag
    fn(node)
    ~~^^^^^^
  File "C:\Users\User\env\Lib\site-packages\sqlmesh\core\scheduler.py", line 554, in run_node
    audit_results = self.evaluate(
        snapshot=snapshot,
    ...<9 lines>...
        selected_models=selected_models,
    )
  File "C:\Users\User\env\Lib\site-packages\sqlmesh\core\scheduler.py", line 223, in evaluate
    validate_date_range(start, end)
    ~~~~~~~~~~~~~~~~~~~^^^^^^^^^^^^
  File "C:\Users\User\env\Lib\site-packages\sqlmesh\utils\date.py", line 366, in validate_date_range
    raise ValueError(
        f"Start date / time ({start}) can't be greater than end date / time ({end})"
    )
ValueError: Start date / time (1768435200000) can't be greater than end date / time (1768176000000)

The above exception was the direct cause of the following exception:

sqlmesh.utils.concurrency.NodeExecutionFailedError: Execution failed for node EvaluateNode(snapshot_name='"sales_lakehouse"."reports"."rep_weekly_meeting"', interval=(1768435200000, 1768176000000), batch_index=0)
2026-01-17 00:34:13,344 - MainThread - sqlmesh.core.context - INFO - Plan application failed. (context.py:1797)
Traceback (most recent call last):
  File "C:\Users\User\env\Lib\site-packages\sqlmesh\core\context.py", line 1789, in apply
    self._apply(plan, circuit_breaker)
    ~~~~~~~~~~~^^^^^^^^^^^^^^^^^^^^^^^
  File "C:\Users\User\env\Lib\site-packages\sqlmesh\core\context.py", line 2582, in _apply
    self._scheduler.create_plan_evaluator(self).evaluate(
    ~~~~~~~~~~~~~~~~~~~~~~~~~~~~~~~~~~~~~~~~~~~~~~~~~~~~^
        plan.to_evaluatable(), circuit_breaker=circuit_breaker
        ^^^^^^^^^^^^^^^^^^^^^^^^^^^^^^^^^^^^^^^^^^^^^^^^^^^^^^
    )
    ^
  File "C:\Users\User\env\Lib\site-packages\sqlmesh\core\plan\evaluator.py", line 105, in evaluate
    self._evaluate_stages(plan_stages, plan)
    ~~~~~~~~~~~~~~~~~~~~~^^^^^^^^^^^^^^^^^^^
  File "C:\Users\User\env\Lib\site-packages\sqlmesh\core\plan\evaluator.py", line 125, in _evaluate_stages
    handler(stage, plan)
    ~~~~~~~^^^^^^^^^^^^^
  File "C:\Users\User\env\Lib\site-packages\sqlmesh\core\plan\evaluator.py", line 264, in visit_backfill_stage
    raise PlanError("Plan application failed.")
sqlmesh.utils.errors.PlanError: Plan application failed.
2026-01-17 00:34:13,507 - MainThread - root - INFO - Shutting down the event dispatcher (dispatcher.py:159)
2026-01-17 00:34:13,510 - MainThread - sqlmesh.core.analytics.dispatcher - INFO - Failed to emit events: HTTPSConnectionPool(host='analytics.tobikodata.com', port=443): Max retries exceeded with url: /v1/sqlmesh/ (Caused by NameResolutionError("<urllib3.connection.HTTPSConnection object at 0x00000150192456D0>: Failed to resolve 'analytics.tobikodata.com' ([Errno 11001] getaddrinfo failed)")) (dispatcher.py:138)
