2026-01-14 15:18:36,986 - MainThread - sqlmesh.core.config.connection - INFO - Creating new DuckDB adapter for data files: {'../data/warehouse/catalog.ducklake'} (connection.py:496)
2026-01-14 15:18:38,631 - MainThread - sqlmesh.core.config.connection - INFO - Creating new DuckDB adapter for data files: {'../data/warehouse/sqlmesh_state.db'} (connection.py:496)
2026-01-14 15:18:46,716 - MainThread - sqlmesh.core.plan.evaluator - INFO - Evaluating plan stage CreateSnapshotRecordsStage (evaluator.py:123)
2026-01-14 15:18:46,814 - MainThread - sqlmesh.core.plan.evaluator - INFO - Evaluating plan stage PhysicalLayerSchemaCreationStage (evaluator.py:123)
2026-01-14 15:18:46,818 - MainThread - sqlmesh.core.snapshot.evaluator - INFO - Creating schema 'sales_lakehouse.sqlmesh__marts' (evaluator.py:1449)
2026-01-14 15:18:46,819 - MainThread - sqlmesh.core.engine_adapter.base - INFO - Executing SQL: /* SQLMESH_PLAN: 06247638afae4040b5b6bb96421c176f */ CREATE SCHEMA IF NOT EXISTS "sales_lakehouse"."sqlmesh__marts" (base.py:2626)
2026-01-14 15:18:48,147 - MainThread - sqlmesh.core.snapshot.evaluator - INFO - Creating schema 'sales_lakehouse.sqlmesh__reports' (evaluator.py:1449)
2026-01-14 15:18:48,148 - MainThread - sqlmesh.core.engine_adapter.base - INFO - Executing SQL: /* SQLMESH_PLAN: 06247638afae4040b5b6bb96421c176f */ CREATE SCHEMA IF NOT EXISTS "sales_lakehouse"."sqlmesh__reports" (base.py:2626)
2026-01-14 15:18:48,151 - MainThread - sqlmesh.core.snapshot.evaluator - INFO - Creating schema 'sales_lakehouse.sqlmesh__raw' (evaluator.py:1449)
2026-01-14 15:18:48,152 - MainThread - sqlmesh.core.engine_adapter.base - INFO - Executing SQL: /* SQLMESH_PLAN: 06247638afae4040b5b6bb96421c176f */ CREATE SCHEMA IF NOT EXISTS "sales_lakehouse"."sqlmesh__raw" (base.py:2626)
2026-01-14 15:18:48,156 - MainThread - sqlmesh.core.snapshot.evaluator - INFO - Creating schema 'sales_lakehouse.sqlmesh__staging' (evaluator.py:1449)
2026-01-14 15:18:48,156 - MainThread - sqlmesh.core.engine_adapter.base - INFO - Executing SQL: /* SQLMESH_PLAN: 06247638afae4040b5b6bb96421c176f */ CREATE SCHEMA IF NOT EXISTS "sales_lakehouse"."sqlmesh__staging" (base.py:2626)
2026-01-14 15:18:48,159 - MainThread - sqlmesh.core.plan.evaluator - INFO - Evaluating plan stage BackfillStage (evaluator.py:123)
2026-01-14 15:18:48,168 - MainThread - sqlmesh.core.snapshot.evaluator - INFO - Listing data objects in schema sales_lakehouse.sqlmesh__marts (evaluator.py:1616)
2026-01-14 15:18:48,169 - MainThread - sqlmesh.core.engine_adapter.base - INFO - Executing SQL: /* SQLMESH_PLAN: 06247638afae4040b5b6bb96421c176f */ SELECT CURRENT_CATALOG() (base.py:2626)
2026-01-14 15:18:48,173 - MainThread - sqlmesh.core.engine_adapter.base - INFO - Executing SQL: /* SQLMESH_PLAN: 06247638afae4040b5b6bb96421c176f */ SELECT CURRENT_CATALOG() (base.py:2626)
2026-01-14 15:18:48,177 - MainThread - sqlmesh.core.engine_adapter.base - INFO - Executing SQL: /* SQLMESH_PLAN: 06247638afae4040b5b6bb96421c176f */ SELECT table_name AS name, table_schema AS schema, CASE table_type WHEN 'BASE TABLE' THEN 'table' WHEN 'VIEW' THEN 'view' WHEN 'LOCAL TEMPORARY' THEN 'table' END AS type FROM system.information_schema.tables WHERE (table_catalog = 'sales_lakehouse' AND table_schema = 'sqlmesh__marts') AND table_name IN ('marts__dim_date__2600068558__dev', 'marts__dim_products__3937647200__dev', 'marts__fact_sales__3604273512__dev', 'marts__fact_targets__3818688260__dev', 'marts__dim_salesperson__1049679837__dev', 'marts__dim_clientsd__4263660236__dev') (base.py:2626)
2026-01-14 15:18:48,203 - MainThread - sqlmesh.core.snapshot.evaluator - INFO - Listing data objects in schema sales_lakehouse.sqlmesh__staging (evaluator.py:1616)
2026-01-14 15:18:48,203 - MainThread - sqlmesh.core.engine_adapter.base - INFO - Executing SQL: /* SQLMESH_PLAN: 06247638afae4040b5b6bb96421c176f */ SELECT CURRENT_CATALOG() (base.py:2626)
2026-01-14 15:18:48,208 - MainThread - sqlmesh.core.engine_adapter.base - INFO - Executing SQL: /* SQLMESH_PLAN: 06247638afae4040b5b6bb96421c176f */ SELECT CURRENT_CATALOG() (base.py:2626)
2026-01-14 15:18:48,212 - MainThread - sqlmesh.core.engine_adapter.base - INFO - Executing SQL: /* SQLMESH_PLAN: 06247638afae4040b5b6bb96421c176f */ SELECT table_name AS name, table_schema AS schema, CASE table_type WHEN 'BASE TABLE' THEN 'table' WHEN 'VIEW' THEN 'view' WHEN 'LOCAL TEMPORARY' THEN 'table' END AS type FROM system.information_schema.tables WHERE (table_catalog = 'sales_lakehouse' AND table_schema = 'sqlmesh__staging') AND table_name IN ('staging__stg_salesteam_data__3527212438__dev', 'staging__stg_clientsd_data__127883341__dev', 'staging__stg_products_data__6856050__dev', 'staging__stg_targets_data__1155525254__dev', 'staging__stg_sales_data__1826716767') (base.py:2626)
2026-01-14 15:18:48,220 - MainThread - sqlmesh.core.snapshot.evaluator - INFO - Listing data objects in schema sales_lakehouse.sqlmesh__reports (evaluator.py:1616)
2026-01-14 15:18:48,221 - MainThread - sqlmesh.core.engine_adapter.base - INFO - Executing SQL: /* SQLMESH_PLAN: 06247638afae4040b5b6bb96421c176f */ SELECT CURRENT_CATALOG() (base.py:2626)
2026-01-14 15:18:48,224 - MainThread - sqlmesh.core.engine_adapter.base - INFO - Executing SQL: /* SQLMESH_PLAN: 06247638afae4040b5b6bb96421c176f */ SELECT CURRENT_CATALOG() (base.py:2626)
2026-01-14 15:18:48,228 - MainThread - sqlmesh.core.engine_adapter.base - INFO - Executing SQL: /* SQLMESH_PLAN: 06247638afae4040b5b6bb96421c176f */ SELECT table_name AS name, table_schema AS schema, CASE table_type WHEN 'BASE TABLE' THEN 'table' WHEN 'VIEW' THEN 'view' WHEN 'LOCAL TEMPORARY' THEN 'table' END AS type FROM system.information_schema.tables WHERE (table_catalog = 'sales_lakehouse' AND table_schema = 'sqlmesh__reports') AND table_name IN ('reports__rep_target_attainment__1994295074__dev', 'reports__rep_top_products__2072532422__dev', 'reports__rep_weekly_meeting__1204335289__dev') (base.py:2626)
2026-01-14 15:18:48,238 - MainThread - sqlmesh.core.snapshot.evaluator - INFO - Creating a physical table for snapshot SnapshotId<"sales_lakehouse"."staging"."stg_sales_data": 195319570> (evaluator.py:870)
2026-01-14 15:18:48,273 - MainThread - sqlmesh.core.snapshot.evaluator - INFO - Creating table 'sales_lakehouse.sqlmesh__staging.staging__stg_sales_data__1826716767' (evaluator.py:2042)
2026-01-14 15:18:48,274 - MainThread - sqlmesh.core.engine_adapter.base - INFO - Executing SQL: /* SQLMESH_PLAN: 06247638afae4040b5b6bb96421c176f */ SELECT CURRENT_CATALOG() (base.py:2626)
2026-01-14 15:18:48,281 - MainThread - sqlmesh.core.engine_adapter.base - INFO - Executing SQL: /* SQLMESH_PLAN: 06247638afae4040b5b6bb96421c176f */ SELECT type FROM DUCKDB_DATABASES() WHERE database_name = 'sales_lakehouse' (base.py:2626)
2026-01-14 15:18:48,325 - MainThread - sqlmesh.core.engine_adapter.base - INFO - Executing SQL: /* SQLMESH_PLAN: 06247638afae4040b5b6bb96421c176f */ CREATE TABLE IF NOT EXISTS "sales_lakehouse"."sqlmesh__staging"."staging__stg_sales_data__1826716767" AS SELECT "sales_line_id" AS "sales_line_id", TRY_CAST("date" AS DATE) AS "sale_date", TRIM(UPPER("sku")) AS "sku", TRIM("product_name") AS "product_name", TRIM("product_cat") AS "product_category", TRIM("product_subcat") AS "product_subcategory", TRY_CAST(NULLIF(TRIM("qty"), '') AS DECIMAL(10, 2)) AS "quantity", TRY_CAST(NULLIF(TRIM("unit_price"), '') AS INT) AS "unit_price", TRY_CAST(NULLIF(TRIM("amount"), '') AS DECIMAL(12, 2)) AS "sales_amount", TRY_CAST(NULLIF(TRIM("unit_weight"), '') AS DECIMAL(10, 2)) AS "unit_weight_kg", TRIM("salesperson_id") AS "salesperson_id", TRIM("salesperson") AS "salesperson_name", TRIM("supervisor") AS "supervisor_name", TRIM("channel") AS "sales_channel", TRIM("clientsd_id") AS "client_id", TRIM("sd_destocke") AS "sd_destocked", TRIM("region") AS "region", TRIM("city") AS "city", TRIM("localisation") AS "location", TRIM("filename_subregion") AS "filename_subregion", CASE WHEN LOWER(TRIM("is_innovation")) IN ('true', 'yes', '1', 'oui') THEN TRUE ELSE FALSE END AS "is_innovation_product" FROM "sales_lakehouse"."sqlmesh__raw"."raw__sales_data__1933981874" AS "sales_data" WHERE (NOT TRY_CAST("date" AS DATE) IS NULL AND TRY_CAST("date" AS DATE) >= CAST('1970-01-01' AS DATE) AND TRY_CAST("date" AS DATE) < CAST('1970-01-01' AS DATE) AND NOT TRIM("sku") IS NULL AND TRIM("sku") <> '') AND FALSE LIMIT 0 (base.py:2626)
2026-01-14 15:18:48,371 - MainThread - sqlmesh.core.snapshot.evaluator - INFO - Evaluating snapshot SnapshotId<"sales_lakehouse"."staging"."stg_clientsd_data": 1995539716> (evaluator.py:711)
2026-01-14 15:18:48,372 - MainThread - sqlmesh.core.snapshot.evaluator - INFO - Inserting data for snapshot SnapshotId<"sales_lakehouse"."staging"."stg_clientsd_data": 1995539716> (evaluator.py:952)
2026-01-14 15:18:48,381 - MainThread - sqlmesh.core.snapshot.evaluator - INFO - Inserting batch (2026-01-13 00:00:00, 2026-01-14 00:00:00) into sales_lakehouse.sqlmesh__staging.staging__stg_clientsd_data__127883341__dev' (evaluator.py:984)
2026-01-14 15:18:48,383 - MainThread - sqlmesh.core.engine_adapter.base - INFO - Executing SQL: /* SQLMESH_PLAN: 06247638afae4040b5b6bb96421c176f */ SELECT CURRENT_CATALOG() (base.py:2626)
2026-01-14 15:18:48,388 - MainThread - sqlmesh.core.engine_adapter.base - INFO - Executing SQL: /* SQLMESH_PLAN: 06247638afae4040b5b6bb96421c176f */ SELECT type FROM DUCKDB_DATABASES() WHERE database_name = 'sales_lakehouse' (base.py:2626)
2026-01-14 15:18:48,394 - MainThread - sqlmesh.core.engine_adapter.base - INFO - Executing SQL: /* SQLMESH_PLAN: 06247638afae4040b5b6bb96421c176f */ CREATE OR REPLACE TABLE "sales_lakehouse"."sqlmesh__staging"."staging__stg_clientsd_data__127883341__dev" AS SELECT CAST("client_sd_ref_id" AS TEXT) AS "client_sd_ref_id", CAST("sd_id" AS TEXT) AS "sd_id", CAST("sd_name" AS TEXT) AS "sd_name", CAST("region" AS TEXT) AS "region", CAST("subregion" AS TEXT) AS "subregion", CAST("city" AS TEXT) AS "city", CAST("key_player" AS TEXT) AS "key_player", CAST("phone_number" AS TEXT) AS "phone_number", CAST("is_destocked" AS BOOLEAN) AS "is_destocked" FROM (SELECT "clientsd_data"."client_sd_ref_id" AS "client_sd_ref_id", TRIM("clientsd_data"."sd_id") AS "sd_id", TRIM("clientsd_data"."sd_name") AS "sd_name", TRIM("clientsd_data"."region") AS "region", TRIM("clientsd_data"."subregion") AS "subregion", TRIM("clientsd_data"."city") AS "city", TRIM("clientsd_data"."kp") AS "key_player", TRIM("clientsd_data"."phone") AS "phone_number", CASE WHEN LOWER(TRIM("clientsd_data"."is_destocked")) IN ('true', 'yes', '1', 'oui') THEN TRUE ELSE FALSE END AS "is_destocked" FROM "sales_lakehouse"."sqlmesh__raw"."raw__clientsd_data__1402190618" AS "clientsd_data" WHERE NOT TRIM("clientsd_data"."sd_id") IS NULL AND TRIM("clientsd_data"."sd_id") <> '') AS "_subquery" (base.py:2626)
2026-01-14 15:18:48,452 - MainThread - sqlmesh.core.state_sync.db.facade - INFO - Adding dev interval (2026-01-13 00:00:00, 2026-01-14 00:00:00) for snapshot SnapshotId<"sales_lakehouse"."staging"."stg_clientsd_data": 1995539716> (facade.py:637)
2026-01-14 15:18:48,452 - MainThread - sqlmesh.core.state_sync.db.interval - INFO - Pushing intervals for snapshot SnapshotId<"sales_lakehouse"."staging"."stg_clientsd_data": 1995539716> (interval.py:215)
2026-01-14 15:18:48,482 - MainThread - sqlmesh.core.snapshot.evaluator - INFO - Evaluating snapshot SnapshotId<"sales_lakehouse"."staging"."stg_products_data": 1569184234> (evaluator.py:711)
2026-01-14 15:18:48,483 - MainThread - sqlmesh.core.snapshot.evaluator - INFO - Inserting data for snapshot SnapshotId<"sales_lakehouse"."staging"."stg_products_data": 1569184234> (evaluator.py:952)
2026-01-14 15:18:48,496 - MainThread - sqlmesh.core.snapshot.evaluator - INFO - Inserting batch (2026-01-13 00:00:00, 2026-01-14 00:00:00) into sales_lakehouse.sqlmesh__staging.staging__stg_products_data__6856050__dev' (evaluator.py:984)
2026-01-14 15:18:48,500 - MainThread - sqlmesh.core.engine_adapter.base - INFO - Executing SQL: /* SQLMESH_PLAN: 06247638afae4040b5b6bb96421c176f */ SELECT CURRENT_CATALOG() (base.py:2626)
2026-01-14 15:18:48,543 - MainThread - sqlmesh.core.engine_adapter.base - INFO - Executing SQL: /* SQLMESH_PLAN: 06247638afae4040b5b6bb96421c176f */ SELECT type FROM DUCKDB_DATABASES() WHERE database_name = 'sales_lakehouse' (base.py:2626)
2026-01-14 15:18:48,549 - MainThread - sqlmesh.core.engine_adapter.base - INFO - Executing SQL: /* SQLMESH_PLAN: 06247638afae4040b5b6bb96421c176f */ CREATE OR REPLACE TABLE "sales_lakehouse"."sqlmesh__staging"."staging__stg_products_data__6856050__dev" AS SELECT CAST("product_ref_id" AS TEXT) AS "product_ref_id", CAST("sku" AS TEXT) AS "sku", CAST("product_name" AS TEXT) AS "product_name", CAST("product_category" AS TEXT) AS "product_category", CAST("product_subcategory" AS TEXT) AS "product_subcategory", CAST("unit_price" AS INT) AS "unit_price", CAST("unit_weight_kg" AS DECIMAL(10, 2)) AS "unit_weight_kg", CAST("is_innovation_product" AS BOOLEAN) AS "is_innovation_product" FROM (SELECT "products_data"."product_ref_id" AS "product_ref_id", TRIM(UPPER("products_data"."sku")) AS "sku", TRIM("products_data"."product_name") AS "product_name", TRIM("products_data"."product_category") AS "product_category", TRIM("products_data"."product_subcategory") AS "product_subcategory", TRY_CAST("products_data"."unit_price" AS INT) AS "unit_price", TRY_CAST("products_data"."unit_weight" AS DECIMAL(10, 2)) AS "unit_weight_kg", CASE WHEN LOWER(TRIM("products_data"."is_innovation")) IN ('true', 'yes', '1', 'oui') THEN TRUE ELSE FALSE END AS "is_innovation_product" FROM "sales_lakehouse"."sqlmesh__raw"."raw__products_data__377788166" AS "products_data" WHERE NOT TRIM("products_data"."sku") IS NULL AND TRIM("products_data"."sku") <> '') AS "_subquery" (base.py:2626)
2026-01-14 15:18:48,590 - MainThread - sqlmesh.core.state_sync.db.facade - INFO - Adding dev interval (2026-01-13 00:00:00, 2026-01-14 00:00:00) for snapshot SnapshotId<"sales_lakehouse"."staging"."stg_products_data": 1569184234> (facade.py:637)
2026-01-14 15:18:48,590 - MainThread - sqlmesh.core.state_sync.db.interval - INFO - Pushing intervals for snapshot SnapshotId<"sales_lakehouse"."staging"."stg_products_data": 1569184234> (interval.py:215)
2026-01-14 15:18:48,685 - MainThread - sqlmesh.core.snapshot.evaluator - INFO - Evaluating snapshot SnapshotId<"sales_lakehouse"."marts"."dim_clientsd": 1495680486> (evaluator.py:711)
2026-01-14 15:18:48,697 - MainThread - sqlmesh.core.snapshot.evaluator - INFO - Creating table 'sales_lakehouse.sqlmesh__marts.marts__dim_clientsd__4263660236__dev' (evaluator.py:2042)
2026-01-14 15:18:48,697 - MainThread - sqlmesh.core.engine_adapter.base - INFO - Executing SQL: /* SQLMESH_PLAN: 06247638afae4040b5b6bb96421c176f */ SELECT CURRENT_CATALOG() (base.py:2626)
2026-01-14 15:18:48,731 - MainThread - sqlmesh.core.engine_adapter.base - INFO - Executing SQL: /* SQLMESH_PLAN: 06247638afae4040b5b6bb96421c176f */ SELECT type FROM DUCKDB_DATABASES() WHERE database_name = 'sales_lakehouse' (base.py:2626)
2026-01-14 15:18:48,735 - MainThread - sqlmesh.core.engine_adapter.base - INFO - Executing SQL: /* SQLMESH_PLAN: 06247638afae4040b5b6bb96421c176f */ CREATE TABLE IF NOT EXISTS "sales_lakehouse"."sqlmesh__marts"."marts__dim_clientsd__4263660236__dev" AS WITH "clients_with_versions" AS (SELECT "sd_id", "sd_name", "region", "subregion", "city", "key_player", "phone_number", "is_destocked" FROM "sales_lakehouse"."sqlmesh__staging"."staging__stg_clientsd_data__127883341__dev" AS "stg_clientsd_data" WHERE FALSE) SELECT ROW_NUMBER() OVER (ORDER BY "sd_id", CURRENT_TIMESTAMP) AS "client_key", "sd_id" AS "sd_id", "sd_name" AS "sd_name", "region" AS "region", "subregion" AS "subregion", "city" AS "city", "key_partner_type" AS "key_partner_type", "phone_number" AS "phone_number", "is_destocked" AS "is_destocked", CAST(NULL AS TIMESTAMP) AS "valid_from", CAST(NULL AS TIMESTAMP) AS "valid_to" FROM "clients_with_versions" AS "clients_with_versions" WHERE FALSE LIMIT 0 (base.py:2626)
2026-01-14 15:18:48,741 - MainThread - sqlmesh.core.snapshot.evaluator - INFO - Evaluating snapshot SnapshotId<"sales_lakehouse"."marts"."dim_products": 945202718> (evaluator.py:711)
2026-01-14 15:18:48,751 - MainThread - sqlmesh.core.snapshot.evaluator - INFO - Creating table 'sales_lakehouse.sqlmesh__marts.marts__dim_products__3937647200__dev' (evaluator.py:2042)
2026-01-14 15:18:48,752 - MainThread - sqlmesh.core.engine_adapter.base - INFO - Executing SQL: /* SQLMESH_PLAN: 06247638afae4040b5b6bb96421c176f */ SELECT CURRENT_CATALOG() (base.py:2626)
2026-01-14 15:18:48,756 - MainThread - sqlmesh.core.engine_adapter.base - INFO - Executing SQL: /* SQLMESH_PLAN: 06247638afae4040b5b6bb96421c176f */ SELECT type FROM DUCKDB_DATABASES() WHERE database_name = 'sales_lakehouse' (base.py:2626)
2026-01-14 15:18:48,760 - MainThread - sqlmesh.core.engine_adapter.base - INFO - Executing SQL: /* SQLMESH_PLAN: 06247638afae4040b5b6bb96421c176f */ CREATE TABLE IF NOT EXISTS "sales_lakehouse"."sqlmesh__marts"."marts__dim_products__3937647200__dev" AS WITH "products_with_versions" AS (SELECT "stg_products_data"."sku" AS "sku", "stg_products_data"."product_name" AS "product_name", "stg_products_data"."product_category" AS "product_category", "stg_products_data"."product_subcategory" AS "product_subcategory", "stg_products_data"."unit_price" AS "unit_price", "stg_products_data"."unit_weight_kg" AS "unit_weight_kg", "stg_products_data"."is_innovation_product" AS "is_innovation_product" FROM "sales_lakehouse"."sqlmesh__staging"."staging__stg_products_data__6856050__dev" AS "stg_products_data" WHERE FALSE) SELECT ROW_NUMBER() OVER (ORDER BY "products_with_versions"."sku", CURRENT_TIMESTAMP) AS "product_key", "products_with_versions"."sku" AS "sku", "products_with_versions"."product_name" AS "product_name", "products_with_versions"."product_category" AS "product_category", "products_with_versions"."product_subcategory" AS "product_subcategory", "products_with_versions"."unit_price" AS "unit_price", "products_with_versions"."unit_weight_kg" AS "unit_weight_kg", "products_with_versions"."is_innovation_product" AS "is_innovation_product", CAST(NULL AS TIMESTAMP) AS "valid_from", CAST(NULL AS TIMESTAMP) AS "valid_to" FROM "products_with_versions" AS "products_with_versions" WHERE FALSE LIMIT 0 (base.py:2626)
2026-01-14 15:18:48,775 - MainThread - sqlmesh.core.snapshot.evaluator - INFO - Inserting data for snapshot SnapshotId<"sales_lakehouse"."marts"."dim_products": 945202718> (evaluator.py:952)
2026-01-14 15:18:48,783 - MainThread - sqlmesh.core.snapshot.evaluator - INFO - Inserting batch (2026-01-13 00:00:00, 2026-01-14 00:00:00) into sales_lakehouse.sqlmesh__marts.marts__dim_products__3937647200__dev' (evaluator.py:984)
2026-01-14 15:18:48,783 - MainThread - sqlmesh.core.engine_adapter.base - INFO - Executing SQL: /* SQLMESH_PLAN: 06247638afae4040b5b6bb96421c176f */ DESCRIBE "sales_lakehouse"."sqlmesh__marts"."marts__dim_products__3937647200__dev" (base.py:2626)
2026-01-14 15:18:48,849 - MainThread - sqlmesh.core.engine_adapter.base - INFO - Executing SQL: /* SQLMESH_PLAN: 06247638afae4040b5b6bb96421c176f */ SELECT CURRENT_CATALOG() (base.py:2626)
2026-01-14 15:18:48,852 - MainThread - sqlmesh.core.engine_adapter.base - INFO - Executing SQL: /* SQLMESH_PLAN: 06247638afae4040b5b6bb96421c176f */ SELECT CURRENT_CATALOG() (base.py:2626)
2026-01-14 15:18:48,856 - MainThread - sqlmesh.core.engine_adapter.base - INFO - Executing SQL: /* SQLMESH_PLAN: 06247638afae4040b5b6bb96421c176f */ SELECT table_name AS name, table_schema AS schema, CASE table_type WHEN 'BASE TABLE' THEN 'table' WHEN 'VIEW' THEN 'view' WHEN 'LOCAL TEMPORARY' THEN 'table' END AS type FROM system.information_schema.tables WHERE (table_catalog = 'sales_lakehouse' AND table_schema = 'sqlmesh__marts') AND table_name IN ('marts__dim_products__3937647200__dev') (base.py:2626)
2026-01-14 15:18:48,870 - MainThread - sqlmesh.core.engine_adapter.base - INFO - Executing SQL: /* SQLMESH_PLAN: 06247638afae4040b5b6bb96421c176f */ SELECT CURRENT_CATALOG() (base.py:2626)
2026-01-14 15:18:48,873 - MainThread - sqlmesh.core.engine_adapter.base - INFO - Executing SQL: /* SQLMESH_PLAN: 06247638afae4040b5b6bb96421c176f */ SELECT type FROM DUCKDB_DATABASES() WHERE database_name = 'sales_lakehouse' (base.py:2626)
2026-01-14 15:18:48,877 - MainThread - sqlmesh.core.engine_adapter.base - INFO - Executing SQL: /* SQLMESH_PLAN: 06247638afae4040b5b6bb96421c176f */ CREATE TABLE IF NOT EXISTS "sales_lakehouse"."sqlmesh__marts"."marts__dim_products__3937647200__dev" ("product_key" BIGINT, "sku" TEXT, "product_name" TEXT, "product_category" TEXT, "product_subcategory" TEXT, "unit_price" INT, "unit_weight_kg" DECIMAL(10, 2), "is_innovation_product" BOOLEAN, "valid_from" TIMESTAMP, "valid_to" TIMESTAMP) (base.py:2626)
2026-01-14 15:18:48,880 - MainThread - sqlmesh.core.engine_adapter.base - INFO - Executing SQL: /* SQLMESH_PLAN: 06247638afae4040b5b6bb96421c176f */ COMMENT ON COLUMN "sales_lakehouse"."sqlmesh__marts"."marts__dim_products__3937647200__dev"."product_key" IS 'Surrogate key - Integer for Power BI relationships' (base.py:2626)
2026-01-14 15:18:48,894 - MainThread - sqlmesh.core.engine_adapter.base - INFO - Executing SQL: /* SQLMESH_PLAN: 06247638afae4040b5b6bb96421c176f */ COMMENT ON COLUMN "sales_lakehouse"."sqlmesh__marts"."marts__dim_products__3937647200__dev"."sku" IS 'Natural key (business key)' (base.py:2626)
2026-01-14 15:18:48,932 - MainThread - sqlmesh.core.engine_adapter.base - INFO - Executing SQL: /* SQLMESH_PLAN: 06247638afae4040b5b6bb96421c176f */ COMMENT ON COLUMN "sales_lakehouse"."sqlmesh__marts"."marts__dim_products__3937647200__dev"."product_name" IS 'Product attributes' (base.py:2626)
2026-01-14 15:18:48,974 - MainThread - sqlmesh.core.engine_adapter.base - INFO - Executing SQL: /* SQLMESH_PLAN: 06247638afae4040b5b6bb96421c176f */ SELECT CURRENT_CATALOG() (base.py:2626)
2026-01-14 15:18:49,000 - MainThread - sqlmesh.core.engine_adapter.base - INFO - Executing SQL: /* SQLMESH_PLAN: 06247638afae4040b5b6bb96421c176f */ SELECT type FROM DUCKDB_DATABASES() WHERE database_name = 'sales_lakehouse' (base.py:2626)
2026-01-14 15:18:49,016 - MainThread - sqlmesh.core.engine_adapter.base - INFO - Executing SQL: /* SQLMESH_PLAN: 06247638afae4040b5b6bb96421c176f */ CREATE OR REPLACE TABLE "sales_lakehouse"."sqlmesh__marts"."marts__dim_products__3937647200__dev" AS WITH "source" AS (SELECT DISTINCT ON ("sku") TRUE AS "_exists", "product_key", "sku", "product_name", "product_category", "product_subcategory", "unit_price", "unit_weight_kg", "is_innovation_product" FROM (WITH "products_with_versions" AS (SELECT "stg_products_data"."sku" AS "sku", "stg_products_data"."product_name" AS "product_name", "stg_products_data"."product_category" AS "product_category", "stg_products_data"."product_subcategory" AS "product_subcategory", "stg_products_data"."unit_price" AS "unit_price", "stg_products_data"."unit_weight_kg" AS "unit_weight_kg", "stg_products_data"."is_innovation_product" AS "is_innovation_product" FROM "sales_lakehouse"."sqlmesh__staging"."staging__stg_products_data__6856050__dev" AS "stg_products_data") SELECT ROW_NUMBER() OVER (ORDER BY "products_with_versions"."sku", CURRENT_TIMESTAMP) AS "product_key", "products_with_versions"."sku" AS "sku", "products_with_versions"."product_name" AS "product_name", "products_with_versions"."product_category" AS "product_category", "products_with_versions"."product_subcategory" AS "product_subcategory", "products_with_versions"."unit_price" AS "unit_price", "products_with_versions"."unit_weight_kg" AS "unit_weight_kg", "products_with_versions"."is_innovation_product" AS "is_innovation_product" FROM "products_with_versions" AS "products_with_versions") AS "raw_source"), "static" AS (SELECT "product_key", "sku", "product_name", "product_category", "product_subcategory", "unit_price", "unit_weight_kg", "is_innovation_product", "valid_from", "valid_to", TRUE AS "_exists" FROM "sales_lakehouse"."sqlmesh__marts"."marts__dim_products__3937647200__dev" WHERE NOT "valid_to" IS NULL LIMIT 0), "latest" AS (SELECT "product_key", "sku", "product_name", "product_category", "product_subcategory", "unit_price", "unit_weight_kg", "is_innovation_product", "valid_from", "valid_to", TRUE AS "_exists" FROM "sales_lakehouse"."sqlmesh__marts"."marts__dim_products__3937647200__dev" WHERE "valid_to" IS NULL LIMIT 0), "deleted" AS (SELECT "static"."product_key", "static"."sku", "static"."product_name", "static"."product_category", "static"."product_subcategory", "static"."unit_price", "static"."unit_weight_kg", "static"."is_innovation_product", "static"."valid_from", "static"."valid_to" FROM "static" LEFT JOIN "latest" ON "static"."sku" = "latest"."sku" WHERE "latest"."valid_to" IS NULL), "latest_deleted" AS (SELECT TRUE AS "_exists", "sku" AS "_key0", MAX("valid_to") AS "valid_to" FROM "deleted" GROUP BY "sku"), "joined" AS (SELECT "source"."_exists" AS "_exists", "latest"."product_key" AS "t_product_key", "latest"."sku" AS "t_sku", "latest"."product_name" AS "t_product_name", "latest"."product_category" AS "t_product_category", "latest"."product_subcategory" AS "t_product_subcategory", "latest"."unit_price" AS "t_unit_price", "latest"."unit_weight_kg" AS "t_unit_weight_kg", "latest"."is_innovation_product" AS "t_is_innovation_product", "latest"."valid_from" AS "t_valid_from", "latest"."valid_to" AS "t_valid_to", "source"."product_key" AS "product_key", "source"."sku" AS "sku", "source"."product_name" AS "product_name", "source"."product_category" AS "product_category", "source"."product_subcategory" AS "product_subcategory", "source"."unit_price" AS "unit_price", "source"."unit_weight_kg" AS "unit_weight_kg", "source"."is_innovation_product" AS "is_innovation_product" FROM "latest" LEFT JOIN "source" ON "latest"."sku" = "source"."sku" UNION ALL SELECT "source"."_exists" AS "_exists", "latest"."product_key" AS "t_product_key", "latest"."sku" AS "t_sku", "latest"."product_name" AS "t_product_name", "latest"."product_category" AS "t_product_category", "latest"."product_subcategory" AS "t_product_subcategory", "latest"."unit_price" AS "t_unit_price", "latest"."unit_weight_kg" AS "t_unit_weight_kg", "latest"."is_innovation_product" AS "t_is_innovation_product", "latest"."valid_from" AS "t_valid_from", "latest"."valid_to" AS "t_valid_to", "source"."product_key" AS "product_key", "source"."sku" AS "sku", "source"."product_name" AS "product_name", "source"."product_category" AS "product_category", "source"."product_subcategory" AS "product_subcategory", "source"."unit_price" AS "unit_price", "source"."unit_weight_kg" AS "unit_weight_kg", "source"."is_innovation_product" AS "is_innovation_product" FROM "latest" RIGHT JOIN "source" ON "latest"."sku" = "source"."sku" WHERE "latest"."_exists" IS NULL), "updated_rows" AS (SELECT COALESCE("joined"."t_product_key", "joined"."product_key") AS "product_key", COALESCE("joined"."t_sku", "joined"."sku") AS "sku", COALESCE("joined"."t_product_name", "joined"."product_name") AS "product_name", COALESCE("joined"."t_product_category", "joined"."product_category") AS "product_category", COALESCE("joined"."t_product_subcategory", "joined"."product_subcategory") AS "product_subcategory", COALESCE("joined"."t_unit_price", "joined"."unit_price") AS "unit_price", COALESCE("joined"."t_unit_weight_kg", "joined"."unit_weight_kg") AS "unit_weight_kg", COALESCE("joined"."t_is_innovation_product", "joined"."is_innovation_product") AS "is_innovation_product", COALESCE("t_valid_from", CAST('1970-01-01 00:00:00' AS TIMESTAMP)) AS "valid_from", CASE WHEN (NOT "joined"."t_sku" IS NULL AND NOT "joined"."sku" IS NULL) AND ("joined"."unit_price" <> "joined"."t_unit_price" OR ("joined"."t_unit_price" IS NULL AND NOT "joined"."unit_price" IS NULL) OR (NOT "joined"."t_unit_price" IS NULL AND "joined"."unit_price" IS NULL) OR "joined"."unit_weight_kg" <> "joined"."t_unit_weight_kg" OR ("joined"."t_unit_weight_kg" IS NULL AND NOT "joined"."unit_weight_kg" IS NULL) OR (NOT "joined"."t_unit_weight_kg" IS NULL AND "joined"."unit_weight_kg" IS NULL)) THEN CAST('2026-01-14 14:18:00' AS TIMESTAMP) ELSE "t_valid_to" END AS "valid_to" FROM "joined" LEFT JOIN "latest_deleted" ON "joined"."sku" = "latest_deleted"."_key0"), "inserted_rows" AS (SELECT "product_key", "sku", "product_name", "product_category", "product_subcategory", "unit_price", "unit_weight_kg", "is_innovation_product", CAST('2026-01-14 14:18:00' AS TIMESTAMP) AS "valid_from", CAST(NULL AS TIMESTAMP) AS "valid_to" FROM "joined" WHERE (NOT "joined"."t_sku" IS NULL AND NOT "joined"."sku" IS NULL) AND ("joined"."unit_price" <> "joined"."t_unit_price" OR ("joined"."t_unit_price" IS NULL AND NOT "joined"."unit_price" IS NULL) OR (NOT "joined"."t_unit_price" IS NULL AND "joined"."unit_price" IS NULL) OR "joined"."unit_weight_kg" <> "joined"."t_unit_weight_kg" OR ("joined"."t_unit_weight_kg" IS NULL AND NOT "joined"."unit_weight_kg" IS NULL) OR (NOT "joined"."t_unit_weight_kg" IS NULL AND "joined"."unit_weight_kg" IS NULL))) SELECT CAST("product_key" AS BIGINT) AS "product_key", CAST("sku" AS TEXT) AS "sku", CAST("product_name" AS TEXT) AS "product_name", CAST("product_category" AS TEXT) AS "product_category", CAST("product_subcategory" AS TEXT) AS "product_subcategory", CAST("unit_price" AS INT) AS "unit_price", CAST("unit_weight_kg" AS DECIMAL(10, 2)) AS "unit_weight_kg", CAST("is_innovation_product" AS BOOLEAN) AS "is_innovation_product", CAST("valid_from" AS TIMESTAMP) AS "valid_from", CAST("valid_to" AS TIMESTAMP) AS "valid_to" FROM (SELECT "product_key", "sku", "product_name", "product_category", "product_subcategory", "unit_price", "unit_weight_kg", "is_innovation_product", "valid_from", "valid_to" FROM "static" UNION ALL SELECT "product_key", "sku", "product_name", "product_category", "product_subcategory", "unit_price", "unit_weight_kg", "is_innovation_product", "valid_from", "valid_to" FROM "updated_rows" UNION ALL SELECT "product_key", "sku", "product_name", "product_category", "product_subcategory", "unit_price", "unit_weight_kg", "is_innovation_product", "valid_from", "valid_to" FROM "inserted_rows") AS "_subquery" (base.py:2626)
2026-01-14 15:18:49,096 - MainThread - sqlmesh.core.engine_adapter.base - INFO - Executing SQL: /* SQLMESH_PLAN: 06247638afae4040b5b6bb96421c176f */ COMMENT ON COLUMN "sales_lakehouse"."sqlmesh__marts"."marts__dim_products__3937647200__dev"."product_key" IS 'Surrogate key - Integer for Power BI relationships' (base.py:2626)
2026-01-14 15:18:49,137 - MainThread - sqlmesh.core.engine_adapter.base - INFO - Executing SQL: /* SQLMESH_PLAN: 06247638afae4040b5b6bb96421c176f */ COMMENT ON COLUMN "sales_lakehouse"."sqlmesh__marts"."marts__dim_products__3937647200__dev"."sku" IS 'Natural key (business key)' (base.py:2626)
2026-01-14 15:18:49,175 - MainThread - sqlmesh.core.engine_adapter.base - INFO - Executing SQL: /* SQLMESH_PLAN: 06247638afae4040b5b6bb96421c176f */ COMMENT ON COLUMN "sales_lakehouse"."sqlmesh__marts"."marts__dim_products__3937647200__dev"."product_name" IS 'Product attributes' (base.py:2626)
2026-01-14 15:18:49,209 - MainThread - sqlmesh.core.state_sync.db.facade - INFO - Adding dev interval (2026-01-13 00:00:00, 2026-01-14 00:00:00) for snapshot SnapshotId<"sales_lakehouse"."marts"."dim_products": 945202718> (facade.py:637)
2026-01-14 15:18:49,209 - MainThread - sqlmesh.core.state_sync.db.interval - INFO - Pushing intervals for snapshot SnapshotId<"sales_lakehouse"."marts"."dim_products": 945202718> (interval.py:215)
2026-01-14 15:18:49,238 - MainThread - sqlmesh.core.scheduler - INFO - SKIPPED snapshot "sales_lakehouse"."reports"."rep_target_attainment"
 (scheduler.py:613)
2026-01-14 15:18:49,238 - MainThread - sqlmesh.core.scheduler - INFO - SKIPPED snapshot "sales_lakehouse"."reports"."rep_weekly_meeting"
 (scheduler.py:613)
2026-01-14 15:18:49,238 - MainThread - sqlmesh.core.scheduler - INFO - SKIPPED snapshot "sales_lakehouse"."staging"."stg_sales_data"
 (scheduler.py:613)
2026-01-14 15:18:49,238 - MainThread - sqlmesh.core.scheduler - INFO - SKIPPED snapshot "sales_lakehouse"."reports"."rep_top_products"
 (scheduler.py:613)
2026-01-14 15:18:49,238 - MainThread - sqlmesh.core.scheduler - INFO - SKIPPED snapshot "sales_lakehouse"."marts"."fact_sales"
 (scheduler.py:613)
2026-01-14 15:18:49,238 - MainThread - sqlmesh.core.scheduler - INFO - Execution failed for node CreateNode(snapshot_name='"sales_lakehouse"."staging"."stg_sales_data"') (scheduler.py:618)
Traceback (most recent call last):
  File "C:\Users\User\env\Lib\site-packages\sqlmesh\utils\concurrency.py", line 234, in sequential_apply_to_dag
    fn(node)
    ~~^^^^^^
  File "C:\Users\User\env\Lib\site-packages\sqlmesh\core\scheduler.py", line 590, in run_node
    self.snapshot_evaluator.create_snapshot(
    ~~~~~~~~~~~~~~~~~~~~~~~~~~~~~~~~~~~~~~~^
        snapshot=snapshot,
        ^^^^^^^^^^^^^^^^^^
    ...<3 lines>...
        allow_additive_snapshots=allow_additive_snapshots or set(),
        ^^^^^^^^^^^^^^^^^^^^^^^^^^^^^^^^^^^^^^^^^^^^^^^^^^^^^^^^^^^
    )
    ^
  File "C:\Users\User\env\Lib\site-packages\sqlmesh\core\snapshot\evaluator.py", line 906, in create_snapshot
    self._execute_create(
    ~~~~~~~~~~~~~~~~~~~~^
        snapshot=snapshot,
        ^^^^^^^^^^^^^^^^^^
    ...<5 lines>...
        dry_run=True,
        ^^^^^^^^^^^^^
    )
    ^
  File "C:\Users\User\env\Lib\site-packages\sqlmesh\core\snapshot\evaluator.py", line 1496, in _execute_create
    evaluation_strategy.create(
    ~~~~~~~~~~~~~~~~~~~~~~~~~~^
        table_name=table_name,
        ^^^^^^^^^^^^^^^^^^^^^^
    ...<9 lines>...
        deployability_index=deployability_index,
        ^^^^^^^^^^^^^^^^^^^^^^^^^^^^^^^^^^^^^^^^
    )
    ^
  File "C:\Users\User\env\Lib\site-packages\sqlmesh\core\snapshot\evaluator.py", line 2067, in create
    self.adapter.ctas(
    ~~~~~~~~~~~~~~~~~^
        table_name,
        ^^^^^^^^^^^
    ...<9 lines>...
        column_descriptions=model.column_descriptions if is_table_deployable else None,
        ^^^^^^^^^^^^^^^^^^^^^^^^^^^^^^^^^^^^^^^^^^^^^^^^^^^^^^^^^^^^^^^^^^^^^^^^^^^^^^^
    )
    ^
  File "C:\Users\User\env\Lib\site-packages\sqlmesh\core\engine_adapter\shared.py", line 318, in internal_wrapper
    return func(*list_args, **kwargs)
  File "C:\Users\User\env\Lib\site-packages\sqlmesh\core\engine_adapter\base.py", line 708, in ctas
    return self._create_table_from_source_queries(
           ~~~~~~~~~~~~~~~~~~~~~~~~~~~~~~~~~~~~~~^
        table_name,
        ^^^^^^^^^^^
    ...<5 lines>...
        **kwargs,
        ^^^^^^^^^
    )
    ^
  File "C:\Users\User\env\Lib\site-packages\sqlmesh\core\engine_adapter\base.py", line 934, in _create_table_from_source_queries
    self._create_table(
    ~~~~~~~~~~~~~~~~~~^
        schema if schema else table,
        ^^^^^^^^^^^^^^^^^^^^^^^^^^^^
    ...<7 lines>...
        **kwargs,
        ^^^^^^^^^
    )
    ^
  File "C:\Users\User\env\Lib\site-packages\sqlmesh\core\engine_adapter\duckdb.py", line 188, in _create_table
    super()._create_table(
    ~~~~~~~~~~~~~~~~~~~~~^
        table_name_or_schema,
        ^^^^^^^^^^^^^^^^^^^^^
    ...<8 lines>...
        **kwargs,
        ^^^^^^^^^
    )
    ^
  File "C:\Users\User\env\Lib\site-packages\sqlmesh\core\engine_adapter\base.py", line 977, in _create_table
    self.execute(
    ~~~~~~~~~~~~^
        self._build_create_table_exp(
        ^^^^^^^^^^^^^^^^^^^^^^^^^^^^^
    ...<13 lines>...
        track_rows_processed=track_rows_processed,
        ^^^^^^^^^^^^^^^^^^^^^^^^^^^^^^^^^^^^^^^^^^
    )
    ^
  File "C:\Users\User\env\Lib\site-packages\sqlmesh\core\engine_adapter\base.py", line 2603, in execute
    self._execute(sql, track_rows_processed, **kwargs)
    ~~~~~~~~~~~~~^^^^^^^^^^^^^^^^^^^^^^^^^^^^^^^^^^^^^
  File "C:\Users\User\env\Lib\site-packages\sqlmesh\core\engine_adapter\base.py", line 2635, in _execute
    self.cursor.execute(sql, **kwargs)
    ~~~~~~~~~~~~~~~~~~~^^^^^^^^^^^^^^^
_duckdb.BinderException: Binder Error: Column "region" referenced that exists in the SELECT clause - but this column cannot be referenced before it is defined

The above exception was the direct cause of the following exception:

sqlmesh.utils.concurrency.NodeExecutionFailedError: Execution failed for node CreateNode(snapshot_name='"sales_lakehouse"."staging"."stg_sales_data"')
2026-01-14 15:18:49,253 - MainThread - sqlmesh.core.scheduler - INFO - Execution failed for node EvaluateNode(snapshot_name='"sales_lakehouse"."marts"."dim_clientsd"', interval=(1768262400000, 1768348800000), batch_index=0) (scheduler.py:618)
Traceback (most recent call last):
  File "C:\Users\User\env\Lib\site-packages\sqlmesh\utils\concurrency.py", line 234, in sequential_apply_to_dag
    fn(node)
    ~~^^^^^^
  File "C:\Users\User\env\Lib\site-packages\sqlmesh\core\scheduler.py", line 554, in run_node
    audit_results = self.evaluate(
        snapshot=snapshot,
    ...<9 lines>...
        selected_models=selected_models,
    )
  File "C:\Users\User\env\Lib\site-packages\sqlmesh\core\scheduler.py", line 229, in evaluate
    wap_id = self.snapshot_evaluator.evaluate(
        snapshot,
    ...<9 lines>...
        **kwargs,
    )
  File "C:\Users\User\env\Lib\site-packages\sqlmesh\core\snapshot\evaluator.py", line 186, in evaluate
    result = self._evaluate_snapshot(
        start=start,
    ...<9 lines>...
        **kwargs,
    )
  File "C:\Users\User\env\Lib\site-packages\sqlmesh\core\snapshot\evaluator.py", line 791, in _evaluate_snapshot
    self._execute_create(
    ~~~~~~~~~~~~~~~~~~~~^
        snapshot=snapshot,
        ^^^^^^^^^^^^^^^^^^
    ...<6 lines>...
        run_pre_post_statements=False,
        ^^^^^^^^^^^^^^^^^^^^^^^^^^^^^^
    )
    ^
  File "C:\Users\User\env\Lib\site-packages\sqlmesh\core\snapshot\evaluator.py", line 1496, in _execute_create
    evaluation_strategy.create(
    ~~~~~~~~~~~~~~~~~~~~~~~~~~^
        table_name=table_name,
        ^^^^^^^^^^^^^^^^^^^^^^
    ...<9 lines>...
        deployability_index=deployability_index,
        ^^^^^^^^^^^^^^^^^^^^^^^^^^^^^^^^^^^^^^^^
    )
    ^
  File "C:\Users\User\env\Lib\site-packages\sqlmesh\core\snapshot\evaluator.py", line 2545, in create
    super().create(
    ~~~~~~~~~~~~~~^
        table_name,
        ^^^^^^^^^^^
    ...<4 lines>...
        **kwargs,
        ^^^^^^^^^
    )
    ^
  File "C:\Users\User\env\Lib\site-packages\sqlmesh\core\snapshot\evaluator.py", line 2067, in create
    self.adapter.ctas(
    ~~~~~~~~~~~~~~~~~^
        table_name,
        ^^^^^^^^^^^
    ...<9 lines>...
        column_descriptions=model.column_descriptions if is_table_deployable else None,
        ^^^^^^^^^^^^^^^^^^^^^^^^^^^^^^^^^^^^^^^^^^^^^^^^^^^^^^^^^^^^^^^^^^^^^^^^^^^^^^^
    )
    ^
  File "C:\Users\User\env\Lib\site-packages\sqlmesh\core\engine_adapter\shared.py", line 318, in internal_wrapper
    return func(*list_args, **kwargs)
  File "C:\Users\User\env\Lib\site-packages\sqlmesh\core\engine_adapter\base.py", line 708, in ctas
    return self._create_table_from_source_queries(
           ~~~~~~~~~~~~~~~~~~~~~~~~~~~~~~~~~~~~~~^
        table_name,
        ^^^^^^^^^^^
    ...<5 lines>...
        **kwargs,
        ^^^^^^^^^
    )
    ^
  File "C:\Users\User\env\Lib\site-packages\sqlmesh\core\engine_adapter\base.py", line 934, in _create_table_from_source_queries
    self._create_table(
    ~~~~~~~~~~~~~~~~~~^
        schema if schema else table,
        ^^^^^^^^^^^^^^^^^^^^^^^^^^^^
    ...<7 lines>...
        **kwargs,
        ^^^^^^^^^
    )
    ^
  File "C:\Users\User\env\Lib\site-packages\sqlmesh\core\engine_adapter\duckdb.py", line 188, in _create_table
    super()._create_table(
    ~~~~~~~~~~~~~~~~~~~~~^
        table_name_or_schema,
        ^^^^^^^^^^^^^^^^^^^^^
    ...<8 lines>...
        **kwargs,
        ^^^^^^^^^
    )
    ^
  File "C:\Users\User\env\Lib\site-packages\sqlmesh\core\engine_adapter\base.py", line 977, in _create_table
    self.execute(
    ~~~~~~~~~~~~^
        self._build_create_table_exp(
        ^^^^^^^^^^^^^^^^^^^^^^^^^^^^^
    ...<13 lines>...
        track_rows_processed=track_rows_processed,
        ^^^^^^^^^^^^^^^^^^^^^^^^^^^^^^^^^^^^^^^^^^
    )
    ^
  File "C:\Users\User\env\Lib\site-packages\sqlmesh\core\engine_adapter\base.py", line 2603, in execute
    self._execute(sql, track_rows_processed, **kwargs)
    ~~~~~~~~~~~~~^^^^^^^^^^^^^^^^^^^^^^^^^^^^^^^^^^^^^
  File "C:\Users\User\env\Lib\site-packages\sqlmesh\core\engine_adapter\base.py", line 2635, in _execute
    self.cursor.execute(sql, **kwargs)
    ~~~~~~~~~~~~~~~~~~~^^^^^^^^^^^^^^^
_duckdb.BinderException: Binder Error: Column "key_partner_type" referenced that exists in the SELECT clause - but this column cannot be referenced before it is defined

The above exception was the direct cause of the following exception:

sqlmesh.utils.concurrency.NodeExecutionFailedError: Execution failed for node EvaluateNode(snapshot_name='"sales_lakehouse"."marts"."dim_clientsd"', interval=(1768262400000, 1768348800000), batch_index=0)
2026-01-14 15:18:49,267 - MainThread - sqlmesh.core.context - INFO - Plan application failed. (context.py:1797)
Traceback (most recent call last):
  File "C:\Users\User\env\Lib\site-packages\sqlmesh\core\context.py", line 1789, in apply
    self._apply(plan, circuit_breaker)
    ~~~~~~~~~~~^^^^^^^^^^^^^^^^^^^^^^^
  File "C:\Users\User\env\Lib\site-packages\sqlmesh\core\context.py", line 2582, in _apply
    self._scheduler.create_plan_evaluator(self).evaluate(
    ~~~~~~~~~~~~~~~~~~~~~~~~~~~~~~~~~~~~~~~~~~~~~~~~~~~~^
        plan.to_evaluatable(), circuit_breaker=circuit_breaker
        ^^^^^^^^^^^^^^^^^^^^^^^^^^^^^^^^^^^^^^^^^^^^^^^^^^^^^^
    )
    ^
  File "C:\Users\User\env\Lib\site-packages\sqlmesh\core\plan\evaluator.py", line 105, in evaluate
    self._evaluate_stages(plan_stages, plan)
    ~~~~~~~~~~~~~~~~~~~~~^^^^^^^^^^^^^^^^^^^
  File "C:\Users\User\env\Lib\site-packages\sqlmesh\core\plan\evaluator.py", line 125, in _evaluate_stages
    handler(stage, plan)
    ~~~~~~~^^^^^^^^^^^^^
  File "C:\Users\User\env\Lib\site-packages\sqlmesh\core\plan\evaluator.py", line 264, in visit_backfill_stage
    raise PlanError("Plan application failed.")
sqlmesh.utils.errors.PlanError: Plan application failed.
2026-01-14 15:18:49,419 - MainThread - root - INFO - Shutting down the event dispatcher (dispatcher.py:159)
