2026-01-17 01:11:47,103 - MainThread - sqlmesh.core.config.connection - INFO - Creating new DuckDB adapter for data files: {'../data/warehouse/catalog.ducklake'} (connection.py:496)
2026-01-17 01:11:48,513 - MainThread - sqlmesh.core.config.connection - INFO - Creating new DuckDB adapter for data files: {'../data/warehouse/sqlmesh_state.db'} (connection.py:496)
2026-01-17 01:11:52,033 - MainThread - sqlmesh.core.plan.evaluator - INFO - Evaluating plan stage CreateSnapshotRecordsStage (evaluator.py:123)
2026-01-17 01:11:52,166 - MainThread - sqlmesh.core.plan.evaluator - INFO - Evaluating plan stage PhysicalLayerSchemaCreationStage (evaluator.py:123)
2026-01-17 01:11:52,171 - MainThread - sqlmesh.core.snapshot.evaluator - INFO - Creating schema 'sales_lakehouse.sqlmesh__reports' (evaluator.py:1449)
2026-01-17 01:11:52,171 - MainThread - sqlmesh.core.engine_adapter.base - INFO - Executing SQL: /* SQLMESH_PLAN: be36318c89164f25b5ac2bf577742924 */ CREATE SCHEMA IF NOT EXISTS "sales_lakehouse"."sqlmesh__reports" (base.py:2626)
2026-01-17 01:11:52,361 - MainThread - sqlmesh.core.snapshot.evaluator - INFO - Creating schema 'sales_lakehouse.sqlmesh__marts' (evaluator.py:1449)
2026-01-17 01:11:52,362 - MainThread - sqlmesh.core.engine_adapter.base - INFO - Executing SQL: /* SQLMESH_PLAN: be36318c89164f25b5ac2bf577742924 */ CREATE SCHEMA IF NOT EXISTS "sales_lakehouse"."sqlmesh__marts" (base.py:2626)
2026-01-17 01:11:52,364 - MainThread - sqlmesh.core.snapshot.evaluator - INFO - Creating schema 'sales_lakehouse.sqlmesh__raw' (evaluator.py:1449)
2026-01-17 01:11:52,364 - MainThread - sqlmesh.core.engine_adapter.base - INFO - Executing SQL: /* SQLMESH_PLAN: be36318c89164f25b5ac2bf577742924 */ CREATE SCHEMA IF NOT EXISTS "sales_lakehouse"."sqlmesh__raw" (base.py:2626)
2026-01-17 01:11:52,366 - MainThread - sqlmesh.core.snapshot.evaluator - INFO - Creating schema 'sales_lakehouse.sqlmesh__staging' (evaluator.py:1449)
2026-01-17 01:11:52,367 - MainThread - sqlmesh.core.engine_adapter.base - INFO - Executing SQL: /* SQLMESH_PLAN: be36318c89164f25b5ac2bf577742924 */ CREATE SCHEMA IF NOT EXISTS "sales_lakehouse"."sqlmesh__staging" (base.py:2626)
2026-01-17 01:11:52,369 - MainThread - sqlmesh.core.plan.evaluator - INFO - Evaluating plan stage BackfillStage (evaluator.py:123)
2026-01-17 01:11:52,374 - MainThread - sqlmesh.core.snapshot.evaluator - INFO - Listing data objects in schema sales_lakehouse.sqlmesh__reports (evaluator.py:1616)
2026-01-17 01:11:52,375 - MainThread - sqlmesh.core.engine_adapter.base - INFO - Executing SQL: /* SQLMESH_PLAN: be36318c89164f25b5ac2bf577742924 */ SELECT CURRENT_CATALOG() (base.py:2626)
2026-01-17 01:11:52,377 - MainThread - sqlmesh.core.engine_adapter.base - INFO - Executing SQL: /* SQLMESH_PLAN: be36318c89164f25b5ac2bf577742924 */ SELECT CURRENT_CATALOG() (base.py:2626)
2026-01-17 01:11:52,381 - MainThread - sqlmesh.core.engine_adapter.base - INFO - Executing SQL: /* SQLMESH_PLAN: be36318c89164f25b5ac2bf577742924 */ SELECT table_name AS name, table_schema AS schema, CASE table_type WHEN 'BASE TABLE' THEN 'table' WHEN 'VIEW' THEN 'view' WHEN 'LOCAL TEMPORARY' THEN 'table' END AS type FROM system.information_schema.tables WHERE (table_catalog = 'sales_lakehouse' AND table_schema = 'sqlmesh__reports') AND table_name IN ('reports__rep_target_attainment__2422824286__dev', 'reports__rep_weekly_meeting__2628488437__dev', 'reports__rep_top_products__3498895152__dev') (base.py:2626)
2026-01-17 01:11:52,401 - MainThread - sqlmesh.core.snapshot.evaluator - INFO - Listing data objects in schema sales_lakehouse.sqlmesh__staging (evaluator.py:1616)
2026-01-17 01:11:52,401 - MainThread - sqlmesh.core.engine_adapter.base - INFO - Executing SQL: /* SQLMESH_PLAN: be36318c89164f25b5ac2bf577742924 */ SELECT CURRENT_CATALOG() (base.py:2626)
2026-01-17 01:11:52,404 - MainThread - sqlmesh.core.engine_adapter.base - INFO - Executing SQL: /* SQLMESH_PLAN: be36318c89164f25b5ac2bf577742924 */ SELECT CURRENT_CATALOG() (base.py:2626)
2026-01-17 01:11:52,408 - MainThread - sqlmesh.core.engine_adapter.base - INFO - Executing SQL: /* SQLMESH_PLAN: be36318c89164f25b5ac2bf577742924 */ SELECT table_name AS name, table_schema AS schema, CASE table_type WHEN 'BASE TABLE' THEN 'table' WHEN 'VIEW' THEN 'view' WHEN 'LOCAL TEMPORARY' THEN 'table' END AS type FROM system.information_schema.tables WHERE (table_catalog = 'sales_lakehouse' AND table_schema = 'sqlmesh__staging') AND table_name IN ('staging__stg_clientsd_data__3122030815__dev', 'staging__stg_products_data__1736959047__dev', 'staging__stg_targets_data__1757844379__dev', 'staging__stg_salesteam_data__1077743129__dev') (base.py:2626)
2026-01-17 01:11:52,417 - MainThread - sqlmesh.core.snapshot.evaluator - INFO - Listing data objects in schema sales_lakehouse.sqlmesh__marts (evaluator.py:1616)
2026-01-17 01:11:52,417 - MainThread - sqlmesh.core.engine_adapter.base - INFO - Executing SQL: /* SQLMESH_PLAN: be36318c89164f25b5ac2bf577742924 */ SELECT CURRENT_CATALOG() (base.py:2626)
2026-01-17 01:11:52,420 - MainThread - sqlmesh.core.engine_adapter.base - INFO - Executing SQL: /* SQLMESH_PLAN: be36318c89164f25b5ac2bf577742924 */ SELECT CURRENT_CATALOG() (base.py:2626)
2026-01-17 01:11:52,423 - MainThread - sqlmesh.core.engine_adapter.base - INFO - Executing SQL: /* SQLMESH_PLAN: be36318c89164f25b5ac2bf577742924 */ SELECT table_name AS name, table_schema AS schema, CASE table_type WHEN 'BASE TABLE' THEN 'table' WHEN 'VIEW' THEN 'view' WHEN 'LOCAL TEMPORARY' THEN 'table' END AS type FROM system.information_schema.tables WHERE (table_catalog = 'sales_lakehouse' AND table_schema = 'sqlmesh__marts') AND table_name IN ('marts__dim_salesperson__1758042276__dev', 'marts__dim_date__2600068558__dev', 'marts__fact_targets__1725811394__dev', 'marts__dim_clientsd__469669551__dev', 'marts__dim_products__763842527__dev', 'marts__fact_sales__3261040808__dev') (base.py:2626)
2026-01-17 01:11:52,435 - MainThread - sqlmesh.core.snapshot.evaluator - INFO - Evaluating snapshot SnapshotId<"sales_lakehouse"."reports"."rep_weekly_meeting": 2943616092> (evaluator.py:711)
2026-01-17 01:11:52,436 - MainThread - sqlmesh.core.snapshot.evaluator - INFO - Inserting data for snapshot SnapshotId<"sales_lakehouse"."reports"."rep_weekly_meeting": 2943616092> (evaluator.py:952)
2026-01-17 01:11:52,525 - MainThread - sqlmesh.core.snapshot.evaluator - INFO - Inserting batch (2026-01-16 00:00:00, 2026-01-17 00:00:00) into sales_lakehouse.sqlmesh__reports.reports__rep_weekly_meeting__2628488437__dev' (evaluator.py:984)
2026-01-17 01:11:52,526 - MainThread - sqlmesh.core.engine_adapter.base - INFO - Executing SQL: /* SQLMESH_PLAN: be36318c89164f25b5ac2bf577742924 */ DESCRIBE "sales_lakehouse"."sqlmesh__reports"."reports__rep_weekly_meeting__2628488437__dev" (base.py:2626)
2026-01-17 01:11:52,532 - MainThread - sqlmesh.core.engine_adapter.base - INFO - Executing SQL: /* SQLMESH_PLAN: be36318c89164f25b5ac2bf577742924 */ SELECT CURRENT_CATALOG() (base.py:2626)
2026-01-17 01:11:52,535 - MainThread - sqlmesh.core.engine_adapter.base - INFO - Executing SQL: /* SQLMESH_PLAN: be36318c89164f25b5ac2bf577742924 */ SELECT type FROM DUCKDB_DATABASES() WHERE database_name = 'sales_lakehouse' (base.py:2626)
2026-01-17 01:11:52,545 - MainThread - sqlmesh.core.engine_adapter.base - INFO - Executing SQL: /* SQLMESH_PLAN: be36318c89164f25b5ac2bf577742924 */ CREATE OR REPLACE TABLE "sales_lakehouse"."sqlmesh__reports"."reports__rep_weekly_meeting__2628488437__dev" AS WITH "date_context" AS (SELECT CAST('2026-01-12' AS DATE) AS "current_week_start", DATE_TRUNC('WEEK', CAST(CAST('2026-01-17' AS DATE) AS DATE) - INTERVAL '7' DAYS) AS "last_week_start", CAST('2026-01-01' AS DATE) AS "current_month_start"), "this_week_sales" AS (SELECT "f"."salesperson_id" AS "salesperson_id", "f"."salesperson_name" AS "salesperson_name", "f"."region" AS "region", "f"."subregion" AS "subregion", "f"."sales_channel" AS "sales_channel", COUNT(DISTINCT "f"."sales_line_id") AS "transactions_count", SUM("f"."quantity") AS "total_quantity", SUM("f"."total_amount") AS "total_sales", COUNT(DISTINCT "f"."client_key") AS "unique_customers", COUNT(DISTINCT "f"."product_key") AS "unique_products" FROM "sales_lakehouse"."sqlmesh__marts"."marts__fact_sales__3261040808__dev" AS "f" CROSS JOIN "date_context" AS "dc" WHERE "dc"."current_week_start" <= "f"."sale_date" AND "f"."sale_date" < "dc"."current_week_start" + INTERVAL '7' DAYS GROUP BY "f"."salesperson_id", "f"."salesperson_name", "f"."region", "f"."subregion", "f"."sales_channel"), "last_week_sales" AS (SELECT "f"."salesperson_id" AS "salesperson_id", SUM("f"."total_amount") AS "last_week_sales" FROM "sales_lakehouse"."sqlmesh__marts"."marts__fact_sales__3261040808__dev" AS "f" CROSS JOIN "date_context" AS "dc" WHERE "dc"."last_week_start" <= "f"."sale_date" AND "f"."sale_date" < "dc"."last_week_start" + INTERVAL '7' DAYS GROUP BY "f"."salesperson_id"), "mtd_sales" AS (SELECT "f"."salesperson_id" AS "salesperson_id", SUM("f"."total_amount") AS "mtd_sales" FROM "sales_lakehouse"."sqlmesh__marts"."marts__fact_sales__3261040808__dev" AS "f" CROSS JOIN "date_context" AS "dc" WHERE "dc"."current_month_start" <= "f"."sale_date" GROUP BY "f"."salesperson_id"), "monthly_targets" AS (SELECT "t"."salesperson_id" AS "salesperson_id", SUM("t"."target_amount") AS "monthly_target" FROM "sales_lakehouse"."sqlmesh__marts"."marts__fact_targets__1725811394__dev" AS "t" CROSS JOIN "date_context" AS "dc" WHERE "dc"."current_month_start" = "t"."target_month" GROUP BY "t"."salesperson_id") SELECT "tw"."salesperson_id" AS "salesperson_id", "tw"."salesperson_name" AS "salesperson_name", "tw"."region" AS "region", "tw"."subregion" AS "subregion", "tw"."sales_channel" AS "sales_channel", "tw"."total_sales" AS "this_week_sales", "tw"."transactions_count" AS "this_week_transactions", "tw"."unique_customers" AS "this_week_customers", "tw"."unique_products" AS "this_week_products", ROUND("tw"."total_sales" / NULLIF("tw"."transactions_count", 0), 0) AS "avg_transaction_value", COALESCE("lw"."last_week_sales", 0) AS "last_week_sales", "tw"."total_sales" - COALESCE("lw"."last_week_sales", 0) AS "wow_change", ROUND(("tw"."total_sales" - COALESCE("lw"."last_week_sales", 0)) * 100.0 / NULLIF("lw"."last_week_sales", 0), 1) AS "wow_growth_pct", COALESCE("mt"."mtd_sales", 0) AS "mtd_sales", COALESCE("tg"."monthly_target", 0) AS "monthly_target", ROUND(COALESCE("mt"."mtd_sales", 0) * 100.0 / NULLIF("tg"."monthly_target", 0), 1) AS "target_attainment_pct", "tg"."monthly_target" - COALESCE("mt"."mtd_sales", 0) AS "target_gap", CASE WHEN "mt"."mtd_sales" >= "tg"."monthly_target" THEN '✅ Target Met' WHEN "mt"."mtd_sales" >= "tg"."monthly_target" * 0.9 THEN '🟡 On Track' WHEN "mt"."mtd_sales" >= "tg"."monthly_target" * 0.7 THEN '🟠 Needs Attention' ELSE '🔴 At Risk' END AS "status", (SELECT "date_context"."current_week_start" AS "current_week_start" FROM "date_context" AS "date_context") AS "report_week", CURRENT_TIMESTAMP AS "generated_at" FROM "this_week_sales" AS "tw" LEFT JOIN "last_week_sales" AS "lw" ON "lw"."salesperson_id" = "tw"."salesperson_id" LEFT JOIN "mtd_sales" AS "mt" ON "mt"."salesperson_id" = "tw"."salesperson_id" LEFT JOIN "monthly_targets" AS "tg" ON "tg"."salesperson_id" = "tw"."salesperson_id" ORDER BY "tw"."total_sales" DESC (base.py:2626)
2026-01-17 01:11:52,609 - MainThread - sqlmesh.core.engine_adapter.base - INFO - Executing SQL: /* SQLMESH_PLAN: be36318c89164f25b5ac2bf577742924 */ COMMENT ON TABLE "sales_lakehouse"."sqlmesh__reports"."reports__rep_weekly_meeting__2628488437__dev" IS 'Weekly sales performance snapshot for management meetings' (base.py:2626)
2026-01-17 01:11:52,659 - MainThread - sqlmesh.core.engine_adapter.base - INFO - Executing SQL: /* SQLMESH_PLAN: be36318c89164f25b5ac2bf577742924 */ COMMENT ON COLUMN "sales_lakehouse"."sqlmesh__reports"."reports__rep_weekly_meeting__2628488437__dev"."this_week_sales" IS 'This week performance' (base.py:2626)
2026-01-17 01:11:52,709 - MainThread - sqlmesh.core.engine_adapter.base - INFO - Executing SQL: /* SQLMESH_PLAN: be36318c89164f25b5ac2bf577742924 */ COMMENT ON COLUMN "sales_lakehouse"."sqlmesh__reports"."reports__rep_weekly_meeting__2628488437__dev"."last_week_sales" IS 'Week-over-week comparison' (base.py:2626)
2026-01-17 01:11:52,758 - MainThread - sqlmesh.core.engine_adapter.base - INFO - Executing SQL: /* SQLMESH_PLAN: be36318c89164f25b5ac2bf577742924 */ COMMENT ON COLUMN "sales_lakehouse"."sqlmesh__reports"."reports__rep_weekly_meeting__2628488437__dev"."mtd_sales" IS 'Month-to-date performance' (base.py:2626)
2026-01-17 01:11:52,822 - MainThread - sqlmesh.core.engine_adapter.base - INFO - Executing SQL: /* SQLMESH_PLAN: be36318c89164f25b5ac2bf577742924 */ COMMENT ON COLUMN "sales_lakehouse"."sqlmesh__reports"."reports__rep_weekly_meeting__2628488437__dev"."status" IS 'Status indicator' (base.py:2626)
2026-01-17 01:11:52,871 - MainThread - sqlmesh.core.state_sync.db.facade - INFO - Adding dev interval (2026-01-16 00:00:00, 2026-01-17 00:00:00) for snapshot SnapshotId<"sales_lakehouse"."reports"."rep_weekly_meeting": 2943616092> (facade.py:637)
2026-01-17 01:11:52,871 - MainThread - sqlmesh.core.state_sync.db.interval - INFO - Pushing intervals for snapshot SnapshotId<"sales_lakehouse"."reports"."rep_weekly_meeting": 2943616092> (interval.py:215)
2026-01-17 01:11:52,903 - MainThread - sqlmesh.core.plan.evaluator - INFO - Evaluating plan stage EnvironmentRecordUpdateStage (evaluator.py:123)
2026-01-17 01:11:52,903 - MainThread - sqlmesh.core.state_sync.db.facade - INFO - Promoting environment 'dev' (facade.py:167)
2026-01-17 01:11:52,930 - MainThread - sqlmesh.core.plan.evaluator - INFO - Evaluating plan stage VirtualLayerUpdateStage (evaluator.py:123)
2026-01-17 01:11:52,944 - MainThread - sqlmesh.core.snapshot.evaluator - INFO - Creating schema 'sales_lakehouse.reports__dev' (evaluator.py:1449)
2026-01-17 01:11:52,944 - MainThread - sqlmesh.core.engine_adapter.base - INFO - Executing SQL: /* SQLMESH_PLAN: be36318c89164f25b5ac2bf577742924 */ CREATE SCHEMA IF NOT EXISTS "sales_lakehouse"."reports__dev" (base.py:2626)
2026-01-17 01:11:52,984 - MainThread - sqlmesh.core.snapshot.evaluator - INFO - Creating schema 'sales_lakehouse.marts__dev' (evaluator.py:1449)
2026-01-17 01:11:52,985 - MainThread - sqlmesh.core.engine_adapter.base - INFO - Executing SQL: /* SQLMESH_PLAN: be36318c89164f25b5ac2bf577742924 */ CREATE SCHEMA IF NOT EXISTS "sales_lakehouse"."marts__dev" (base.py:2626)
2026-01-17 01:11:53,038 - MainThread - sqlmesh.core.snapshot.evaluator - INFO - Creating schema 'sales_lakehouse.staging__dev' (evaluator.py:1449)
2026-01-17 01:11:53,039 - MainThread - sqlmesh.core.engine_adapter.base - INFO - Executing SQL: /* SQLMESH_PLAN: be36318c89164f25b5ac2bf577742924 */ CREATE SCHEMA IF NOT EXISTS "sales_lakehouse"."staging__dev" (base.py:2626)
2026-01-17 01:11:53,082 - MainThread - sqlmesh.core.snapshot.evaluator - INFO - Creating schema 'sales_lakehouse.raw__dev' (evaluator.py:1449)
2026-01-17 01:11:53,082 - MainThread - sqlmesh.core.engine_adapter.base - INFO - Executing SQL: /* SQLMESH_PLAN: be36318c89164f25b5ac2bf577742924 */ CREATE SCHEMA IF NOT EXISTS "sales_lakehouse"."raw__dev" (base.py:2626)
2026-01-17 01:11:53,127 - MainThread - sqlmesh.core.snapshot.evaluator - INFO - Listing data objects in schema sales_lakehouse.marts__dev (evaluator.py:1616)
2026-01-17 01:11:53,127 - MainThread - sqlmesh.core.engine_adapter.base - INFO - Executing SQL: /* SQLMESH_PLAN: be36318c89164f25b5ac2bf577742924 */ SELECT CURRENT_CATALOG() (base.py:2626)
2026-01-17 01:11:53,158 - MainThread - sqlmesh.core.engine_adapter.base - INFO - Executing SQL: /* SQLMESH_PLAN: be36318c89164f25b5ac2bf577742924 */ SELECT CURRENT_CATALOG() (base.py:2626)
2026-01-17 01:11:53,162 - MainThread - sqlmesh.core.engine_adapter.base - INFO - Executing SQL: /* SQLMESH_PLAN: be36318c89164f25b5ac2bf577742924 */ SELECT table_name AS name, table_schema AS schema, CASE table_type WHEN 'BASE TABLE' THEN 'table' WHEN 'VIEW' THEN 'view' WHEN 'LOCAL TEMPORARY' THEN 'table' END AS type FROM system.information_schema.tables WHERE (table_catalog = 'sales_lakehouse' AND table_schema = 'marts__dev') AND table_name IN ('dim_date', 'dim_clientsd', 'dim_products', 'dim_salesperson', 'fact_sales', 'fact_targets') (base.py:2626)
2026-01-17 01:11:53,173 - MainThread - sqlmesh.core.snapshot.evaluator - INFO - Listing data objects in schema sales_lakehouse.raw__dev (evaluator.py:1616)
2026-01-17 01:11:53,174 - MainThread - sqlmesh.core.engine_adapter.base - INFO - Executing SQL: /* SQLMESH_PLAN: be36318c89164f25b5ac2bf577742924 */ SELECT CURRENT_CATALOG() (base.py:2626)
2026-01-17 01:11:53,177 - MainThread - sqlmesh.core.engine_adapter.base - INFO - Executing SQL: /* SQLMESH_PLAN: be36318c89164f25b5ac2bf577742924 */ SELECT CURRENT_CATALOG() (base.py:2626)
2026-01-17 01:11:53,181 - MainThread - sqlmesh.core.engine_adapter.base - INFO - Executing SQL: /* SQLMESH_PLAN: be36318c89164f25b5ac2bf577742924 */ SELECT table_name AS name, table_schema AS schema, CASE table_type WHEN 'BASE TABLE' THEN 'table' WHEN 'VIEW' THEN 'view' WHEN 'LOCAL TEMPORARY' THEN 'table' END AS type FROM system.information_schema.tables WHERE (table_catalog = 'sales_lakehouse' AND table_schema = 'raw__dev') AND table_name IN ('sales_data', 'salesteam_data', 'products_data', 'clientsd_data', 'targets_data') (base.py:2626)
2026-01-17 01:11:53,192 - MainThread - sqlmesh.core.snapshot.evaluator - INFO - Listing data objects in schema sales_lakehouse.staging__dev (evaluator.py:1616)
2026-01-17 01:11:53,192 - MainThread - sqlmesh.core.engine_adapter.base - INFO - Executing SQL: /* SQLMESH_PLAN: be36318c89164f25b5ac2bf577742924 */ SELECT CURRENT_CATALOG() (base.py:2626)
2026-01-17 01:11:53,195 - MainThread - sqlmesh.core.engine_adapter.base - INFO - Executing SQL: /* SQLMESH_PLAN: be36318c89164f25b5ac2bf577742924 */ SELECT CURRENT_CATALOG() (base.py:2626)
2026-01-17 01:11:53,199 - MainThread - sqlmesh.core.engine_adapter.base - INFO - Executing SQL: /* SQLMESH_PLAN: be36318c89164f25b5ac2bf577742924 */ SELECT table_name AS name, table_schema AS schema, CASE table_type WHEN 'BASE TABLE' THEN 'table' WHEN 'VIEW' THEN 'view' WHEN 'LOCAL TEMPORARY' THEN 'table' END AS type FROM system.information_schema.tables WHERE (table_catalog = 'sales_lakehouse' AND table_schema = 'staging__dev') AND table_name IN ('stg_products_data', 'stg_clientsd_data', 'stg_targets_data', 'stg_salesteam_data', 'stg_sales_data') (base.py:2626)
2026-01-17 01:11:53,209 - MainThread - sqlmesh.core.snapshot.evaluator - INFO - Listing data objects in schema sales_lakehouse.reports__dev (evaluator.py:1616)
2026-01-17 01:11:53,209 - MainThread - sqlmesh.core.engine_adapter.base - INFO - Executing SQL: /* SQLMESH_PLAN: be36318c89164f25b5ac2bf577742924 */ SELECT CURRENT_CATALOG() (base.py:2626)
2026-01-17 01:11:53,212 - MainThread - sqlmesh.core.engine_adapter.base - INFO - Executing SQL: /* SQLMESH_PLAN: be36318c89164f25b5ac2bf577742924 */ SELECT CURRENT_CATALOG() (base.py:2626)
2026-01-17 01:11:53,216 - MainThread - sqlmesh.core.engine_adapter.base - INFO - Executing SQL: /* SQLMESH_PLAN: be36318c89164f25b5ac2bf577742924 */ SELECT table_name AS name, table_schema AS schema, CASE table_type WHEN 'BASE TABLE' THEN 'table' WHEN 'VIEW' THEN 'view' WHEN 'LOCAL TEMPORARY' THEN 'table' END AS type FROM system.information_schema.tables WHERE (table_catalog = 'sales_lakehouse' AND table_schema = 'reports__dev') AND table_name IN ('rep_target_attainment', 'rep_top_products', 'rep_weekly_meeting') (base.py:2626)
2026-01-17 01:11:53,226 - MainThread - sqlmesh.core.snapshot.evaluator - INFO - Updating view 'sales_lakehouse.marts__dev.dim_date' to point at table 'sales_lakehouse.sqlmesh__marts.marts__dim_date__2600068558__dev' (evaluator.py:1988)
2026-01-17 01:11:53,230 - MainThread - sqlmesh.core.engine_adapter.base - INFO - Executing SQL: /* SQLMESH_PLAN: be36318c89164f25b5ac2bf577742924 */ CREATE OR REPLACE VIEW "sales_lakehouse"."marts__dev"."dim_date" AS SELECT * FROM "sales_lakehouse"."sqlmesh__marts"."marts__dim_date__2600068558__dev" (base.py:2626)
2026-01-17 01:11:53,242 - MainThread - sqlmesh.core.snapshot.evaluator - INFO - Updating view 'sales_lakehouse.raw__dev.clientsd_data' to point at table 'sales_lakehouse.sqlmesh__raw.raw__clientsd_data__1018985039' (evaluator.py:1988)
2026-01-17 01:11:53,243 - MainThread - sqlmesh.core.engine_adapter.base - INFO - Executing SQL: /* SQLMESH_PLAN: be36318c89164f25b5ac2bf577742924 */ CREATE OR REPLACE VIEW "sales_lakehouse"."raw__dev"."clientsd_data" AS SELECT * FROM "sales_lakehouse"."sqlmesh__raw"."raw__clientsd_data__1018985039" (base.py:2626)
2026-01-17 01:11:53,289 - MainThread - sqlmesh.core.snapshot.evaluator - INFO - Updating view 'sales_lakehouse.raw__dev.products_data' to point at table 'sales_lakehouse.sqlmesh__raw.raw__products_data__965337135' (evaluator.py:1988)
2026-01-17 01:11:53,290 - MainThread - sqlmesh.core.engine_adapter.base - INFO - Executing SQL: /* SQLMESH_PLAN: be36318c89164f25b5ac2bf577742924 */ CREATE OR REPLACE VIEW "sales_lakehouse"."raw__dev"."products_data" AS SELECT * FROM "sales_lakehouse"."sqlmesh__raw"."raw__products_data__965337135" (base.py:2626)
2026-01-17 01:11:53,339 - MainThread - sqlmesh.core.snapshot.evaluator - INFO - Updating view 'sales_lakehouse.raw__dev.sales_data' to point at table 'sales_lakehouse.sqlmesh__raw.raw__sales_data__273321423' (evaluator.py:1988)
2026-01-17 01:11:53,340 - MainThread - sqlmesh.core.engine_adapter.base - INFO - Executing SQL: /* SQLMESH_PLAN: be36318c89164f25b5ac2bf577742924 */ CREATE OR REPLACE VIEW "sales_lakehouse"."raw__dev"."sales_data" AS SELECT * FROM "sales_lakehouse"."sqlmesh__raw"."raw__sales_data__273321423" (base.py:2626)
2026-01-17 01:11:53,394 - MainThread - sqlmesh.core.snapshot.evaluator - INFO - Updating view 'sales_lakehouse.raw__dev.salesteam_data' to point at table 'sales_lakehouse.sqlmesh__raw.raw__salesteam_data__2135060568' (evaluator.py:1988)
2026-01-17 01:11:53,395 - MainThread - sqlmesh.core.engine_adapter.base - INFO - Executing SQL: /* SQLMESH_PLAN: be36318c89164f25b5ac2bf577742924 */ CREATE OR REPLACE VIEW "sales_lakehouse"."raw__dev"."salesteam_data" AS SELECT * FROM "sales_lakehouse"."sqlmesh__raw"."raw__salesteam_data__2135060568" (base.py:2626)
2026-01-17 01:11:53,445 - MainThread - sqlmesh.core.snapshot.evaluator - INFO - Updating view 'sales_lakehouse.raw__dev.targets_data' to point at table 'sales_lakehouse.sqlmesh__raw.raw__targets_data__3589568642' (evaluator.py:1988)
2026-01-17 01:11:53,447 - MainThread - sqlmesh.core.engine_adapter.base - INFO - Executing SQL: /* SQLMESH_PLAN: be36318c89164f25b5ac2bf577742924 */ CREATE OR REPLACE VIEW "sales_lakehouse"."raw__dev"."targets_data" AS SELECT * FROM "sales_lakehouse"."sqlmesh__raw"."raw__targets_data__3589568642" (base.py:2626)
2026-01-17 01:11:53,495 - MainThread - sqlmesh.core.snapshot.evaluator - INFO - Updating view 'sales_lakehouse.staging__dev.stg_clientsd_data' to point at table 'sales_lakehouse.sqlmesh__staging.staging__stg_clientsd_data__3122030815__dev' (evaluator.py:1988)
2026-01-17 01:11:53,496 - MainThread - sqlmesh.core.engine_adapter.base - INFO - Executing SQL: /* SQLMESH_PLAN: be36318c89164f25b5ac2bf577742924 */ CREATE OR REPLACE VIEW "sales_lakehouse"."staging__dev"."stg_clientsd_data" AS SELECT * FROM "sales_lakehouse"."sqlmesh__staging"."staging__stg_clientsd_data__3122030815__dev" (base.py:2626)
2026-01-17 01:11:53,547 - MainThread - sqlmesh.core.snapshot.evaluator - INFO - Updating view 'sales_lakehouse.staging__dev.stg_products_data' to point at table 'sales_lakehouse.sqlmesh__staging.staging__stg_products_data__1736959047__dev' (evaluator.py:1988)
2026-01-17 01:11:53,548 - MainThread - sqlmesh.core.engine_adapter.base - INFO - Executing SQL: /* SQLMESH_PLAN: be36318c89164f25b5ac2bf577742924 */ CREATE OR REPLACE VIEW "sales_lakehouse"."staging__dev"."stg_products_data" AS SELECT * FROM "sales_lakehouse"."sqlmesh__staging"."staging__stg_products_data__1736959047__dev" (base.py:2626)
2026-01-17 01:11:53,593 - MainThread - sqlmesh.core.snapshot.evaluator - INFO - Updating view 'sales_lakehouse.staging__dev.stg_sales_data' to point at table 'sales_lakehouse.sqlmesh__staging.staging__stg_sales_data__751162808' (evaluator.py:1988)
2026-01-17 01:11:53,594 - MainThread - sqlmesh.core.engine_adapter.base - INFO - Executing SQL: /* SQLMESH_PLAN: be36318c89164f25b5ac2bf577742924 */ CREATE OR REPLACE VIEW "sales_lakehouse"."staging__dev"."stg_sales_data" AS SELECT * FROM "sales_lakehouse"."sqlmesh__staging"."staging__stg_sales_data__751162808" (base.py:2626)
2026-01-17 01:11:53,641 - MainThread - sqlmesh.core.snapshot.evaluator - INFO - Updating view 'sales_lakehouse.staging__dev.stg_salesteam_data' to point at table 'sales_lakehouse.sqlmesh__staging.staging__stg_salesteam_data__1077743129__dev' (evaluator.py:1988)
2026-01-17 01:11:53,642 - MainThread - sqlmesh.core.engine_adapter.base - INFO - Executing SQL: /* SQLMESH_PLAN: be36318c89164f25b5ac2bf577742924 */ CREATE OR REPLACE VIEW "sales_lakehouse"."staging__dev"."stg_salesteam_data" AS SELECT * FROM "sales_lakehouse"."sqlmesh__staging"."staging__stg_salesteam_data__1077743129__dev" (base.py:2626)
2026-01-17 01:11:53,691 - MainThread - sqlmesh.core.snapshot.evaluator - INFO - Updating view 'sales_lakehouse.staging__dev.stg_targets_data' to point at table 'sales_lakehouse.sqlmesh__staging.staging__stg_targets_data__1757844379__dev' (evaluator.py:1988)
2026-01-17 01:11:53,692 - MainThread - sqlmesh.core.engine_adapter.base - INFO - Executing SQL: /* SQLMESH_PLAN: be36318c89164f25b5ac2bf577742924 */ CREATE OR REPLACE VIEW "sales_lakehouse"."staging__dev"."stg_targets_data" AS SELECT * FROM "sales_lakehouse"."sqlmesh__staging"."staging__stg_targets_data__1757844379__dev" (base.py:2626)
2026-01-17 01:11:53,742 - MainThread - sqlmesh.core.snapshot.evaluator - INFO - Updating view 'sales_lakehouse.marts__dev.dim_clientsd' to point at table 'sales_lakehouse.sqlmesh__marts.marts__dim_clientsd__469669551__dev' (evaluator.py:1988)
2026-01-17 01:11:53,742 - MainThread - sqlmesh.core.engine_adapter.base - INFO - Executing SQL: /* SQLMESH_PLAN: be36318c89164f25b5ac2bf577742924 */ CREATE OR REPLACE VIEW "sales_lakehouse"."marts__dev"."dim_clientsd" AS SELECT * FROM "sales_lakehouse"."sqlmesh__marts"."marts__dim_clientsd__469669551__dev" (base.py:2626)
2026-01-17 01:11:53,790 - MainThread - sqlmesh.core.snapshot.evaluator - INFO - Updating view 'sales_lakehouse.marts__dev.dim_products' to point at table 'sales_lakehouse.sqlmesh__marts.marts__dim_products__763842527__dev' (evaluator.py:1988)
2026-01-17 01:11:53,791 - MainThread - sqlmesh.core.engine_adapter.base - INFO - Executing SQL: /* SQLMESH_PLAN: be36318c89164f25b5ac2bf577742924 */ CREATE OR REPLACE VIEW "sales_lakehouse"."marts__dev"."dim_products" AS SELECT * FROM "sales_lakehouse"."sqlmesh__marts"."marts__dim_products__763842527__dev" (base.py:2626)
2026-01-17 01:11:53,839 - MainThread - sqlmesh.core.snapshot.evaluator - INFO - Updating view 'sales_lakehouse.marts__dev.dim_salesperson' to point at table 'sales_lakehouse.sqlmesh__marts.marts__dim_salesperson__1758042276__dev' (evaluator.py:1988)
2026-01-17 01:11:53,839 - MainThread - sqlmesh.core.engine_adapter.base - INFO - Executing SQL: /* SQLMESH_PLAN: be36318c89164f25b5ac2bf577742924 */ CREATE OR REPLACE VIEW "sales_lakehouse"."marts__dev"."dim_salesperson" AS SELECT * FROM "sales_lakehouse"."sqlmesh__marts"."marts__dim_salesperson__1758042276__dev" (base.py:2626)
2026-01-17 01:11:53,888 - MainThread - sqlmesh.core.snapshot.evaluator - INFO - Updating view 'sales_lakehouse.marts__dev.fact_sales' to point at table 'sales_lakehouse.sqlmesh__marts.marts__fact_sales__3261040808__dev' (evaluator.py:1988)
2026-01-17 01:11:53,888 - MainThread - sqlmesh.core.engine_adapter.base - INFO - Executing SQL: /* SQLMESH_PLAN: be36318c89164f25b5ac2bf577742924 */ CREATE OR REPLACE VIEW "sales_lakehouse"."marts__dev"."fact_sales" AS SELECT * FROM "sales_lakehouse"."sqlmesh__marts"."marts__fact_sales__3261040808__dev" (base.py:2626)
2026-01-17 01:11:53,936 - MainThread - sqlmesh.core.snapshot.evaluator - INFO - Updating view 'sales_lakehouse.marts__dev.fact_targets' to point at table 'sales_lakehouse.sqlmesh__marts.marts__fact_targets__1725811394__dev' (evaluator.py:1988)
2026-01-17 01:11:53,936 - MainThread - sqlmesh.core.engine_adapter.base - INFO - Executing SQL: /* SQLMESH_PLAN: be36318c89164f25b5ac2bf577742924 */ CREATE OR REPLACE VIEW "sales_lakehouse"."marts__dev"."fact_targets" AS SELECT * FROM "sales_lakehouse"."sqlmesh__marts"."marts__fact_targets__1725811394__dev" (base.py:2626)
2026-01-17 01:11:53,984 - MainThread - sqlmesh.core.snapshot.evaluator - INFO - Updating view 'sales_lakehouse.reports__dev.rep_target_attainment' to point at table 'sales_lakehouse.sqlmesh__reports.reports__rep_target_attainment__2422824286__dev' (evaluator.py:1988)
2026-01-17 01:11:53,985 - MainThread - sqlmesh.core.engine_adapter.base - INFO - Executing SQL: /* SQLMESH_PLAN: be36318c89164f25b5ac2bf577742924 */ CREATE OR REPLACE VIEW "sales_lakehouse"."reports__dev"."rep_target_attainment" AS SELECT * FROM "sales_lakehouse"."sqlmesh__reports"."reports__rep_target_attainment__2422824286__dev" (base.py:2626)
2026-01-17 01:11:54,033 - MainThread - sqlmesh.core.snapshot.evaluator - INFO - Updating view 'sales_lakehouse.reports__dev.rep_top_products' to point at table 'sales_lakehouse.sqlmesh__reports.reports__rep_top_products__3498895152__dev' (evaluator.py:1988)
2026-01-17 01:11:54,035 - MainThread - sqlmesh.core.engine_adapter.base - INFO - Executing SQL: /* SQLMESH_PLAN: be36318c89164f25b5ac2bf577742924 */ CREATE OR REPLACE VIEW "sales_lakehouse"."reports__dev"."rep_top_products" AS SELECT * FROM "sales_lakehouse"."sqlmesh__reports"."reports__rep_top_products__3498895152__dev" (base.py:2626)
2026-01-17 01:11:54,086 - MainThread - sqlmesh.core.snapshot.evaluator - INFO - Updating view 'sales_lakehouse.reports__dev.rep_weekly_meeting' to point at table 'sales_lakehouse.sqlmesh__reports.reports__rep_weekly_meeting__2628488437__dev' (evaluator.py:1988)
2026-01-17 01:11:54,087 - MainThread - sqlmesh.core.engine_adapter.base - INFO - Executing SQL: /* SQLMESH_PLAN: be36318c89164f25b5ac2bf577742924 */ CREATE OR REPLACE VIEW "sales_lakehouse"."reports__dev"."rep_weekly_meeting" AS SELECT * FROM "sales_lakehouse"."sqlmesh__reports"."reports__rep_weekly_meeting__2628488437__dev" (base.py:2626)
2026-01-17 01:11:54,138 - MainThread - sqlmesh.core.plan.evaluator - INFO - Evaluating plan stage FinalizeEnvironmentStage (evaluator.py:123)
2026-01-17 01:11:54,138 - MainThread - sqlmesh.core.state_sync.db.environment - INFO - Finalizing environment 'dev' (environment.py:141)
2026-01-17 01:11:54,312 - MainThread - root - INFO - Shutting down the event dispatcher (dispatcher.py:159)
