2026-01-17 00:08:21,375 - MainThread - sqlmesh.core.config.connection - INFO - Creating new DuckDB adapter for data files: {'../data/warehouse/catalog.ducklake'} (connection.py:496)
2026-01-17 00:08:23,136 - MainThread - sqlmesh.core.config.connection - INFO - Creating new DuckDB adapter for data files: {'../data/warehouse/sqlmesh_state.db'} (connection.py:496)
2026-01-17 00:08:45,335 - MainThread - sqlmesh.core.plan.evaluator - INFO - Evaluating plan stage CreateSnapshotRecordsStage (evaluator.py:123)
2026-01-17 00:08:45,424 - MainThread - sqlmesh.core.plan.evaluator - INFO - Evaluating plan stage PhysicalLayerSchemaCreationStage (evaluator.py:123)
2026-01-17 00:08:45,429 - MainThread - sqlmesh.core.snapshot.evaluator - INFO - Creating schema 'sales_lakehouse.sqlmesh__raw' (evaluator.py:1449)
2026-01-17 00:08:45,430 - MainThread - sqlmesh.core.engine_adapter.base - INFO - Executing SQL: /* SQLMESH_PLAN: c8ed7ce3a42e4201bec54ac5f36448c6 */ CREATE SCHEMA IF NOT EXISTS "sales_lakehouse"."sqlmesh__raw" (base.py:2626)
2026-01-17 00:08:46,823 - MainThread - sqlmesh.core.snapshot.evaluator - INFO - Creating schema 'sales_lakehouse.sqlmesh__reports' (evaluator.py:1449)
2026-01-17 00:08:46,824 - MainThread - sqlmesh.core.engine_adapter.base - INFO - Executing SQL: /* SQLMESH_PLAN: c8ed7ce3a42e4201bec54ac5f36448c6 */ CREATE SCHEMA IF NOT EXISTS "sales_lakehouse"."sqlmesh__reports" (base.py:2626)
2026-01-17 00:08:46,826 - MainThread - sqlmesh.core.snapshot.evaluator - INFO - Creating schema 'sales_lakehouse.sqlmesh__marts' (evaluator.py:1449)
2026-01-17 00:08:46,827 - MainThread - sqlmesh.core.engine_adapter.base - INFO - Executing SQL: /* SQLMESH_PLAN: c8ed7ce3a42e4201bec54ac5f36448c6 */ CREATE SCHEMA IF NOT EXISTS "sales_lakehouse"."sqlmesh__marts" (base.py:2626)
2026-01-17 00:08:46,829 - MainThread - sqlmesh.core.snapshot.evaluator - INFO - Creating schema 'sales_lakehouse.sqlmesh__staging' (evaluator.py:1449)
2026-01-17 00:08:46,829 - MainThread - sqlmesh.core.engine_adapter.base - INFO - Executing SQL: /* SQLMESH_PLAN: c8ed7ce3a42e4201bec54ac5f36448c6 */ CREATE SCHEMA IF NOT EXISTS "sales_lakehouse"."sqlmesh__staging" (base.py:2626)
2026-01-17 00:08:46,832 - MainThread - sqlmesh.core.plan.evaluator - INFO - Evaluating plan stage BackfillStage (evaluator.py:123)
2026-01-17 00:08:46,839 - MainThread - sqlmesh.core.snapshot.evaluator - INFO - Listing data objects in schema sales_lakehouse.sqlmesh__marts (evaluator.py:1616)
2026-01-17 00:08:46,840 - MainThread - sqlmesh.core.engine_adapter.base - INFO - Executing SQL: /* SQLMESH_PLAN: c8ed7ce3a42e4201bec54ac5f36448c6 */ SELECT CURRENT_CATALOG() (base.py:2626)
2026-01-17 00:08:46,843 - MainThread - sqlmesh.core.engine_adapter.base - INFO - Executing SQL: /* SQLMESH_PLAN: c8ed7ce3a42e4201bec54ac5f36448c6 */ SELECT CURRENT_CATALOG() (base.py:2626)
2026-01-17 00:08:46,847 - MainThread - sqlmesh.core.engine_adapter.base - INFO - Executing SQL: /* SQLMESH_PLAN: c8ed7ce3a42e4201bec54ac5f36448c6 */ SELECT table_name AS name, table_schema AS schema, CASE table_type WHEN 'BASE TABLE' THEN 'table' WHEN 'VIEW' THEN 'view' WHEN 'LOCAL TEMPORARY' THEN 'table' END AS type FROM system.information_schema.tables WHERE (table_catalog = 'sales_lakehouse' AND table_schema = 'sqlmesh__marts') AND table_name IN ('marts__dim_date__2600068558__dev', 'marts__dim_products__763842527__dev', 'marts__dim_salesperson__1758042276__dev', 'marts__fact_targets__1725811394__dev', 'marts__dim_clientsd__469669551__dev', 'marts__fact_sales__124335465__dev') (base.py:2626)
2026-01-17 00:08:46,876 - MainThread - sqlmesh.core.snapshot.evaluator - INFO - Listing data objects in schema sales_lakehouse.sqlmesh__staging (evaluator.py:1616)
2026-01-17 00:08:46,876 - MainThread - sqlmesh.core.engine_adapter.base - INFO - Executing SQL: /* SQLMESH_PLAN: c8ed7ce3a42e4201bec54ac5f36448c6 */ SELECT CURRENT_CATALOG() (base.py:2626)
2026-01-17 00:08:46,878 - MainThread - sqlmesh.core.engine_adapter.base - INFO - Executing SQL: /* SQLMESH_PLAN: c8ed7ce3a42e4201bec54ac5f36448c6 */ SELECT CURRENT_CATALOG() (base.py:2626)
2026-01-17 00:08:46,884 - MainThread - sqlmesh.core.engine_adapter.base - INFO - Executing SQL: /* SQLMESH_PLAN: c8ed7ce3a42e4201bec54ac5f36448c6 */ SELECT table_name AS name, table_schema AS schema, CASE table_type WHEN 'BASE TABLE' THEN 'table' WHEN 'VIEW' THEN 'view' WHEN 'LOCAL TEMPORARY' THEN 'table' END AS type FROM system.information_schema.tables WHERE (table_catalog = 'sales_lakehouse' AND table_schema = 'sqlmesh__staging') AND table_name IN ('staging__stg_salesteam_data__1077743129__dev', 'staging__stg_clientsd_data__3122030815__dev', 'staging__stg_products_data__1736959047__dev', 'staging__stg_targets_data__1757844379__dev') (base.py:2626)
2026-01-17 00:08:46,895 - MainThread - sqlmesh.core.snapshot.evaluator - INFO - Listing data objects in schema sales_lakehouse.sqlmesh__reports (evaluator.py:1616)
2026-01-17 00:08:46,896 - MainThread - sqlmesh.core.engine_adapter.base - INFO - Executing SQL: /* SQLMESH_PLAN: c8ed7ce3a42e4201bec54ac5f36448c6 */ SELECT CURRENT_CATALOG() (base.py:2626)
2026-01-17 00:08:46,900 - MainThread - sqlmesh.core.engine_adapter.base - INFO - Executing SQL: /* SQLMESH_PLAN: c8ed7ce3a42e4201bec54ac5f36448c6 */ SELECT CURRENT_CATALOG() (base.py:2626)
2026-01-17 00:08:46,905 - MainThread - sqlmesh.core.engine_adapter.base - INFO - Executing SQL: /* SQLMESH_PLAN: c8ed7ce3a42e4201bec54ac5f36448c6 */ SELECT table_name AS name, table_schema AS schema, CASE table_type WHEN 'BASE TABLE' THEN 'table' WHEN 'VIEW' THEN 'view' WHEN 'LOCAL TEMPORARY' THEN 'table' END AS type FROM system.information_schema.tables WHERE (table_catalog = 'sales_lakehouse' AND table_schema = 'sqlmesh__reports') AND table_name IN ('reports__rep_weekly_meeting__826991582__dev', 'reports__rep_top_products__839969214__dev', 'reports__rep_target_attainment__4118169933__dev') (base.py:2626)
2026-01-17 00:08:46,918 - MainThread - sqlmesh.core.snapshot.evaluator - INFO - Creating a physical table for snapshot SnapshotId<"sales_lakehouse"."marts"."fact_sales": 1501856123> (evaluator.py:870)
2026-01-17 00:08:47,066 - MainThread - sqlmesh.core.snapshot.evaluator - INFO - Creating table 'sales_lakehouse.sqlmesh__marts.marts__fact_sales__124335465__dev' (evaluator.py:2042)
2026-01-17 00:08:47,066 - MainThread - sqlmesh.core.engine_adapter.base - INFO - Executing SQL: /* SQLMESH_PLAN: c8ed7ce3a42e4201bec54ac5f36448c6 */ SELECT CURRENT_CATALOG() (base.py:2626)
2026-01-17 00:08:47,070 - MainThread - sqlmesh.core.engine_adapter.base - INFO - Executing SQL: /* SQLMESH_PLAN: c8ed7ce3a42e4201bec54ac5f36448c6 */ SELECT type FROM DUCKDB_DATABASES() WHERE database_name = 'sales_lakehouse' (base.py:2626)
2026-01-17 00:08:47,152 - MainThread - sqlmesh.core.engine_adapter.base - INFO - Executing SQL: /* SQLMESH_PLAN: c8ed7ce3a42e4201bec54ac5f36448c6 */ CREATE TABLE IF NOT EXISTS "sales_lakehouse"."sqlmesh__marts"."marts__fact_sales__124335465__dev" AS SELECT "s"."sales_line_id" AS "sales_line_id", CAST(STRFTIME("s"."sale_date", '%Y%m%d') AS INT) AS "date_key", "s"."sale_date" AS "sale_date", EXTRACT(YEAR FROM "s"."sale_date") AS "sale_year", EXTRACT(MONTH FROM "s"."sale_date") AS "sale_month", "p"."product_key" AS "product_key", "s"."sku" AS "sku", "sp"."salesperson_key" AS "salesperson_key", "s"."salesperson_id" AS "salesperson_id", "sp"."region" AS "region", "sp"."subregion" AS "subregion", "sp"."sales_channel" AS "sales_channel", "c"."sd_key" AS "client_key", "s"."client_id" AS "client_id", "s"."quantity" AS "quantity", "s"."unit_price" AS "unit_price_actual", "s"."sales_amount" AS "total_amount", "p"."unit_price" AS "unit_price_standard", "s"."unit_weight_kg" AS "unit_weight_actual", "p"."unit_weight_kg" AS "unit_weight_standard", "s"."quantity" * COALESCE("p"."unit_weight_kg", "s"."unit_weight_kg", 0) AS "total_weight_kg", CASE WHEN "p"."unit_price" > 0 AND "s"."unit_price" > 0 THEN ROUND((("s"."unit_price" - "p"."unit_price") / "p"."unit_price") * 100, 2) ELSE 0 END AS "price_variance_pct", "s"."location" AS "location" FROM "sales_lakehouse"."sqlmesh__staging"."staging__stg_sales_data__751162808" AS "s" LEFT JOIN "sales_lakehouse"."sqlmesh__marts"."marts__dim_products__763842527__dev" AS "p" ON "p"."sku" = "s"."sku" AND "p"."valid_from" <= "s"."sale_date" AND ("p"."valid_to" > "s"."sale_date" OR "p"."valid_to" IS NULL) LEFT JOIN "sales_lakehouse"."sqlmesh__marts"."marts__dim_salesperson__1758042276__dev" AS "sp" ON ("s"."sale_date" < "sp"."valid_to" OR "sp"."valid_to" IS NULL) AND "s"."sale_date" >= "sp"."valid_from" AND "s"."salesperson_id" = "sp"."salesperson_id" LEFT JOIN "sales_lakehouse"."sqlmesh__marts"."marts__dim_clientsd__469669551__dev" AS "c" ON "c"."sd_id" = "s"."client_id" AND "c"."valid_from" <= "s"."sale_date" AND ("c"."valid_to" > "s"."sale_date" OR "c"."valid_to" IS NULL) WHERE FALSE LIMIT 0 (base.py:2626)
2026-01-17 00:08:47,196 - MainThread - sqlmesh.core.engine_adapter.base - INFO - Executing SQL: /* SQLMESH_PLAN: c8ed7ce3a42e4201bec54ac5f36448c6 */ ALTER TABLE sales_lakehouse.sqlmesh__marts.marts__fact_sales__124335465__dev SET PARTITIONED BY ("sale_date", "sale_year", "sale_month"); (base.py:2626)
2026-01-17 00:08:47,331 - MainThread - sqlmesh.core.snapshot.evaluator - INFO - Evaluating snapshot SnapshotId<"sales_lakehouse"."marts"."fact_sales": 1501856123> (evaluator.py:711)
2026-01-17 00:08:47,332 - MainThread - sqlmesh.core.snapshot.evaluator - INFO - Inserting data for snapshot SnapshotId<"sales_lakehouse"."marts"."fact_sales": 1501856123> (evaluator.py:952)
2026-01-17 00:08:47,377 - MainThread - sqlmesh.core.snapshot.evaluator - INFO - Inserting batch (2026-01-15 00:00:00, 2026-01-16 00:00:00) into sales_lakehouse.sqlmesh__marts.marts__fact_sales__124335465__dev' (evaluator.py:984)
2026-01-17 00:08:47,378 - MainThread - sqlmesh.core.engine_adapter.base - INFO - Executing SQL: /* SQLMESH_PLAN: c8ed7ce3a42e4201bec54ac5f36448c6 */ DESCRIBE "sales_lakehouse"."sqlmesh__marts"."marts__fact_sales__124335465__dev" (base.py:2626)
2026-01-17 00:08:47,426 - MainThread - sqlmesh.core.engine_adapter.base - INFO - Executing SQL: /* SQLMESH_PLAN: c8ed7ce3a42e4201bec54ac5f36448c6 */ DELETE FROM "sales_lakehouse"."sqlmesh__marts"."marts__fact_sales__124335465__dev" WHERE "sale_date" BETWEEN CAST('2026-01-15' AS DATE) AND CAST('2026-01-15' AS DATE) (base.py:2626)
2026-01-17 00:08:47,447 - MainThread - sqlmesh.core.engine_adapter.base - INFO - Executing SQL: /* SQLMESH_PLAN: c8ed7ce3a42e4201bec54ac5f36448c6 */ INSERT INTO "sales_lakehouse"."sqlmesh__marts"."marts__fact_sales__124335465__dev" ("sales_line_id", "date_key", "sale_date", "sale_year", "sale_month", "product_key", "sku", "salesperson_key", "salesperson_id", "region", "subregion", "sales_channel", "client_key", "client_id", "quantity", "unit_price_actual", "total_amount", "unit_price_standard", "unit_weight_actual", "unit_weight_standard", "total_weight_kg", "price_variance_pct", "location") SELECT "sales_line_id", "date_key", "sale_date", "sale_year", "sale_month", "product_key", "sku", "salesperson_key", "salesperson_id", "region", "subregion", "sales_channel", "client_key", "client_id", "quantity", "unit_price_actual", "total_amount", "unit_price_standard", "unit_weight_actual", "unit_weight_standard", "total_weight_kg", "price_variance_pct", "location" FROM (SELECT "s"."sales_line_id" AS "sales_line_id", CAST(STRFTIME("s"."sale_date", '%Y%m%d') AS INT) AS "date_key", "s"."sale_date" AS "sale_date", EXTRACT(YEAR FROM "s"."sale_date") AS "sale_year", EXTRACT(MONTH FROM "s"."sale_date") AS "sale_month", "p"."product_key" AS "product_key", "s"."sku" AS "sku", "sp"."salesperson_key" AS "salesperson_key", "s"."salesperson_id" AS "salesperson_id", "sp"."region" AS "region", "sp"."subregion" AS "subregion", "sp"."sales_channel" AS "sales_channel", "c"."sd_key" AS "client_key", "s"."client_id" AS "client_id", "s"."quantity" AS "quantity", "s"."unit_price" AS "unit_price_actual", "s"."sales_amount" AS "total_amount", "p"."unit_price" AS "unit_price_standard", "s"."unit_weight_kg" AS "unit_weight_actual", "p"."unit_weight_kg" AS "unit_weight_standard", "s"."quantity" * COALESCE("p"."unit_weight_kg", "s"."unit_weight_kg", 0) AS "total_weight_kg", CASE WHEN "p"."unit_price" > 0 AND "s"."unit_price" > 0 THEN ROUND((("s"."unit_price" - "p"."unit_price") / "p"."unit_price") * 100, 2) ELSE 0 END AS "price_variance_pct", "s"."location" AS "location" FROM "sales_lakehouse"."sqlmesh__staging"."staging__stg_sales_data__751162808" AS "s" LEFT JOIN "sales_lakehouse"."sqlmesh__marts"."marts__dim_products__763842527__dev" AS "p" ON "p"."sku" = "s"."sku" AND "p"."valid_from" <= "s"."sale_date" AND ("p"."valid_to" > "s"."sale_date" OR "p"."valid_to" IS NULL) LEFT JOIN "sales_lakehouse"."sqlmesh__marts"."marts__dim_salesperson__1758042276__dev" AS "sp" ON ("s"."sale_date" < "sp"."valid_to" OR "sp"."valid_to" IS NULL) AND "s"."sale_date" >= "sp"."valid_from" AND "s"."salesperson_id" = "sp"."salesperson_id" LEFT JOIN "sales_lakehouse"."sqlmesh__marts"."marts__dim_clientsd__469669551__dev" AS "c" ON "c"."sd_id" = "s"."client_id" AND "c"."valid_from" <= "s"."sale_date" AND ("c"."valid_to" > "s"."sale_date" OR "c"."valid_to" IS NULL)) AS "_subquery" WHERE "sale_date" BETWEEN CAST('2026-01-15' AS DATE) AND CAST('2026-01-15' AS DATE) (base.py:2626)
2026-01-17 00:08:47,515 - MainThread - sqlmesh.core.state_sync.db.facade - INFO - Adding dev interval (2026-01-15 00:00:00, 2026-01-16 00:00:00) for snapshot SnapshotId<"sales_lakehouse"."marts"."fact_sales": 1501856123> (facade.py:637)
2026-01-17 00:08:47,515 - MainThread - sqlmesh.core.state_sync.db.interval - INFO - Pushing intervals for snapshot SnapshotId<"sales_lakehouse"."marts"."fact_sales": 1501856123> (interval.py:215)
2026-01-17 00:08:47,546 - MainThread - sqlmesh.core.snapshot.evaluator - INFO - Creating a physical table for snapshot SnapshotId<"sales_lakehouse"."reports"."rep_target_attainment": 3237004974> (evaluator.py:870)
2026-01-17 00:08:47,608 - MainThread - sqlmesh.core.snapshot.evaluator - INFO - Creating table 'sales_lakehouse.sqlmesh__reports.reports__rep_target_attainment__4118169933__dev' (evaluator.py:2042)
2026-01-17 00:08:47,612 - MainThread - sqlmesh.core.engine_adapter.base - INFO - Executing SQL: /* SQLMESH_PLAN: c8ed7ce3a42e4201bec54ac5f36448c6 */ SELECT CURRENT_CATALOG() (base.py:2626)
2026-01-17 00:08:47,616 - MainThread - sqlmesh.core.engine_adapter.base - INFO - Executing SQL: /* SQLMESH_PLAN: c8ed7ce3a42e4201bec54ac5f36448c6 */ SELECT type FROM DUCKDB_DATABASES() WHERE database_name = 'sales_lakehouse' (base.py:2626)
2026-01-17 00:08:47,625 - MainThread - sqlmesh.core.engine_adapter.base - INFO - Executing SQL: /* SQLMESH_PLAN: c8ed7ce3a42e4201bec54ac5f36448c6 */ CREATE TABLE IF NOT EXISTS "sales_lakehouse"."sqlmesh__reports"."reports__rep_target_attainment__4118169933__dev" AS WITH "monthly_sales" AS (SELECT DATE_TRUNC('MONTH', "f"."sale_date") AS "performance_month", "f"."salesperson_id", "f"."salesperson_name", "f"."region", "f"."subregion", "f"."sales_channel", "f"."product_category", SUM("f"."sales_amount") AS "actual_sales", SUM("f"."quantity") AS "total_quantity", COUNT(DISTINCT "f"."sales_line_id") AS "transactions", COUNT(DISTINCT "f"."client_key") AS "unique_customers" FROM "sales_lakehouse"."sqlmesh__marts"."marts__fact_sales__124335465__dev" AS "f" WHERE ("f"."sale_date" >= CAST('1970-01-01' AS DATE) AND "f"."sale_date" < CAST('1970-01-01' AS DATE)) AND FALSE GROUP BY 1, 2, 3, 4, 5, 6, 7), "monthly_targets" AS (SELECT "t"."target_month" AS "performance_month", "t"."salesperson_id", "t"."product_category", SUM("t"."target_amount") AS "target_amount" FROM "sales_lakehouse"."sqlmesh__marts"."marts__fact_targets__1725811394__dev" AS "t" WHERE FALSE GROUP BY 1, 2, 3) SELECT "s"."performance_month" AS "performance_month", EXTRACT(YEAR FROM "s"."performance_month") AS "year", EXTRACT(MONTH FROM "s"."performance_month") AS "month", "s"."salesperson_id" AS "salesperson_id", "s"."salesperson_name" AS "salesperson_name", "s"."region" AS "region", "s"."subregion" AS "subregion", "s"."sales_channel" AS "sales_channel", "s"."product_category" AS "product_category", "s"."actual_sales" AS "actual_sales", "s"."total_quantity" AS "total_quantity", "s"."transactions" AS "transactions", "s"."unique_customers" AS "unique_customers", COALESCE("t"."target_amount", 0) AS "target_amount", "s"."actual_sales" - COALESCE("t"."target_amount", 0) AS "variance_amount", CASE WHEN "t"."target_amount" > 0 THEN ROUND(("s"."actual_sales" / "t"."target_amount") * 100, 1) ELSE NULL END AS "achievement_pct", CASE WHEN "t"."target_amount" IS NULL THEN 'No Target Set' WHEN "s"."actual_sales" >= "t"."target_amount" * 1.15 THEN '⭐ Excellent (115%+)' WHEN "s"."actual_sales" >= "t"."target_amount" * 1.05 THEN '✅ Exceeds (105-115%)' WHEN "s"."actual_sales" >= "t"."target_amount" * 0.95 THEN '🟢 Meets (95-105%)' WHEN "s"."actual_sales" >= "t"."target_amount" * 0.85 THEN '🟡 Near (85-95%)' WHEN "s"."actual_sales" >= "t"."target_amount" * 0.70 THEN '🟠 Below (70-85%)' ELSE '🔴 Critical (<70%)' END AS "performance_tier", ROUND("s"."actual_sales" / NULLIF("s"."transactions", 0), 0) AS "avg_transaction_value", ROUND("s"."actual_sales" / NULLIF("s"."unique_customers", 0), 0) AS "sales_per_customer", CURRENT_TIMESTAMP AS "generated_at" FROM "monthly_sales" AS "s" LEFT JOIN "monthly_targets" AS "t" ON "s"."performance_month" = "t"."performance_month" AND "s"."salesperson_id" = "t"."salesperson_id" AND "s"."product_category" = "t"."product_category" WHERE FALSE ORDER BY "s"."performance_month" DESC, "s"."actual_sales" DESC LIMIT 0 (base.py:2626)
2026-01-17 00:08:47,655 - MainThread - sqlmesh.core.snapshot.evaluator - INFO - Evaluating snapshot SnapshotId<"sales_lakehouse"."reports"."rep_top_products": 2929343532> (evaluator.py:711)
2026-01-17 00:08:47,657 - MainThread - sqlmesh.core.snapshot.evaluator - INFO - Inserting data for snapshot SnapshotId<"sales_lakehouse"."reports"."rep_top_products": 2929343532> (evaluator.py:952)
2026-01-17 00:08:47,690 - MainThread - sqlmesh.core.snapshot.evaluator - INFO - Inserting batch (2026-01-15 00:00:00, 2026-01-16 00:00:00) into sales_lakehouse.sqlmesh__reports.reports__rep_top_products__839969214__dev' (evaluator.py:984)
2026-01-17 00:08:47,691 - MainThread - sqlmesh.core.engine_adapter.base - INFO - Executing SQL: /* SQLMESH_PLAN: c8ed7ce3a42e4201bec54ac5f36448c6 */ DESCRIBE "sales_lakehouse"."sqlmesh__reports"."reports__rep_top_products__839969214__dev" (base.py:2626)
2026-01-17 00:08:47,696 - MainThread - sqlmesh.core.engine_adapter.base - INFO - Executing SQL: /* SQLMESH_PLAN: c8ed7ce3a42e4201bec54ac5f36448c6 */ SELECT CURRENT_CATALOG() (base.py:2626)
2026-01-17 00:08:47,699 - MainThread - sqlmesh.core.engine_adapter.base - INFO - Executing SQL: /* SQLMESH_PLAN: c8ed7ce3a42e4201bec54ac5f36448c6 */ SELECT type FROM DUCKDB_DATABASES() WHERE database_name = 'sales_lakehouse' (base.py:2626)
2026-01-17 00:08:47,707 - MainThread - sqlmesh.core.engine_adapter.base - INFO - Executing SQL: /* SQLMESH_PLAN: c8ed7ce3a42e4201bec54ac5f36448c6 */ CREATE OR REPLACE TABLE "sales_lakehouse"."sqlmesh__reports"."reports__rep_top_products__839969214__dev" AS WITH "last_30_days" AS (SELECT "f"."sku", "p"."product_name", "p"."product_category", "p"."product_subcategory", "p"."is_innovation_product", COUNT(DISTINCT "f"."sales_line_id") AS "transactions", SUM("f"."quantity") AS "total_quantity_sold", SUM("f"."sales_amount") AS "total_revenue", COUNT(DISTINCT "f"."salesperson_key") AS "salespeople_selling", COUNT(DISTINCT "f"."client_key") AS "unique_customers", COUNT(DISTINCT "f"."region") AS "regions_sold_in", AVG("f"."unit_price") AS "avg_unit_price" FROM "sales_lakehouse"."sqlmesh__marts"."marts__fact_sales__124335465__dev" AS "f" JOIN "sales_lakehouse"."sqlmesh__marts"."marts__dim_products__763842527__dev" AS "p" ON "f"."product_key" = "p"."product_key" WHERE "f"."sale_date" >= CURRENT_DATE - INTERVAL '30' DAYS GROUP BY 1, 2, 3, 4, 5), "last_60_to_30_days" AS (SELECT "f"."sku", SUM("f"."sales_amount") AS "prev_period_revenue" FROM "sales_lakehouse"."sqlmesh__marts"."marts__fact_sales__124335465__dev" AS "f" WHERE "f"."sale_date" >= CURRENT_DATE - INTERVAL '60' DAYS AND "f"."sale_date" < CURRENT_DATE - INTERVAL '30' DAYS GROUP BY 1) SELECT "curr"."sku" AS "sku", "curr"."product_name" AS "product_name", "curr"."product_category" AS "product_category", "curr"."product_subcategory" AS "product_subcategory", "curr"."is_innovation_product" AS "is_innovation_product", "curr"."total_revenue" AS "total_revenue", "curr"."total_quantity_sold" AS "total_quantity_sold", "curr"."transactions" AS "transactions", "curr"."unique_customers" AS "unique_customers", "curr"."salespeople_selling" AS "salespeople_selling", "curr"."regions_sold_in" AS "regions_sold_in", "curr"."avg_unit_price" AS "avg_unit_price", ROUND("curr"."total_revenue" / NULLIF("curr"."transactions", 0), 0) AS "avg_transaction_value", COALESCE("prev"."prev_period_revenue", 0) AS "prev_period_revenue", "curr"."total_revenue" - COALESCE("prev"."prev_period_revenue", 0) AS "revenue_change", ROUND(("curr"."total_revenue" - COALESCE("prev"."prev_period_revenue", 0)) * 100.0 / NULLIF("prev"."prev_period_revenue", 0), 1) AS "revenue_growth_pct", CASE WHEN "prev"."prev_period_revenue" IS NULL THEN '🆕 New' WHEN "curr"."total_revenue" > "prev"."prev_period_revenue" * 1.2 THEN '🚀 Hot' WHEN "curr"."total_revenue" > "prev"."prev_period_revenue" THEN '📈 Growing' WHEN "curr"."total_revenue" >= "prev"."prev_period_revenue" * 0.9 THEN '➡️ Stable' ELSE '📉 Declining' END AS "trend", ROW_NUMBER() OVER (ORDER BY "curr"."total_revenue" DESC) AS "revenue_rank", CURRENT_TIMESTAMP AS "generated_at" FROM "last_30_days" AS "curr" LEFT JOIN "last_60_to_30_days" AS "prev" ON "curr"."sku" = "prev"."sku" ORDER BY "curr"."total_revenue" DESC LIMIT 20 (base.py:2626)
2026-01-17 00:08:47,719 - MainThread - sqlmesh.core.scheduler - INFO - SKIPPED snapshot "sales_lakehouse"."reports"."rep_target_attainment"
 (scheduler.py:613)
2026-01-17 00:08:47,719 - MainThread - sqlmesh.core.scheduler - INFO - Execution failed for node CreateNode(snapshot_name='"sales_lakehouse"."reports"."rep_target_attainment"') (scheduler.py:618)
Traceback (most recent call last):
  File "C:\Users\User\env\Lib\site-packages\sqlmesh\utils\concurrency.py", line 234, in sequential_apply_to_dag
    fn(node)
    ~~^^^^^^
  File "C:\Users\User\env\Lib\site-packages\sqlmesh\core\scheduler.py", line 590, in run_node
    self.snapshot_evaluator.create_snapshot(
    ~~~~~~~~~~~~~~~~~~~~~~~~~~~~~~~~~~~~~~~^
        snapshot=snapshot,
        ^^^^^^^^^^^^^^^^^^
    ...<3 lines>...
        allow_additive_snapshots=allow_additive_snapshots or set(),
        ^^^^^^^^^^^^^^^^^^^^^^^^^^^^^^^^^^^^^^^^^^^^^^^^^^^^^^^^^^^
    )
    ^
  File "C:\Users\User\env\Lib\site-packages\sqlmesh\core\snapshot\evaluator.py", line 906, in create_snapshot
    self._execute_create(
    ~~~~~~~~~~~~~~~~~~~~^
        snapshot=snapshot,
        ^^^^^^^^^^^^^^^^^^
    ...<5 lines>...
        dry_run=True,
        ^^^^^^^^^^^^^
    )
    ^
  File "C:\Users\User\env\Lib\site-packages\sqlmesh\core\snapshot\evaluator.py", line 1496, in _execute_create
    evaluation_strategy.create(
    ~~~~~~~~~~~~~~~~~~~~~~~~~~^
        table_name=table_name,
        ^^^^^^^^^^^^^^^^^^^^^^
    ...<9 lines>...
        deployability_index=deployability_index,
        ^^^^^^^^^^^^^^^^^^^^^^^^^^^^^^^^^^^^^^^^
    )
    ^
  File "C:\Users\User\env\Lib\site-packages\sqlmesh\core\snapshot\evaluator.py", line 2067, in create
    self.adapter.ctas(
    ~~~~~~~~~~~~~~~~~^
        table_name,
        ^^^^^^^^^^^
    ...<9 lines>...
        column_descriptions=model.column_descriptions if is_table_deployable else None,
        ^^^^^^^^^^^^^^^^^^^^^^^^^^^^^^^^^^^^^^^^^^^^^^^^^^^^^^^^^^^^^^^^^^^^^^^^^^^^^^^
    )
    ^
  File "C:\Users\User\env\Lib\site-packages\sqlmesh\core\engine_adapter\shared.py", line 318, in internal_wrapper
    return func(*list_args, **kwargs)
  File "C:\Users\User\env\Lib\site-packages\sqlmesh\core\engine_adapter\base.py", line 708, in ctas
    return self._create_table_from_source_queries(
           ~~~~~~~~~~~~~~~~~~~~~~~~~~~~~~~~~~~~~~^
        table_name,
        ^^^^^^^^^^^
    ...<5 lines>...
        **kwargs,
        ^^^^^^^^^
    )
    ^
  File "C:\Users\User\env\Lib\site-packages\sqlmesh\core\engine_adapter\base.py", line 934, in _create_table_from_source_queries
    self._create_table(
    ~~~~~~~~~~~~~~~~~~^
        schema if schema else table,
        ^^^^^^^^^^^^^^^^^^^^^^^^^^^^
    ...<7 lines>...
        **kwargs,
        ^^^^^^^^^
    )
    ^
  File "C:\Users\User\env\Lib\site-packages\sqlmesh\core\engine_adapter\duckdb.py", line 188, in _create_table
    super()._create_table(
    ~~~~~~~~~~~~~~~~~~~~~^
        table_name_or_schema,
        ^^^^^^^^^^^^^^^^^^^^^
    ...<8 lines>...
        **kwargs,
        ^^^^^^^^^
    )
    ^
  File "C:\Users\User\env\Lib\site-packages\sqlmesh\core\engine_adapter\base.py", line 977, in _create_table
    self.execute(
    ~~~~~~~~~~~~^
        self._build_create_table_exp(
        ^^^^^^^^^^^^^^^^^^^^^^^^^^^^^
    ...<13 lines>...
        track_rows_processed=track_rows_processed,
        ^^^^^^^^^^^^^^^^^^^^^^^^^^^^^^^^^^^^^^^^^^
    )
    ^
  File "C:\Users\User\env\Lib\site-packages\sqlmesh\core\engine_adapter\base.py", line 2603, in execute
    self._execute(sql, track_rows_processed, **kwargs)
    ~~~~~~~~~~~~~^^^^^^^^^^^^^^^^^^^^^^^^^^^^^^^^^^^^^
  File "C:\Users\User\env\Lib\site-packages\sqlmesh\core\engine_adapter\base.py", line 2635, in _execute
    self.cursor.execute(sql, **kwargs)
    ~~~~~~~~~~~~~~~~~~~^^^^^^^^^^^^^^^
_duckdb.BinderException: Binder Error: Table "f" does not have a column named "salesperson_name"

Candidate bindings: : "salesperson_key"

LINE 1: ..."f"."sale_date") AS "performance_month", "f"."salesperson_id", "f"."salesperson_name", "f"."region", "f"."subregion", ...
                                                                          ^

The above exception was the direct cause of the following exception:

sqlmesh.utils.concurrency.NodeExecutionFailedError: Execution failed for node CreateNode(snapshot_name='"sales_lakehouse"."reports"."rep_target_attainment"')
2026-01-17 00:08:47,730 - MainThread - sqlmesh.core.scheduler - INFO - Execution failed for node EvaluateNode(snapshot_name='"sales_lakehouse"."reports"."rep_top_products"', interval=(1768435200000, 1768521600000), batch_index=0) (scheduler.py:618)
Traceback (most recent call last):
  File "C:\Users\User\env\Lib\site-packages\sqlmesh\utils\concurrency.py", line 234, in sequential_apply_to_dag
    fn(node)
    ~~^^^^^^
  File "C:\Users\User\env\Lib\site-packages\sqlmesh\core\scheduler.py", line 554, in run_node
    audit_results = self.evaluate(
        snapshot=snapshot,
    ...<9 lines>...
        selected_models=selected_models,
    )
  File "C:\Users\User\env\Lib\site-packages\sqlmesh\core\scheduler.py", line 229, in evaluate
    wap_id = self.snapshot_evaluator.evaluate(
        snapshot,
    ...<9 lines>...
        **kwargs,
    )
  File "C:\Users\User\env\Lib\site-packages\sqlmesh\core\snapshot\evaluator.py", line 186, in evaluate
    result = self._evaluate_snapshot(
        start=start,
    ...<9 lines>...
        **kwargs,
    )
  File "C:\Users\User\env\Lib\site-packages\sqlmesh\core\snapshot\evaluator.py", line 821, in _evaluate_snapshot
    self._render_and_insert_snapshot(
    ~~~~~~~~~~~~~~~~~~~~~~~~~~~~~~~~^
        start=start,
        ^^^^^^^^^^^^
    ...<10 lines>...
        batch_index=batch_index,
        ^^^^^^^^^^^^^^^^^^^^^^^^
    )
    ^
  File "C:\Users\User\env\Lib\site-packages\sqlmesh\core\snapshot\evaluator.py", line 1041, in _render_and_insert_snapshot
    apply(query_or_df, index)
    ~~~~~^^^^^^^^^^^^^^^^^^^^
  File "C:\Users\User\env\Lib\site-packages\sqlmesh\core\snapshot\evaluator.py", line 990, in apply
    evaluation_strategy.insert(
    ~~~~~~~~~~~~~~~~~~~~~~~~~~^
        table_name=target_table_name,
        ^^^^^^^^^^^^^^^^^^^^^^^^^^^^^
    ...<12 lines>...
        is_snapshot_deployable=is_snapshot_deployable,
        ^^^^^^^^^^^^^^^^^^^^^^^^^^^^^^^^^^^^^^^^^^^^^^
    )
    ^
  File "C:\Users\User\env\Lib\site-packages\sqlmesh\core\snapshot\evaluator.py", line 2418, in insert
    self._replace_query_for_model(model, table_name, query_or_df, render_kwargs, **kwargs)
    ~~~~~~~~~~~~~~~~~~~~~~~~~~~~~^^^^^^^^^^^^^^^^^^^^^^^^^^^^^^^^^^^^^^^^^^^^^^^^^^^^^^^^^
  File "C:\Users\User\env\Lib\site-packages\sqlmesh\core\snapshot\evaluator.py", line 2155, in _replace_query_for_model
    self.adapter.replace_query(
    ~~~~~~~~~~~~~~~~~~~~~~~~~~^
        name,
        ^^^^^
    ...<10 lines>...
        source_columns=source_columns,
        ^^^^^^^^^^^^^^^^^^^^^^^^^^^^^^
    )
    ^
  File "C:\Users\User\env\Lib\site-packages\sqlmesh\core\engine_adapter\shared.py", line 318, in internal_wrapper
    return func(*list_args, **kwargs)
  File "C:\Users\User\env\Lib\site-packages\sqlmesh\core\engine_adapter\base.py", line 524, in replace_query
    return self._create_table_from_source_queries(
           ~~~~~~~~~~~~~~~~~~~~~~~~~~~~~~~~~~~~~~^
        target_table,
        ^^^^^^^^^^^^^
    ...<5 lines>...
        **kwargs,
        ^^^^^^^^^
    )
    ^
  File "C:\Users\User\env\Lib\site-packages\sqlmesh\core\engine_adapter\base.py", line 934, in _create_table_from_source_queries
    self._create_table(
    ~~~~~~~~~~~~~~~~~~^
        schema if schema else table,
        ^^^^^^^^^^^^^^^^^^^^^^^^^^^^
    ...<7 lines>...
        **kwargs,
        ^^^^^^^^^
    )
    ^
  File "C:\Users\User\env\Lib\site-packages\sqlmesh\core\engine_adapter\duckdb.py", line 188, in _create_table
    super()._create_table(
    ~~~~~~~~~~~~~~~~~~~~~^
        table_name_or_schema,
        ^^^^^^^^^^^^^^^^^^^^^
    ...<8 lines>...
        **kwargs,
        ^^^^^^^^^
    )
    ^
  File "C:\Users\User\env\Lib\site-packages\sqlmesh\core\engine_adapter\base.py", line 977, in _create_table
    self.execute(
    ~~~~~~~~~~~~^
        self._build_create_table_exp(
        ^^^^^^^^^^^^^^^^^^^^^^^^^^^^^
    ...<13 lines>...
        track_rows_processed=track_rows_processed,
        ^^^^^^^^^^^^^^^^^^^^^^^^^^^^^^^^^^^^^^^^^^
    )
    ^
  File "C:\Users\User\env\Lib\site-packages\sqlmesh\core\engine_adapter\base.py", line 2603, in execute
    self._execute(sql, track_rows_processed, **kwargs)
    ~~~~~~~~~~~~~^^^^^^^^^^^^^^^^^^^^^^^^^^^^^^^^^^^^^
  File "C:\Users\User\env\Lib\site-packages\sqlmesh\core\engine_adapter\base.py", line 2635, in _execute
    self.cursor.execute(sql, **kwargs)
    ~~~~~~~~~~~~~~~~~~~^^^^^^^^^^^^^^^
_duckdb.BinderException: Binder Error: Table "f" does not have a column named "sales_amount"

Candidate bindings: : "sale_month"

LINE 1: ...ctions", SUM("f"."quantity") AS "total_quantity_sold", SUM("f"."sales_amount") AS "total_revenue", COUNT(DISTINCT ...
                                                                      ^

The above exception was the direct cause of the following exception:

sqlmesh.utils.concurrency.NodeExecutionFailedError: Execution failed for node EvaluateNode(snapshot_name='"sales_lakehouse"."reports"."rep_top_products"', interval=(1768435200000, 1768521600000), batch_index=0)
2026-01-17 00:08:47,733 - MainThread - sqlmesh.core.scheduler - INFO - Execution failed for node EvaluateNode(snapshot_name='"sales_lakehouse"."reports"."rep_weekly_meeting"', interval=(1768435200000, 1768176000000), batch_index=0) (scheduler.py:618)
Traceback (most recent call last):
  File "C:\Users\User\env\Lib\site-packages\sqlmesh\utils\concurrency.py", line 234, in sequential_apply_to_dag
    fn(node)
    ~~^^^^^^
  File "C:\Users\User\env\Lib\site-packages\sqlmesh\core\scheduler.py", line 554, in run_node
    audit_results = self.evaluate(
        snapshot=snapshot,
    ...<9 lines>...
        selected_models=selected_models,
    )
  File "C:\Users\User\env\Lib\site-packages\sqlmesh\core\scheduler.py", line 223, in evaluate
    validate_date_range(start, end)
    ~~~~~~~~~~~~~~~~~~~^^^^^^^^^^^^
  File "C:\Users\User\env\Lib\site-packages\sqlmesh\utils\date.py", line 366, in validate_date_range
    raise ValueError(
        f"Start date / time ({start}) can't be greater than end date / time ({end})"
    )
ValueError: Start date / time (1768435200000) can't be greater than end date / time (1768176000000)

The above exception was the direct cause of the following exception:

sqlmesh.utils.concurrency.NodeExecutionFailedError: Execution failed for node EvaluateNode(snapshot_name='"sales_lakehouse"."reports"."rep_weekly_meeting"', interval=(1768435200000, 1768176000000), batch_index=0)
2026-01-17 00:08:47,742 - MainThread - sqlmesh.core.context - INFO - Plan application failed. (context.py:1797)
Traceback (most recent call last):
  File "C:\Users\User\env\Lib\site-packages\sqlmesh\core\context.py", line 1789, in apply
    self._apply(plan, circuit_breaker)
    ~~~~~~~~~~~^^^^^^^^^^^^^^^^^^^^^^^
  File "C:\Users\User\env\Lib\site-packages\sqlmesh\core\context.py", line 2582, in _apply
    self._scheduler.create_plan_evaluator(self).evaluate(
    ~~~~~~~~~~~~~~~~~~~~~~~~~~~~~~~~~~~~~~~~~~~~~~~~~~~~^
        plan.to_evaluatable(), circuit_breaker=circuit_breaker
        ^^^^^^^^^^^^^^^^^^^^^^^^^^^^^^^^^^^^^^^^^^^^^^^^^^^^^^
    )
    ^
  File "C:\Users\User\env\Lib\site-packages\sqlmesh\core\plan\evaluator.py", line 105, in evaluate
    self._evaluate_stages(plan_stages, plan)
    ~~~~~~~~~~~~~~~~~~~~~^^^^^^^^^^^^^^^^^^^
  File "C:\Users\User\env\Lib\site-packages\sqlmesh\core\plan\evaluator.py", line 125, in _evaluate_stages
    handler(stage, plan)
    ~~~~~~~^^^^^^^^^^^^^
  File "C:\Users\User\env\Lib\site-packages\sqlmesh\core\plan\evaluator.py", line 264, in visit_backfill_stage
    raise PlanError("Plan application failed.")
sqlmesh.utils.errors.PlanError: Plan application failed.
2026-01-17 00:08:47,879 - MainThread - root - INFO - Shutting down the event dispatcher (dispatcher.py:159)
