2026-01-17 01:10:43,084 - MainThread - sqlmesh.core.config.connection - INFO - Creating new DuckDB adapter for data files: {'../data/warehouse/catalog.ducklake'} (connection.py:496)
2026-01-17 01:10:44,727 - MainThread - sqlmesh.core.config.connection - INFO - Creating new DuckDB adapter for data files: {'../data/warehouse/sqlmesh_state.db'} (connection.py:496)
2026-01-17 01:10:49,716 - MainThread - sqlmesh.core.plan.evaluator - INFO - Evaluating plan stage CreateSnapshotRecordsStage (evaluator.py:123)
2026-01-17 01:10:49,837 - MainThread - sqlmesh.core.plan.evaluator - INFO - Evaluating plan stage PhysicalLayerSchemaCreationStage (evaluator.py:123)
2026-01-17 01:10:49,843 - MainThread - sqlmesh.core.snapshot.evaluator - INFO - Creating schema 'sales_lakehouse.sqlmesh__raw' (evaluator.py:1449)
2026-01-17 01:10:49,843 - MainThread - sqlmesh.core.engine_adapter.base - INFO - Executing SQL: /* SQLMESH_PLAN: a58d9e88933b4bcd8f9033203c025d06 */ CREATE SCHEMA IF NOT EXISTS "sales_lakehouse"."sqlmesh__raw" (base.py:2626)
2026-01-17 01:10:50,071 - MainThread - sqlmesh.core.snapshot.evaluator - INFO - Creating schema 'sales_lakehouse.sqlmesh__staging' (evaluator.py:1449)
2026-01-17 01:10:50,071 - MainThread - sqlmesh.core.engine_adapter.base - INFO - Executing SQL: /* SQLMESH_PLAN: a58d9e88933b4bcd8f9033203c025d06 */ CREATE SCHEMA IF NOT EXISTS "sales_lakehouse"."sqlmesh__staging" (base.py:2626)
2026-01-17 01:10:50,074 - MainThread - sqlmesh.core.snapshot.evaluator - INFO - Creating schema 'sales_lakehouse.sqlmesh__marts' (evaluator.py:1449)
2026-01-17 01:10:50,074 - MainThread - sqlmesh.core.engine_adapter.base - INFO - Executing SQL: /* SQLMESH_PLAN: a58d9e88933b4bcd8f9033203c025d06 */ CREATE SCHEMA IF NOT EXISTS "sales_lakehouse"."sqlmesh__marts" (base.py:2626)
2026-01-17 01:10:50,076 - MainThread - sqlmesh.core.snapshot.evaluator - INFO - Creating schema 'sales_lakehouse.sqlmesh__reports' (evaluator.py:1449)
2026-01-17 01:10:50,077 - MainThread - sqlmesh.core.engine_adapter.base - INFO - Executing SQL: /* SQLMESH_PLAN: a58d9e88933b4bcd8f9033203c025d06 */ CREATE SCHEMA IF NOT EXISTS "sales_lakehouse"."sqlmesh__reports" (base.py:2626)
2026-01-17 01:10:50,079 - MainThread - sqlmesh.core.plan.evaluator - INFO - Evaluating plan stage BackfillStage (evaluator.py:123)
2026-01-17 01:10:50,086 - MainThread - sqlmesh.core.snapshot.evaluator - INFO - Listing data objects in schema sales_lakehouse.sqlmesh__marts (evaluator.py:1616)
2026-01-17 01:10:50,086 - MainThread - sqlmesh.core.engine_adapter.base - INFO - Executing SQL: /* SQLMESH_PLAN: a58d9e88933b4bcd8f9033203c025d06 */ SELECT CURRENT_CATALOG() (base.py:2626)
2026-01-17 01:10:50,089 - MainThread - sqlmesh.core.engine_adapter.base - INFO - Executing SQL: /* SQLMESH_PLAN: a58d9e88933b4bcd8f9033203c025d06 */ SELECT CURRENT_CATALOG() (base.py:2626)
2026-01-17 01:10:50,092 - MainThread - sqlmesh.core.engine_adapter.base - INFO - Executing SQL: /* SQLMESH_PLAN: a58d9e88933b4bcd8f9033203c025d06 */ SELECT table_name AS name, table_schema AS schema, CASE table_type WHEN 'BASE TABLE' THEN 'table' WHEN 'VIEW' THEN 'view' WHEN 'LOCAL TEMPORARY' THEN 'table' END AS type FROM system.information_schema.tables WHERE (table_catalog = 'sales_lakehouse' AND table_schema = 'sqlmesh__marts') AND table_name IN ('marts__fact_targets__1725811394__dev', 'marts__dim_products__763842527__dev', 'marts__dim_salesperson__1758042276__dev', 'marts__fact_sales__3261040808__dev', 'marts__dim_clientsd__469669551__dev', 'marts__dim_date__2600068558__dev') (base.py:2626)
2026-01-17 01:10:50,113 - MainThread - sqlmesh.core.snapshot.evaluator - INFO - Listing data objects in schema sales_lakehouse.sqlmesh__reports (evaluator.py:1616)
2026-01-17 01:10:50,114 - MainThread - sqlmesh.core.engine_adapter.base - INFO - Executing SQL: /* SQLMESH_PLAN: a58d9e88933b4bcd8f9033203c025d06 */ SELECT CURRENT_CATALOG() (base.py:2626)
2026-01-17 01:10:50,117 - MainThread - sqlmesh.core.engine_adapter.base - INFO - Executing SQL: /* SQLMESH_PLAN: a58d9e88933b4bcd8f9033203c025d06 */ SELECT CURRENT_CATALOG() (base.py:2626)
2026-01-17 01:10:50,121 - MainThread - sqlmesh.core.engine_adapter.base - INFO - Executing SQL: /* SQLMESH_PLAN: a58d9e88933b4bcd8f9033203c025d06 */ SELECT table_name AS name, table_schema AS schema, CASE table_type WHEN 'BASE TABLE' THEN 'table' WHEN 'VIEW' THEN 'view' WHEN 'LOCAL TEMPORARY' THEN 'table' END AS type FROM system.information_schema.tables WHERE (table_catalog = 'sales_lakehouse' AND table_schema = 'sqlmesh__reports') AND table_name IN ('reports__rep_target_attainment__2422824286__dev', 'reports__rep_top_products__3498895152__dev', 'reports__rep_weekly_meeting__4089163849__dev') (base.py:2626)
2026-01-17 01:10:50,130 - MainThread - sqlmesh.core.snapshot.evaluator - INFO - Listing data objects in schema sales_lakehouse.sqlmesh__staging (evaluator.py:1616)
2026-01-17 01:10:50,130 - MainThread - sqlmesh.core.engine_adapter.base - INFO - Executing SQL: /* SQLMESH_PLAN: a58d9e88933b4bcd8f9033203c025d06 */ SELECT CURRENT_CATALOG() (base.py:2626)
2026-01-17 01:10:50,134 - MainThread - sqlmesh.core.engine_adapter.base - INFO - Executing SQL: /* SQLMESH_PLAN: a58d9e88933b4bcd8f9033203c025d06 */ SELECT CURRENT_CATALOG() (base.py:2626)
2026-01-17 01:10:50,138 - MainThread - sqlmesh.core.engine_adapter.base - INFO - Executing SQL: /* SQLMESH_PLAN: a58d9e88933b4bcd8f9033203c025d06 */ SELECT table_name AS name, table_schema AS schema, CASE table_type WHEN 'BASE TABLE' THEN 'table' WHEN 'VIEW' THEN 'view' WHEN 'LOCAL TEMPORARY' THEN 'table' END AS type FROM system.information_schema.tables WHERE (table_catalog = 'sales_lakehouse' AND table_schema = 'sqlmesh__staging') AND table_name IN ('staging__stg_salesteam_data__1077743129__dev', 'staging__stg_targets_data__1757844379__dev', 'staging__stg_products_data__1736959047__dev', 'staging__stg_clientsd_data__3122030815__dev') (base.py:2626)
2026-01-17 01:10:50,151 - MainThread - sqlmesh.core.snapshot.evaluator - INFO - Evaluating snapshot SnapshotId<"sales_lakehouse"."reports"."rep_weekly_meeting": 188203158> (evaluator.py:711)
2026-01-17 01:10:50,151 - MainThread - sqlmesh.core.snapshot.evaluator - INFO - Inserting data for snapshot SnapshotId<"sales_lakehouse"."reports"."rep_weekly_meeting": 188203158> (evaluator.py:952)
2026-01-17 01:10:50,216 - MainThread - sqlmesh.core.snapshot.evaluator - INFO - Inserting batch (2026-01-16 00:00:00, 2026-01-17 00:00:00) into sales_lakehouse.sqlmesh__reports.reports__rep_weekly_meeting__4089163849__dev' (evaluator.py:984)
2026-01-17 01:10:50,217 - MainThread - sqlmesh.core.engine_adapter.base - INFO - Executing SQL: /* SQLMESH_PLAN: a58d9e88933b4bcd8f9033203c025d06 */ DESCRIBE "sales_lakehouse"."sqlmesh__reports"."reports__rep_weekly_meeting__4089163849__dev" (base.py:2626)
2026-01-17 01:10:50,263 - MainThread - sqlmesh.core.engine_adapter.base - INFO - Executing SQL: /* SQLMESH_PLAN: a58d9e88933b4bcd8f9033203c025d06 */ SELECT CURRENT_CATALOG() (base.py:2626)
2026-01-17 01:10:50,269 - MainThread - sqlmesh.core.engine_adapter.base - INFO - Executing SQL: /* SQLMESH_PLAN: a58d9e88933b4bcd8f9033203c025d06 */ SELECT type FROM DUCKDB_DATABASES() WHERE database_name = 'sales_lakehouse' (base.py:2626)
2026-01-17 01:10:50,278 - MainThread - sqlmesh.core.engine_adapter.base - INFO - Executing SQL: /* SQLMESH_PLAN: a58d9e88933b4bcd8f9033203c025d06 */ CREATE OR REPLACE TABLE "sales_lakehouse"."sqlmesh__reports"."reports__rep_weekly_meeting__4089163849__dev" AS WITH "date_context" AS (SELECT DATE_TRUNC('WEEK', CAST(CAST('2026-01-17' AS DATE) AS DATE)) AS "current_week_start", DATE_TRUNC('WEEK', CAST(CAST('2026-01-17' AS DATE) AS DATE) - INTERVAL '7' DAYS) AS "last_week_start", DATE_TRUNC('MONTH', CAST(CAST('2026-01-17' AS DATE) AS DATE)) AS "current_month_start"), "this_week_sales" AS (SELECT "f"."salesperson_id", "f"."salesperson_name", "f"."region", "f"."subregion", "f"."sales_channel", COUNT(DISTINCT "f"."sales_line_id") AS "transactions_count", SUM("f"."quantity") AS "total_quantity", SUM("f"."total_amount") AS "total_sales", COUNT(DISTINCT "f"."client_key") AS "unique_customers", COUNT(DISTINCT "f"."product_key") AS "unique_products" FROM "sales_lakehouse"."sqlmesh__marts"."marts__fact_sales__3261040808__dev" AS "f" CROSS JOIN "date_context" AS "dc" WHERE "f"."sale_date" >= "dc"."current_week_start" AND "f"."sale_date" < "dc"."current_week_start" + INTERVAL '7' DAYS GROUP BY 1, 2, 3, 4, 5), "last_week_sales" AS (SELECT "f"."salesperson_id", SUM("f"."sales_amount") AS "last_week_sales" FROM "sales_lakehouse"."sqlmesh__marts"."marts__fact_sales__3261040808__dev" AS "f" CROSS JOIN "date_context" AS "dc" WHERE "f"."sale_date" >= "dc"."last_week_start" AND "f"."sale_date" < "dc"."last_week_start" + INTERVAL '7' DAYS GROUP BY 1), "mtd_sales" AS (SELECT "f"."salesperson_id", SUM("f"."sales_amount") AS "mtd_sales" FROM "sales_lakehouse"."sqlmesh__marts"."marts__fact_sales__3261040808__dev" AS "f" CROSS JOIN "date_context" AS "dc" WHERE "f"."sale_date" >= "dc"."current_month_start" GROUP BY 1), "monthly_targets" AS (SELECT "t"."salesperson_id", SUM("t"."target_amount") AS "monthly_target" FROM "sales_lakehouse"."sqlmesh__marts"."marts__fact_targets__1725811394__dev" AS "t" CROSS JOIN "date_context" AS "dc" WHERE "t"."target_month" = "dc"."current_month_start" GROUP BY 1) SELECT "tw"."salesperson_id" AS "salesperson_id", "tw"."salesperson_name" AS "salesperson_name", "tw"."region" AS "region", "tw"."subregion" AS "subregion", "tw"."sales_channel" AS "sales_channel", "tw"."total_sales" AS "this_week_sales", "tw"."transactions_count" AS "this_week_transactions", "tw"."unique_customers" AS "this_week_customers", "tw"."unique_products" AS "this_week_products", ROUND("tw"."total_sales" / NULLIF("tw"."transactions_count", 0), 0) AS "avg_transaction_value", COALESCE("lw"."last_week_sales", 0) AS "last_week_sales", "tw"."total_sales" - COALESCE("lw"."last_week_sales", 0) AS "wow_change", ROUND(("tw"."total_sales" - COALESCE("lw"."last_week_sales", 0)) * 100.0 / NULLIF("lw"."last_week_sales", 0), 1) AS "wow_growth_pct", COALESCE("mt"."mtd_sales", 0) AS "mtd_sales", COALESCE("tg"."monthly_target", 0) AS "monthly_target", ROUND(COALESCE("mt"."mtd_sales", 0) * 100.0 / NULLIF("tg"."monthly_target", 0), 1) AS "target_attainment_pct", "tg"."monthly_target" - COALESCE("mt"."mtd_sales", 0) AS "target_gap", CASE WHEN "mt"."mtd_sales" >= "tg"."monthly_target" THEN '✅ Target Met' WHEN "mt"."mtd_sales" >= "tg"."monthly_target" * 0.9 THEN '🟡 On Track' WHEN "mt"."mtd_sales" >= "tg"."monthly_target" * 0.7 THEN '🟠 Needs Attention' ELSE '🔴 At Risk' END AS "status", (SELECT "current_week_start" FROM "date_context" AS "date_context") AS "report_week", CURRENT_TIMESTAMP AS "generated_at" FROM "this_week_sales" AS "tw" LEFT JOIN "last_week_sales" AS "lw" ON "tw"."salesperson_id" = "lw"."salesperson_id" LEFT JOIN "mtd_sales" AS "mt" ON "tw"."salesperson_id" = "mt"."salesperson_id" LEFT JOIN "monthly_targets" AS "tg" ON "tw"."salesperson_id" = "tg"."salesperson_id" ORDER BY "tw"."total_sales" DESC (base.py:2626)
2026-01-17 01:10:50,292 - MainThread - sqlmesh.core.scheduler - INFO - Execution failed for node EvaluateNode(snapshot_name='"sales_lakehouse"."reports"."rep_weekly_meeting"', interval=(1768521600000, 1768608000000), batch_index=0) (scheduler.py:618)
Traceback (most recent call last):
  File "C:\Users\User\env\Lib\site-packages\sqlmesh\utils\concurrency.py", line 234, in sequential_apply_to_dag
    fn(node)
    ~~^^^^^^
  File "C:\Users\User\env\Lib\site-packages\sqlmesh\core\scheduler.py", line 554, in run_node
    audit_results = self.evaluate(
        snapshot=snapshot,
    ...<9 lines>...
        selected_models=selected_models,
    )
  File "C:\Users\User\env\Lib\site-packages\sqlmesh\core\scheduler.py", line 229, in evaluate
    wap_id = self.snapshot_evaluator.evaluate(
        snapshot,
    ...<9 lines>...
        **kwargs,
    )
  File "C:\Users\User\env\Lib\site-packages\sqlmesh\core\snapshot\evaluator.py", line 186, in evaluate
    result = self._evaluate_snapshot(
        start=start,
    ...<9 lines>...
        **kwargs,
    )
  File "C:\Users\User\env\Lib\site-packages\sqlmesh\core\snapshot\evaluator.py", line 821, in _evaluate_snapshot
    self._render_and_insert_snapshot(
    ~~~~~~~~~~~~~~~~~~~~~~~~~~~~~~~~^
        start=start,
        ^^^^^^^^^^^^
    ...<10 lines>...
        batch_index=batch_index,
        ^^^^^^^^^^^^^^^^^^^^^^^^
    )
    ^
  File "C:\Users\User\env\Lib\site-packages\sqlmesh\core\snapshot\evaluator.py", line 1041, in _render_and_insert_snapshot
    apply(query_or_df, index)
    ~~~~~^^^^^^^^^^^^^^^^^^^^
  File "C:\Users\User\env\Lib\site-packages\sqlmesh\core\snapshot\evaluator.py", line 990, in apply
    evaluation_strategy.insert(
    ~~~~~~~~~~~~~~~~~~~~~~~~~~^
        table_name=target_table_name,
        ^^^^^^^^^^^^^^^^^^^^^^^^^^^^^
    ...<12 lines>...
        is_snapshot_deployable=is_snapshot_deployable,
        ^^^^^^^^^^^^^^^^^^^^^^^^^^^^^^^^^^^^^^^^^^^^^^
    )
    ^
  File "C:\Users\User\env\Lib\site-packages\sqlmesh\core\snapshot\evaluator.py", line 2418, in insert
    self._replace_query_for_model(model, table_name, query_or_df, render_kwargs, **kwargs)
    ~~~~~~~~~~~~~~~~~~~~~~~~~~~~~^^^^^^^^^^^^^^^^^^^^^^^^^^^^^^^^^^^^^^^^^^^^^^^^^^^^^^^^^
  File "C:\Users\User\env\Lib\site-packages\sqlmesh\core\snapshot\evaluator.py", line 2155, in _replace_query_for_model
    self.adapter.replace_query(
    ~~~~~~~~~~~~~~~~~~~~~~~~~~^
        name,
        ^^^^^
    ...<10 lines>...
        source_columns=source_columns,
        ^^^^^^^^^^^^^^^^^^^^^^^^^^^^^^
    )
    ^
  File "C:\Users\User\env\Lib\site-packages\sqlmesh\core\engine_adapter\shared.py", line 318, in internal_wrapper
    return func(*list_args, **kwargs)
  File "C:\Users\User\env\Lib\site-packages\sqlmesh\core\engine_adapter\base.py", line 524, in replace_query
    return self._create_table_from_source_queries(
           ~~~~~~~~~~~~~~~~~~~~~~~~~~~~~~~~~~~~~~^
        target_table,
        ^^^^^^^^^^^^^
    ...<5 lines>...
        **kwargs,
        ^^^^^^^^^
    )
    ^
  File "C:\Users\User\env\Lib\site-packages\sqlmesh\core\engine_adapter\base.py", line 934, in _create_table_from_source_queries
    self._create_table(
    ~~~~~~~~~~~~~~~~~~^
        schema if schema else table,
        ^^^^^^^^^^^^^^^^^^^^^^^^^^^^
    ...<7 lines>...
        **kwargs,
        ^^^^^^^^^
    )
    ^
  File "C:\Users\User\env\Lib\site-packages\sqlmesh\core\engine_adapter\duckdb.py", line 188, in _create_table
    super()._create_table(
    ~~~~~~~~~~~~~~~~~~~~~^
        table_name_or_schema,
        ^^^^^^^^^^^^^^^^^^^^^
    ...<8 lines>...
        **kwargs,
        ^^^^^^^^^
    )
    ^
  File "C:\Users\User\env\Lib\site-packages\sqlmesh\core\engine_adapter\base.py", line 977, in _create_table
    self.execute(
    ~~~~~~~~~~~~^
        self._build_create_table_exp(
        ^^^^^^^^^^^^^^^^^^^^^^^^^^^^^
    ...<13 lines>...
        track_rows_processed=track_rows_processed,
        ^^^^^^^^^^^^^^^^^^^^^^^^^^^^^^^^^^^^^^^^^^
    )
    ^
  File "C:\Users\User\env\Lib\site-packages\sqlmesh\core\engine_adapter\base.py", line 2603, in execute
    self._execute(sql, track_rows_processed, **kwargs)
    ~~~~~~~~~~~~~^^^^^^^^^^^^^^^^^^^^^^^^^^^^^^^^^^^^^
  File "C:\Users\User\env\Lib\site-packages\sqlmesh\core\engine_adapter\base.py", line 2635, in _execute
    self.cursor.execute(sql, **kwargs)
    ~~~~~~~~~~~~~~~~~~~^^^^^^^^^^^^^^^
_duckdb.BinderException: Binder Error: Table "f" does not have a column named "sales_amount"

Candidate bindings: : "sale_month"

LINE 1: ... 4, 5), "last_week_sales" AS (SELECT "f"."salesperson_id", SUM("f"."sales_amount") AS "last_week_sales" FROM "sales_lakehouse...
                                                                          ^

The above exception was the direct cause of the following exception:

sqlmesh.utils.concurrency.NodeExecutionFailedError: Execution failed for node EvaluateNode(snapshot_name='"sales_lakehouse"."reports"."rep_weekly_meeting"', interval=(1768521600000, 1768608000000), batch_index=0)
2026-01-17 01:10:50,310 - MainThread - sqlmesh.core.context - INFO - Plan application failed. (context.py:1797)
Traceback (most recent call last):
  File "C:\Users\User\env\Lib\site-packages\sqlmesh\core\context.py", line 1789, in apply
    self._apply(plan, circuit_breaker)
    ~~~~~~~~~~~^^^^^^^^^^^^^^^^^^^^^^^
  File "C:\Users\User\env\Lib\site-packages\sqlmesh\core\context.py", line 2582, in _apply
    self._scheduler.create_plan_evaluator(self).evaluate(
    ~~~~~~~~~~~~~~~~~~~~~~~~~~~~~~~~~~~~~~~~~~~~~~~~~~~~^
        plan.to_evaluatable(), circuit_breaker=circuit_breaker
        ^^^^^^^^^^^^^^^^^^^^^^^^^^^^^^^^^^^^^^^^^^^^^^^^^^^^^^
    )
    ^
  File "C:\Users\User\env\Lib\site-packages\sqlmesh\core\plan\evaluator.py", line 105, in evaluate
    self._evaluate_stages(plan_stages, plan)
    ~~~~~~~~~~~~~~~~~~~~~^^^^^^^^^^^^^^^^^^^
  File "C:\Users\User\env\Lib\site-packages\sqlmesh\core\plan\evaluator.py", line 125, in _evaluate_stages
    handler(stage, plan)
    ~~~~~~~^^^^^^^^^^^^^
  File "C:\Users\User\env\Lib\site-packages\sqlmesh\core\plan\evaluator.py", line 264, in visit_backfill_stage
    raise PlanError("Plan application failed.")
sqlmesh.utils.errors.PlanError: Plan application failed.
2026-01-17 01:10:50,367 - MainThread - root - INFO - Shutting down the event dispatcher (dispatcher.py:159)
