2026-01-04 22:53:30,530 - MainThread - sqlmesh.core.config.connection - INFO - Creating new DuckDB adapter for data files: {'../data/warehouse/catalog.ducklake'} (connection.py:496)
2026-01-04 22:53:32,236 - MainThread - sqlmesh.core.config.connection - INFO - Creating new DuckDB adapter for data files: {'../data/warehouse/sqlmesh_state.db'} (connection.py:496)
2026-01-04 22:53:36,167 - MainThread - sqlmesh.core.plan.evaluator - INFO - Evaluating plan stage CreateSnapshotRecordsStage (evaluator.py:123)
2026-01-04 22:53:36,228 - MainThread - sqlmesh.core.plan.evaluator - INFO - Evaluating plan stage PhysicalLayerSchemaCreationStage (evaluator.py:123)
2026-01-04 22:53:36,232 - MainThread - sqlmesh.core.snapshot.evaluator - INFO - Creating schema 'sales_lakehouse.sqlmesh__marts' (evaluator.py:1449)
2026-01-04 22:53:36,232 - MainThread - sqlmesh.core.engine_adapter.base - INFO - Executing SQL: /* SQLMESH_PLAN: 19f78ed7fdff46adb86a8732b12ed3bf */ CREATE SCHEMA IF NOT EXISTS "sales_lakehouse"."sqlmesh__marts" (base.py:2626)
2026-01-04 22:53:37,477 - MainThread - sqlmesh.core.snapshot.evaluator - INFO - Creating schema 'sales_lakehouse.sqlmesh__seeds' (evaluator.py:1449)
2026-01-04 22:53:37,477 - MainThread - sqlmesh.core.engine_adapter.base - INFO - Executing SQL: /* SQLMESH_PLAN: 19f78ed7fdff46adb86a8732b12ed3bf */ CREATE SCHEMA IF NOT EXISTS "sales_lakehouse"."sqlmesh__seeds" (base.py:2626)
2026-01-04 22:53:37,480 - MainThread - sqlmesh.core.snapshot.evaluator - INFO - Creating schema 'sales_lakehouse.sqlmesh__reports' (evaluator.py:1449)
2026-01-04 22:53:37,480 - MainThread - sqlmesh.core.engine_adapter.base - INFO - Executing SQL: /* SQLMESH_PLAN: 19f78ed7fdff46adb86a8732b12ed3bf */ CREATE SCHEMA IF NOT EXISTS "sales_lakehouse"."sqlmesh__reports" (base.py:2626)
2026-01-04 22:53:37,483 - MainThread - sqlmesh.core.plan.evaluator - INFO - Evaluating plan stage BackfillStage (evaluator.py:123)
2026-01-04 22:53:37,490 - MainThread - sqlmesh.core.snapshot.evaluator - INFO - Listing data objects in schema sales_lakehouse.sqlmesh__marts (evaluator.py:1616)
2026-01-04 22:53:37,491 - MainThread - sqlmesh.core.engine_adapter.base - INFO - Executing SQL: /* SQLMESH_PLAN: 19f78ed7fdff46adb86a8732b12ed3bf */ SELECT CURRENT_CATALOG() (base.py:2626)
2026-01-04 22:53:37,494 - MainThread - sqlmesh.core.engine_adapter.base - INFO - Executing SQL: /* SQLMESH_PLAN: 19f78ed7fdff46adb86a8732b12ed3bf */ SELECT CURRENT_CATALOG() (base.py:2626)
2026-01-04 22:53:37,498 - MainThread - sqlmesh.core.engine_adapter.base - INFO - Executing SQL: /* SQLMESH_PLAN: 19f78ed7fdff46adb86a8732b12ed3bf */ SELECT table_name AS name, table_schema AS schema, CASE table_type WHEN 'BASE TABLE' THEN 'table' WHEN 'VIEW' THEN 'view' WHEN 'LOCAL TEMPORARY' THEN 'table' END AS type FROM system.information_schema.tables WHERE (table_catalog = 'sales_lakehouse' AND table_schema = 'sqlmesh__marts') AND table_name IN ('marts__dim_product__2996310266', 'marts__fact_sales__1374948959', 'marts__fact_targets__3198909144') (base.py:2626)
2026-01-04 22:53:37,517 - MainThread - sqlmesh.core.snapshot.evaluator - INFO - Listing data objects in schema sales_lakehouse.sqlmesh__reports (evaluator.py:1616)
2026-01-04 22:53:37,517 - MainThread - sqlmesh.core.engine_adapter.base - INFO - Executing SQL: /* SQLMESH_PLAN: 19f78ed7fdff46adb86a8732b12ed3bf */ SELECT CURRENT_CATALOG() (base.py:2626)
2026-01-04 22:53:37,520 - MainThread - sqlmesh.core.engine_adapter.base - INFO - Executing SQL: /* SQLMESH_PLAN: 19f78ed7fdff46adb86a8732b12ed3bf */ SELECT CURRENT_CATALOG() (base.py:2626)
2026-01-04 22:53:37,524 - MainThread - sqlmesh.core.engine_adapter.base - INFO - Executing SQL: /* SQLMESH_PLAN: 19f78ed7fdff46adb86a8732b12ed3bf */ SELECT table_name AS name, table_schema AS schema, CASE table_type WHEN 'BASE TABLE' THEN 'table' WHEN 'VIEW' THEN 'view' WHEN 'LOCAL TEMPORARY' THEN 'table' END AS type FROM system.information_schema.tables WHERE (table_catalog = 'sales_lakehouse' AND table_schema = 'sqlmesh__reports') AND table_name IN ('reports__rep_target_attainment__2149850333', 'reports__rep_top_products__1974261011', 'reports__rep_weekly_meeting__3827566847') (base.py:2626)
2026-01-04 22:53:37,532 - MainThread - sqlmesh.core.snapshot.evaluator - INFO - Evaluating snapshot SnapshotId<"sales_lakehouse"."marts"."dim_product": 3388872308> (evaluator.py:711)
2026-01-04 22:53:37,532 - MainThread - sqlmesh.core.snapshot.evaluator - INFO - Inserting data for snapshot SnapshotId<"sales_lakehouse"."marts"."dim_product": 3388872308> (evaluator.py:952)
2026-01-04 22:53:37,560 - MainThread - sqlmesh.core.snapshot.evaluator - INFO - Inserting batch (2024-01-01 00:00:00, 2026-01-04 00:00:00) into sales_lakehouse.sqlmesh__marts.marts__dim_product__2996310266' (evaluator.py:984)
2026-01-04 22:53:37,561 - MainThread - sqlmesh.core.engine_adapter.base - INFO - Executing SQL: /* SQLMESH_PLAN: 19f78ed7fdff46adb86a8732b12ed3bf */ DESCRIBE "sales_lakehouse"."sqlmesh__marts"."marts__dim_product__2996310266" (base.py:2626)
2026-01-04 22:53:37,578 - MainThread - sqlmesh.core.engine_adapter.base - INFO - Executing SQL: /* SQLMESH_PLAN: 19f78ed7fdff46adb86a8732b12ed3bf */ SELECT CURRENT_CATALOG() (base.py:2626)
2026-01-04 22:53:37,581 - MainThread - sqlmesh.core.engine_adapter.base - INFO - Executing SQL: /* SQLMESH_PLAN: 19f78ed7fdff46adb86a8732b12ed3bf */ SELECT type FROM DUCKDB_DATABASES() WHERE database_name = 'sales_lakehouse' (base.py:2626)
2026-01-04 22:53:37,590 - MainThread - sqlmesh.core.engine_adapter.base - INFO - Executing SQL: /* SQLMESH_PLAN: 19f78ed7fdff46adb86a8732b12ed3bf */ CREATE OR REPLACE TABLE "sales_lakehouse"."sqlmesh__marts"."marts__dim_product__2996310266" AS WITH "source_data" AS (SELECT TRIM(UPPER("products_data"."sku")) AS "sku", TRIM("products_data"."product_name") AS "product_name", TRIM("products_data"."product_category") AS "product_category", TRIM("products_data"."product_subcategory") AS "product_subcategory", TRY_CAST(NULLIF("products_data"."unit_price", 0) AS DECIMAL(10, 2)) AS "unit_price", TRY_CAST(NULLIF("products_data"."unit_weight", 0) AS DECIMAL(10, 3)) AS "unit_weight_kg", CASE WHEN LOWER(TRIM("products_data"."is_innovation")) IN ('true', 'yes', '1', 'oui') THEN TRUE ELSE FALSE END AS "is_innovation_product" FROM "sales_lakehouse"."sqlmesh__seeds"."seeds__products_data__865533224" AS "products_data" WHERE NOT TRIM("products_data"."sku") IS NULL AND TRIM("products_data"."sku") <> ''), "changes_detected" AS (SELECT "s"."sku" AS "sku", "s"."product_name" AS "product_name", "s"."product_category" AS "product_category", "s"."product_subcategory" AS "product_subcategory", "s"."unit_price" AS "unit_price", "s"."unit_weight_kg" AS "unit_weight_kg", "s"."is_innovation_product" AS "is_innovation_product", CAST(MD5(CONCAT(COALESCE(CAST("s"."unit_price" AS TEXT), 'NULL'), '|', COALESCE(CAST("s"."unit_weight_kg" AS TEXT), 'NULL'))) AS TEXT) AS "attribute_hash", COALESCE((SELECT MIN(TRY_CAST("sales_data"."date" AS DATE)) AS "_col_0" FROM "sales_lakehouse"."sqlmesh__seeds"."seeds__sales_data__467525904" AS "sales_data"), CAST('2024-01-01' AS DATE)) AS "effective_date" FROM "source_data" AS "s"), "scd_records" AS (SELECT CAST(MD5(CONCAT("changes_detected"."sku", '|', "changes_detected"."attribute_hash")) AS TEXT) AS "product_key", "changes_detected"."sku" AS "sku", "changes_detected"."product_name" AS "product_name", "changes_detected"."product_category" AS "product_category", "changes_detected"."product_subcategory" AS "product_subcategory", "changes_detected"."is_innovation_product" AS "is_innovation_product", "changes_detected"."unit_price" AS "current_unit_price", "changes_detected"."unit_weight_kg" AS "current_unit_weight_kg", "changes_detected"."effective_date" AS "effective_date", NULL AS "expiration_date", TRUE AS "is_current_version", "changes_detected"."attribute_hash" AS "version_hash", CURRENT_TIMESTAMP AS "loaded_at" FROM "changes_detected" AS "changes_detected") SELECT "scd_records"."product_key" AS "product_key", "scd_records"."sku" AS "sku", "scd_records"."product_name" AS "product_name", "scd_records"."product_category" AS "product_category", "scd_records"."product_subcategory" AS "product_subcategory", "scd_records"."is_innovation_product" AS "is_innovation_product", "scd_records"."current_unit_price" AS "current_unit_price", "scd_records"."current_unit_weight_kg" AS "current_unit_weight_kg", "scd_records"."effective_date" AS "effective_date", "scd_records"."expiration_date" AS "expiration_date", "scd_records"."is_current_version" AS "is_current_version", "scd_records"."version_hash" AS "version_hash", "scd_records"."loaded_at" AS "loaded_at" FROM "scd_records" AS "scd_records" (base.py:2626)
2026-01-04 22:53:37,665 - MainThread - sqlmesh.core.engine_adapter.base - INFO - Executing SQL: /* SQLMESH_PLAN: 19f78ed7fdff46adb86a8732b12ed3bf */ COMMENT ON TABLE "sales_lakehouse"."sqlmesh__marts"."marts__dim_product__2996310266" IS 'Product master data with historical tracking of price and weight changes' (base.py:2626)
2026-01-04 22:53:37,709 - MainThread - sqlmesh.core.state_sync.db.facade - INFO - Adding interval (2024-01-01 00:00:00, 2026-01-04 00:00:00) for snapshot SnapshotId<"sales_lakehouse"."marts"."dim_product": 3388872308> (facade.py:637)
2026-01-04 22:53:37,715 - MainThread - sqlmesh.core.state_sync.db.interval - INFO - Pushing intervals for snapshot SnapshotId<"sales_lakehouse"."marts"."dim_product": 3388872308> (interval.py:215)
2026-01-04 22:53:37,749 - MainThread - sqlmesh.core.snapshot.evaluator - INFO - Evaluating snapshot SnapshotId<"sales_lakehouse"."marts"."fact_targets": 949189613> (evaluator.py:711)
2026-01-04 22:53:37,750 - MainThread - sqlmesh.core.snapshot.evaluator - INFO - Inserting data for snapshot SnapshotId<"sales_lakehouse"."marts"."fact_targets": 949189613> (evaluator.py:952)
2026-01-04 22:53:37,882 - MainThread - sqlmesh.core.snapshot.evaluator - INFO - Inserting batch (2024-01-01 00:00:00, 2026-01-04 00:00:00) into sales_lakehouse.sqlmesh__marts.marts__fact_targets__3198909144' (evaluator.py:984)
2026-01-04 22:53:37,888 - MainThread - sqlmesh.core.engine_adapter.base - INFO - Executing SQL: /* SQLMESH_PLAN: 19f78ed7fdff46adb86a8732b12ed3bf */ SELECT CURRENT_CATALOG() (base.py:2626)
2026-01-04 22:53:37,918 - MainThread - sqlmesh.core.engine_adapter.base - INFO - Executing SQL: /* SQLMESH_PLAN: 19f78ed7fdff46adb86a8732b12ed3bf */ SELECT type FROM DUCKDB_DATABASES() WHERE database_name = 'sales_lakehouse' (base.py:2626)
2026-01-04 22:53:37,927 - MainThread - sqlmesh.core.engine_adapter.base - INFO - Executing SQL: /* SQLMESH_PLAN: 19f78ed7fdff46adb86a8732b12ed3bf */ CREATE OR REPLACE TABLE "sales_lakehouse"."sqlmesh__marts"."marts__fact_targets__3198909144" AS WITH "cleaned_targets" AS (SELECT "targets_data"."target_line_id" AS "target_line_id", CASE WHEN "targets_data"."month_year" LIKE '%-%' AND LENGTH("targets_data"."month_year") <= 8 THEN TRY_CAST(CONCAT(RIGHT("targets_data"."month_year", 4), '-', CASE WHEN SUBSTRING("targets_data"."month_year", 1, 3) = 'Jan' THEN '01' WHEN SUBSTRING("targets_data"."month_year", 1, 3) = 'Feb' THEN '02' WHEN SUBSTRING("targets_data"."month_year", 1, 3) = 'Mar' THEN '03' WHEN SUBSTRING("targets_data"."month_year", 1, 3) = 'Apr' THEN '04' WHEN SUBSTRING("targets_data"."month_year", 1, 3) = 'May' THEN '05' WHEN SUBSTRING("targets_data"."month_year", 1, 3) = 'Jun' THEN '06' WHEN SUBSTRING("targets_data"."month_year", 1, 3) = 'Jul' THEN '07' WHEN SUBSTRING("targets_data"."month_year", 1, 3) = 'Aug' THEN '08' WHEN SUBSTRING("targets_data"."month_year", 1, 3) = 'Sep' THEN '09' WHEN SUBSTRING("targets_data"."month_year", 1, 3) = 'Oct' THEN '10' WHEN SUBSTRING("targets_data"."month_year", 1, 3) = 'Nov' THEN '11' WHEN SUBSTRING("targets_data"."month_year", 1, 3) = 'Dec' THEN '12' END, '-01') AS DATE) ELSE TRY_CAST(CONCAT("targets_data"."month_year", '-01') AS DATE) END AS "target_month", TRIM("targets_data"."salesperson_id") AS "salesperson_id", TRIM("targets_data"."product_category") AS "product_category", TRY_CAST(NULLIF("targets_data"."target_amount", 0) AS DECIMAL(12, 2)) AS "target_amount" FROM "sales_lakehouse"."sqlmesh__seeds"."seeds__targets_data__1262756407" AS "targets_data" WHERE NOT TRIM("targets_data"."product_category") IS NULL AND NOT TRIM("targets_data"."salesperson_id") IS NULL) SELECT CAST("target_line_id" AS TEXT) AS "target_line_id", CAST("date_key" AS INT) AS "date_key", CAST("target_month" AS DATE) AS "target_month", CAST("target_year" AS INT) AS "target_year", CAST("target_month_num" AS INT) AS "target_month_num", CAST("salesperson_key" AS TEXT) AS "salesperson_key", CAST("salesperson_id" AS TEXT) AS "salesperson_id", CAST("product_category" AS TEXT) AS "product_category", CAST("target_amount" AS DECIMAL(12, 2)) AS "target_amount", CAST("salesperson_name" AS TEXT) AS "salesperson_name", CAST("region" AS TEXT) AS "region", CAST("subregion" AS TEXT) AS "subregion", CAST("sales_channel" AS TEXT) AS "sales_channel" FROM (SELECT "t"."target_line_id" AS "target_line_id", CAST(STRFTIME("t"."target_month", '%Y%m%d') AS INT) AS "date_key", "t"."target_month" AS "target_month", EXTRACT(YEAR FROM "t"."target_month") AS "target_year", EXTRACT(MONTH FROM "t"."target_month") AS "target_month_num", "sp"."salesperson_key" AS "salesperson_key", "t"."salesperson_id" AS "salesperson_id", "t"."product_category" AS "product_category", "t"."target_amount" AS "target_amount", "sp"."salesperson_name" AS "salesperson_name", "sp"."region" AS "region", "sp"."subregion" AS "subregion", "sp"."sales_channel" AS "sales_channel" FROM "cleaned_targets" AS "t" LEFT JOIN "sales_lakehouse"."sqlmesh__marts"."marts__dim_salesperson__1968249609" AS "sp" ON "sp"."effective_date_key" <= CAST(STRFTIME("t"."target_month", '%Y%m%d') AS INT) AND "sp"."expiration_date_key" > CAST(STRFTIME("t"."target_month", '%Y%m%d') AS INT) AND "sp"."salesperson_id" = "t"."salesperson_id") AS "_subquery" (base.py:2626)
2026-01-04 22:53:37,971 - MainThread - sqlmesh.core.engine_adapter.base - INFO - Executing SQL: /* SQLMESH_PLAN: 19f78ed7fdff46adb86a8732b12ed3bf */ ALTER TABLE "sales_lakehouse"."sqlmesh__marts"."marts__fact_targets__3198909144" SET PARTITIONED BY ("target_year"); (base.py:2626)
2026-01-04 22:53:38,025 - MainThread - sqlmesh.core.engine_adapter.base - INFO - Executing SQL: /* SQLMESH_PLAN: 19f78ed7fdff46adb86a8732b12ed3bf */ COMMENT ON TABLE "sales_lakehouse"."sqlmesh__marts"."marts__fact_targets__3198909144" IS 'Monthly sales targets by salesperson and product category' (base.py:2626)
2026-01-04 22:53:38,054 - MainThread - sqlmesh.core.engine_adapter.base - INFO - Executing SQL: /* SQLMESH_PLAN: 19f78ed7fdff46adb86a8732b12ed3bf */ COMMENT ON COLUMN "sales_lakehouse"."sqlmesh__marts"."marts__fact_targets__3198909144"."target_line_id" IS 'Primary key' (base.py:2626)
2026-01-04 22:53:38,082 - MainThread - sqlmesh.core.engine_adapter.base - INFO - Executing SQL: /* SQLMESH_PLAN: 19f78ed7fdff46adb86a8732b12ed3bf */ COMMENT ON COLUMN "sales_lakehouse"."sqlmesh__marts"."marts__fact_targets__3198909144"."date_key" IS 'Date dimension FK' (base.py:2626)
2026-01-04 22:53:38,118 - MainThread - sqlmesh.core.engine_adapter.base - INFO - Executing SQL: /* SQLMESH_PLAN: 19f78ed7fdff46adb86a8732b12ed3bf */ COMMENT ON COLUMN "sales_lakehouse"."sqlmesh__marts"."marts__fact_targets__3198909144"."salesperson_key" IS 'Salesperson dimension FK (join to current version)' (base.py:2626)
2026-01-04 22:53:38,154 - MainThread - sqlmesh.core.engine_adapter.base - INFO - Executing SQL: /* SQLMESH_PLAN: 19f78ed7fdff46adb86a8732b12ed3bf */ COMMENT ON COLUMN "sales_lakehouse"."sqlmesh__marts"."marts__fact_targets__3198909144"."product_category" IS 'Product category (denormalized)' (base.py:2626)
2026-01-04 22:53:38,185 - MainThread - sqlmesh.core.engine_adapter.base - INFO - Executing SQL: /* SQLMESH_PLAN: 19f78ed7fdff46adb86a8732b12ed3bf */ COMMENT ON COLUMN "sales_lakehouse"."sqlmesh__marts"."marts__fact_targets__3198909144"."target_amount" IS 'MEASURES' (base.py:2626)
2026-01-04 22:53:38,218 - MainThread - sqlmesh.core.engine_adapter.base - INFO - Executing SQL: /* SQLMESH_PLAN: 19f78ed7fdff46adb86a8732b12ed3bf */ COMMENT ON COLUMN "sales_lakehouse"."sqlmesh__marts"."marts__fact_targets__3198909144"."salesperson_name" IS 'Context from salesperson dimension' (base.py:2626)
2026-01-04 22:53:38,253 - MainThread - sqlmesh.core.state_sync.db.facade - INFO - Adding interval (2024-01-01 00:00:00, 2026-01-04 00:00:00) for snapshot SnapshotId<"sales_lakehouse"."marts"."fact_targets": 949189613> (facade.py:637)
2026-01-04 22:53:38,253 - MainThread - sqlmesh.core.state_sync.db.interval - INFO - Pushing intervals for snapshot SnapshotId<"sales_lakehouse"."marts"."fact_targets": 949189613> (interval.py:215)
2026-01-04 22:53:38,276 - MainThread - sqlmesh.core.snapshot.evaluator - INFO - Creating a physical table for snapshot SnapshotId<"sales_lakehouse"."marts"."fact_sales": 662342792> (evaluator.py:870)
2026-01-04 22:53:38,355 - MainThread - sqlmesh.core.snapshot.evaluator - INFO - Creating table 'sales_lakehouse.sqlmesh__marts.marts__fact_sales__1374948959' (evaluator.py:2042)
2026-01-04 22:53:38,356 - MainThread - sqlmesh.core.engine_adapter.base - INFO - Executing SQL: /* SQLMESH_PLAN: 19f78ed7fdff46adb86a8732b12ed3bf */ SELECT CURRENT_CATALOG() (base.py:2626)
2026-01-04 22:53:38,385 - MainThread - sqlmesh.core.engine_adapter.base - INFO - Executing SQL: /* SQLMESH_PLAN: 19f78ed7fdff46adb86a8732b12ed3bf */ SELECT type FROM DUCKDB_DATABASES() WHERE database_name = 'sales_lakehouse' (base.py:2626)
2026-01-04 22:53:38,397 - MainThread - sqlmesh.core.engine_adapter.base - INFO - Executing SQL: /* SQLMESH_PLAN: 19f78ed7fdff46adb86a8732b12ed3bf */ CREATE TABLE IF NOT EXISTS "sales_lakehouse"."sqlmesh__marts"."marts__fact_sales__1374948959" AS WITH "cleaned_sales" AS (SELECT "sales_line_id", TRY_CAST("date" AS DATE) AS "sale_date", TRIM(UPPER("sku")) AS "sku", TRIM("salesperson") AS "salesperson_name", TRIM("sd destocke") AS "client_id", TRIM(COALESCE("subregion", "filename_subregion")) AS "subregion", TRIM("region") AS "region", TRIM("city") AS "city", TRIM("localisation") AS "location", TRY_CAST(NULLIF("qty", 0) AS DECIMAL(10, 2)) AS "quantity", TRY_CAST(NULLIF("unit_price", 0) AS DECIMAL(10, 2)) AS "unit_price", TRY_CAST(NULLIF("amount", 0) AS DECIMAL(12, 2)) AS "sales_amount", TRIM("product_name") AS "product_name_on_invoice", TRIM("channel") AS "sales_channel" FROM "sales_lakehouse"."sqlmesh__seeds"."seeds__sales_data__467525904" AS "sales_data" WHERE (NOT TRY_CAST("date" AS DATE) IS NULL AND TRY_CAST("date" AS DATE) >= CAST('1970-01-01' AS DATE) AND TRY_CAST("date" AS DATE) < CAST('1970-01-01' AS DATE) AND NOT TRIM("sku") IS NULL) AND FALSE) SELECT "s"."sales_line_id" AS "sales_line_id", CAST(STRFTIME("s"."sale_date", '%Y%m%d') AS INT) AS "date_key", "s"."sale_date" AS "sale_date", EXTRACT(YEAR FROM "s"."sale_date") AS "sale_year", EXTRACT(MONTH FROM "s"."sale_date") AS "sale_month", COALESCE("p"."product_key", CAST(MD5("s"."sku") AS TEXT)) AS "product_key", "s"."sku" AS "sku", "sp"."salesperson_key" AS "salesperson_key", "sp"."salesperson_id" AS "salesperson_id", COALESCE("c"."client_key", CAST(MD5("s"."client_id") AS TEXT)) AS "client_key", "s"."client_id" AS "client_id", "s"."region" AS "region", "s"."subregion" AS "subregion", "s"."city" AS "city", "s"."quantity" AS "quantity", "s"."unit_price" AS "unit_price", COALESCE("s"."sales_amount", "s"."quantity" * "s"."unit_price") AS "sales_amount", "s"."quantity" * COALESCE("p"."current_unit_weight_kg", 0) AS "total_weight_kg", CASE WHEN "p"."current_unit_price" > 0 AND "s"."unit_price" > 0 THEN ROUND((("s"."unit_price" - "p"."current_unit_price") / "p"."current_unit_price") * 100, 2) ELSE 0 END AS "price_variance_pct", "s"."product_name_on_invoice" AS "product_name_on_invoice", "s"."sales_channel" AS "sales_channel", "s"."location" AS "location", CASE WHEN "s"."quantity" > 0 AND "s"."sales_amount" > 0 AND NOT "p"."product_key" IS NULL AND NOT "sp"."salesperson_key" IS NULL THEN 100 WHEN "s"."quantity" > 0 AND "s"."sales_amount" > 0 THEN 75 ELSE 50 END AS "data_quality_score" FROM "cleaned_sales" AS "s" LEFT JOIN "sales_lakehouse"."sqlmesh__marts"."marts__dim_product__2996310266" AS "p" ON "s"."sku" = "p"."sku" AND "s"."sale_date" >= "p"."effective_date" AND ("s"."sale_date" < "p"."expiration_date" OR "p"."expiration_date" IS NULL) LEFT JOIN "sales_lakehouse"."sqlmesh__marts"."marts__dim_salesperson__1968249609" AS "sp" ON "s"."salesperson_name" = "sp"."salesperson_name" AND CAST(STRFTIME("s"."sale_date", '%Y%m%d') AS INT) >= "sp"."effective_date_key" AND CAST(STRFTIME("s"."sale_date", '%Y%m%d') AS INT) < "sp"."expiration_date_key" LEFT JOIN "sales_lakehouse"."sqlmesh__marts"."marts__dim_client__3238421810" AS "c" ON "s"."client_id" = "c"."client_id" WHERE FALSE LIMIT 0 (base.py:2626)
2026-01-04 22:53:38,411 - MainThread - sqlmesh.core.scheduler - INFO - SKIPPED snapshot "sales_lakehouse"."marts"."fact_sales"
 (scheduler.py:613)
2026-01-04 22:53:38,411 - MainThread - sqlmesh.core.scheduler - INFO - SKIPPED snapshot "sales_lakehouse"."reports"."rep_weekly_meeting"
 (scheduler.py:613)
2026-01-04 22:53:38,411 - MainThread - sqlmesh.core.scheduler - INFO - SKIPPED snapshot "sales_lakehouse"."reports"."rep_top_products"
 (scheduler.py:613)
2026-01-04 22:53:38,411 - MainThread - sqlmesh.core.scheduler - INFO - SKIPPED snapshot "sales_lakehouse"."reports"."rep_target_attainment"
 (scheduler.py:613)
2026-01-04 22:53:38,411 - MainThread - sqlmesh.core.scheduler - INFO - Execution failed for node CreateNode(snapshot_name='"sales_lakehouse"."marts"."fact_sales"') (scheduler.py:618)
Traceback (most recent call last):
  File "C:\Users\User\env\Lib\site-packages\sqlmesh\utils\concurrency.py", line 234, in sequential_apply_to_dag
    fn(node)
    ~~^^^^^^
  File "C:\Users\User\env\Lib\site-packages\sqlmesh\core\scheduler.py", line 590, in run_node
    self.snapshot_evaluator.create_snapshot(
    ~~~~~~~~~~~~~~~~~~~~~~~~~~~~~~~~~~~~~~~^
        snapshot=snapshot,
        ^^^^^^^^^^^^^^^^^^
    ...<3 lines>...
        allow_additive_snapshots=allow_additive_snapshots or set(),
        ^^^^^^^^^^^^^^^^^^^^^^^^^^^^^^^^^^^^^^^^^^^^^^^^^^^^^^^^^^^
    )
    ^
  File "C:\Users\User\env\Lib\site-packages\sqlmesh\core\snapshot\evaluator.py", line 906, in create_snapshot
    self._execute_create(
    ~~~~~~~~~~~~~~~~~~~~^
        snapshot=snapshot,
        ^^^^^^^^^^^^^^^^^^
    ...<5 lines>...
        dry_run=True,
        ^^^^^^^^^^^^^
    )
    ^
  File "C:\Users\User\env\Lib\site-packages\sqlmesh\core\snapshot\evaluator.py", line 1496, in _execute_create
    evaluation_strategy.create(
    ~~~~~~~~~~~~~~~~~~~~~~~~~~^
        table_name=table_name,
        ^^^^^^^^^^^^^^^^^^^^^^
    ...<9 lines>...
        deployability_index=deployability_index,
        ^^^^^^^^^^^^^^^^^^^^^^^^^^^^^^^^^^^^^^^^
    )
    ^
  File "C:\Users\User\env\Lib\site-packages\sqlmesh\core\snapshot\evaluator.py", line 2067, in create
    self.adapter.ctas(
    ~~~~~~~~~~~~~~~~~^
        table_name,
        ^^^^^^^^^^^
    ...<9 lines>...
        column_descriptions=model.column_descriptions if is_table_deployable else None,
        ^^^^^^^^^^^^^^^^^^^^^^^^^^^^^^^^^^^^^^^^^^^^^^^^^^^^^^^^^^^^^^^^^^^^^^^^^^^^^^^
    )
    ^
  File "C:\Users\User\env\Lib\site-packages\sqlmesh\core\engine_adapter\shared.py", line 318, in internal_wrapper
    return func(*list_args, **kwargs)
  File "C:\Users\User\env\Lib\site-packages\sqlmesh\core\engine_adapter\base.py", line 708, in ctas
    return self._create_table_from_source_queries(
           ~~~~~~~~~~~~~~~~~~~~~~~~~~~~~~~~~~~~~~^
        table_name,
        ^^^^^^^^^^^
    ...<5 lines>...
        **kwargs,
        ^^^^^^^^^
    )
    ^
  File "C:\Users\User\env\Lib\site-packages\sqlmesh\core\engine_adapter\base.py", line 934, in _create_table_from_source_queries
    self._create_table(
    ~~~~~~~~~~~~~~~~~~^
        schema if schema else table,
        ^^^^^^^^^^^^^^^^^^^^^^^^^^^^
    ...<7 lines>...
        **kwargs,
        ^^^^^^^^^
    )
    ^
  File "C:\Users\User\env\Lib\site-packages\sqlmesh\core\engine_adapter\duckdb.py", line 188, in _create_table
    super()._create_table(
    ~~~~~~~~~~~~~~~~~~~~~^
        table_name_or_schema,
        ^^^^^^^^^^^^^^^^^^^^^
    ...<8 lines>...
        **kwargs,
        ^^^^^^^^^
    )
    ^
  File "C:\Users\User\env\Lib\site-packages\sqlmesh\core\engine_adapter\base.py", line 977, in _create_table
    self.execute(
    ~~~~~~~~~~~~^
        self._build_create_table_exp(
        ^^^^^^^^^^^^^^^^^^^^^^^^^^^^^
    ...<13 lines>...
        track_rows_processed=track_rows_processed,
        ^^^^^^^^^^^^^^^^^^^^^^^^^^^^^^^^^^^^^^^^^^
    )
    ^
  File "C:\Users\User\env\Lib\site-packages\sqlmesh\core\engine_adapter\base.py", line 2603, in execute
    self._execute(sql, track_rows_processed, **kwargs)
    ~~~~~~~~~~~~~^^^^^^^^^^^^^^^^^^^^^^^^^^^^^^^^^^^^^
  File "C:\Users\User\env\Lib\site-packages\sqlmesh\core\engine_adapter\base.py", line 2635, in _execute
    self.cursor.execute(sql, **kwargs)
    ~~~~~~~~~~~~~~~~~~~^^^^^^^^^^^^^^^
_duckdb.BinderException: Binder Error: Column "region" referenced that exists in the SELECT clause - but this column cannot be referenced before it is defined

The above exception was the direct cause of the following exception:

sqlmesh.utils.concurrency.NodeExecutionFailedError: Execution failed for node CreateNode(snapshot_name='"sales_lakehouse"."marts"."fact_sales"')
2026-01-04 22:53:38,426 - MainThread - sqlmesh.core.context - INFO - Plan application failed. (context.py:1797)
Traceback (most recent call last):
  File "C:\Users\User\env\Lib\site-packages\sqlmesh\core\context.py", line 1789, in apply
    self._apply(plan, circuit_breaker)
    ~~~~~~~~~~~^^^^^^^^^^^^^^^^^^^^^^^
  File "C:\Users\User\env\Lib\site-packages\sqlmesh\core\context.py", line 2582, in _apply
    self._scheduler.create_plan_evaluator(self).evaluate(
    ~~~~~~~~~~~~~~~~~~~~~~~~~~~~~~~~~~~~~~~~~~~~~~~~~~~~^
        plan.to_evaluatable(), circuit_breaker=circuit_breaker
        ^^^^^^^^^^^^^^^^^^^^^^^^^^^^^^^^^^^^^^^^^^^^^^^^^^^^^^
    )
    ^
  File "C:\Users\User\env\Lib\site-packages\sqlmesh\core\plan\evaluator.py", line 105, in evaluate
    self._evaluate_stages(plan_stages, plan)
    ~~~~~~~~~~~~~~~~~~~~~^^^^^^^^^^^^^^^^^^^
  File "C:\Users\User\env\Lib\site-packages\sqlmesh\core\plan\evaluator.py", line 125, in _evaluate_stages
    handler(stage, plan)
    ~~~~~~~^^^^^^^^^^^^^
  File "C:\Users\User\env\Lib\site-packages\sqlmesh\core\plan\evaluator.py", line 264, in visit_backfill_stage
    raise PlanError("Plan application failed.")
sqlmesh.utils.errors.PlanError: Plan application failed.
2026-01-04 22:53:38,600 - MainThread - root - INFO - Shutting down the event dispatcher (dispatcher.py:159)
